11-03 11:33:29.942  4520  4520 I Finsky  : [1] com.google.android.vending.verifier.PackageVerificationReceiver.onReceive(2101): Skipping verification because own installation
11-03 11:33:29.967   867   892 W PackageParser: No actions in intent filter at /data/app/vmdl695467850.tmp/base.apk Binary XML file line #275
11-03 11:33:29.986   867   892 I PackageManager.DexOptimizer: Running dexopt (dex2oat) on: /data/app/vmdl695467850.tmp/base.apk pkg=com.google.android.gm isa=arm64 vmSafeMode=false debuggable=false target-filter=interpret-only oatDir = /data/app/vmdl695467850.tmp/oat sharedLibraries=null
11-03 11:33:30.025  8569  8569 I dex2oat : /system/bin/dex2oat --compiler-filter=interpret-only -j4
11-03 11:33:31.012  4520  4588 I Finsky  : [178] com.google.android.finsky.c.e.run(2152): Replicating app states via AMAS.
11-03 11:33:32.304  4520  4520 I Finsky  : [1] com.google.android.finsky.c.c.a(314): Completed 1 account content syncs with 1 successful.
11-03 11:33:32.305  4520  4520 I Finsky  : [1] com.google.android.finsky.services.j.a(148): Installation state replication succeeded.
11-03 11:33:32.536  8569  8569 I dex2oat : dex2oat took 2.511s (threads: 4) arena alloc=336KB (344704B) java alloc=18MB (19161704B) native alloc=10MB (11164872B) free=2MB (2335544B)
11-03 11:33:32.557   867   880 I ActivityManager: Force stopping com.google.android.gm appid=10069 user=-1: installPackageLI
11-03 11:33:32.570   867   892 W PackageManager: Trying to update system app code path from /data/app/com.google.android.gm-2 to /data/app/com.google.android.gm-1
11-03 11:33:32.571   867   892 W PackageManager: Code path for com.google.android.gm changing from /data/app/com.google.android.gm-2 to /data/app/com.google.android.gm-1
11-03 11:33:32.571   867   892 W PackageManager: Resource path for com.google.android.gm changing from /data/app/com.google.android.gm-2 to /data/app/com.google.android.gm-1
11-03 11:33:32.573   867   892 W PackageManager: Permission com.google.android.gm.email.permission.READ_ATTACHMENT from package com.google.android.gm in an unknown group android.permission-group.MESSAGES
11-03 11:33:32.573   867   892 W PackageManager: Permission com.google.android.gm.permission.READ_GMAIL from package com.google.android.gm in an unknown group android.permission-group.MESSAGES
11-03 11:33:32.573   867   892 W PackageManager: Permission com.google.android.gm.permission.WRITE_GMAIL from package com.google.android.gm in an unknown group android.permission-group.MESSAGES
11-03 11:33:32.573   867   892 W PackageManager: Permission com.google.android.gm.permission.AUTO_SEND from package com.google.android.gm in an unknown group android.permission-group.MESSAGES
11-03 11:33:32.573   867   892 W PackageManager: Permission com.google.android.gm.permission.READ_CONTENT_PROVIDER from package com.google.android.gm in an unknown group android.permission-group.MESSAGES
11-03 11:33:32.697   867   892 W PackageManager: Unknown permission com.google.android.email.permission.ACCESS_PROVIDER in package com.google.android.gm
11-03 11:33:32.697   867   892 W PackageManager: Unknown permission com.google.android.gm.exchange.BIND in package com.google.android.gm
11-03 11:33:32.697   867   892 W PackageManager: Unknown permission com.android.email.partnerprovider.PARTNER_PROVIDER in package com.google.android.gm
11-03 11:33:32.789   511   511 W cutils  : Expected path /data/data/com.google.android.gm with mode 700 but found 751
11-03 11:33:32.820   867   892 I art     : Starting a blocking GC Explicit
11-03 11:33:32.947   867   892 I art     : Explicit concurrent mark sweep GC freed 81645(4MB) AllocSpace objects, 13(308KB) LOS objects, 33% free, 18MB/27MB, paused 1.807ms total 126.269ms
11-03 11:33:32.967   511   511 E         : Couldn't opendir /data/app/vmdl695467850.tmp: No such file or directory
11-03 11:33:32.970   867   892 I ActivityManager: Force stopping com.google.android.gm appid=10069 user=0: pkg removed
11-03 11:33:32.980  3142  3142 D BluetoothMapAppObserver: onReceive
11-03 11:33:32.981  3142  3142 D BluetoothMapAppObserver: The removed package is: com.google.android.gm
11-03 11:33:32.984  4520  4520 I Finsky  : [1] com.google.android.finsky.installer.aq.a(2292): Successful install of com.google.android.gm
11-03 11:33:32.988  3142  3142 D BluetoothMapAppObserver: onReceive
11-03 11:33:32.988  3142  3142 D BluetoothMapAppObserver: The installed package is: com.google.android.gm
11-03 11:33:32.994   867  3007 I InputReader: Reconfiguring input devices.  changes=0x00000010
11-03 11:33:32.995  3142  3142 D BluetoothMapAppObserver: Found 0 application(s) with intent android.bluetooth.action.BLUETOOTH_MAP_PROVIDER
11-03 11:33:32.996  3142  3142 D BluetoothMapAppObserver: Found 0 application(s) with intent android.bluetooth.action.BLUETOOTH_MAP_IM_PROVIDER
11-03 11:33:32.997   867  3007 I InputReader: Reconfiguring input devices.  changes=0x00000010
11-03 11:33:33.004  6737  6737 W ContextImpl: Calling a method in the system process without a qualified user: android.app.ContextImpl.startService:1385 android.content.ContextWrapper.startService:613 android.content.ContextWrapper.startService:613 com.android.keychain.KeyChainBroadcastReceiver.onReceive:12 android.app.ActivityThread.handleReceiver:3011 
11-03 11:33:33.024   867  3007 I InputReader: Reconfiguring input devices.  changes=0x00000010
11-03 11:33:33.095   867  7290 I ActivityManager: Start proc 8584:com.google.android.gm/u0a69 for content provider com.google.android.gm/com.android.exchange.provider.ExchangeDirectoryProvider
11-03 11:33:33.096  3940  3940 D RegisteredNfcFServicesCache: Service unchanged, not updating
11-03 11:33:33.098  4520  4520 I Finsky  : [1] com.google.android.finsky.wear.WearSupportService.a(299): Wear auto install disabled for package com.google.android.gm
11-03 11:33:33.110  3341  3341 D CarrierSvcBindHelper: No carrier app for: 0
11-03 11:33:33.110  3341  3341 D CarrierSvcBindHelper: No carrier app for: 0
11-03 11:33:33.110  3341  3341 D CarrierConfigLoader: mHandler: 9 phoneId: 0
11-03 11:33:33.115  4520  4520 I Finsky  : [1] com.google.android.finsky.installer.z.a(1314): Installer kick - starting com.google.android.calendar
11-03 11:33:33.117  4520  8376 I Finsky  : [223] com.google.android.finsky.installer.av.doInBackground(11113): File-by-File compatibility check result: true
11-03 11:33:33.147  8584  8584 W System  : ClassLoader referenced unknown path: /data/app/com.google.android.gm-1/lib/arm64
11-03 11:33:33.163   867   867 V NotificationService: pkg=com.android.vending canInterrupt=false intercept=true
11-03 11:33:33.168  7100  7133 I chatty  : uid=10013 com.google.android.gms.persistent expire 3 lines
11-03 11:33:33.171  7153  7338 I chatty  : uid=10013(com.google.android.gms) expire 1 line
11-03 11:33:33.300  4520  4520 I Finsky  : [1] com.google.android.finsky.utils.PermissionPolicies$PermissionPolicyService.onStartCommand(115): post-install permissions check for com.google.android.gm
11-03 11:33:33.331  7100  7100 I chatty  : uid=10013 com.google.android.gms.persistent expire 1 line
11-03 11:33:33.338  4520  4520 E Finsky  : [1] com.google.android.finsky.wear.bo.a(836): onConnectionFailed: ConnectionResult{statusCode=API_UNAVAILABLE, resolution=null, message=null}
11-03 11:33:33.339  4520  4520 I Finsky  : [1] com.google.android.finsky.wear.an.run(2394): Dropping command=send_installed_apps due to Gms not connected
11-03 11:33:33.544  8584  8584 W EasBundling: in EasBundling.init, isBundlingEnabled=true
11-03 11:33:33.553  6897  8612 I UpdateIcingCorporaServi: Updating corpora: APPS=com.google.android.gm, CONTACTS=MAYBE
11-03 11:33:33.609   867  5136 I BroadcastQueue: Delay finish: com.android.musicfx/.Compatibility$Receiver
11-03 11:33:33.617   867  3767 I BroadcastQueue: Resuming delayed broadcast
11-03 11:33:33.631   867  4121 I BroadcastQueue: Delay finish: com.google.android.apps.photos/.backgroundsignin.BackgroundSignInBroadcastReceiver
11-03 11:33:33.654   867  4121 I BroadcastQueue: Resuming delayed broadcast
11-03 11:33:33.793  7100  7133 I chatty  : uid=10013 com.google.android.gms.persistent expire 1 line
11-03 11:33:33.828  8584  8620 I Gmail   : getAccountsCursor
11-03 11:33:33.829  8584  8621 D ActivityThread: Loading provider com.google.android.gmail.provider;com.android.mail.notifier;com.google.android.gm.email.provider;com.google.android.gm.email.notifier: com.android.email.provider.EmailProvider
11-03 11:33:33.947  7153  8622 I chatty  : uid=10013(com.google.android.gms) expire 1 line
11-03 11:33:34.081  4520  4576 I Finsky  : [166] com.google.android.finsky.installer.bv.run(125): Session for com.google.android.calendar already exists, skipping creation
11-03 11:33:34.094  7153  7338 I Icing   : updateResources: need to parse rtx{com.google.android.gm}
11-03 11:33:34.097  8584  8584 W GAV2    : Thread[main,5,main]: Need to call initialize() and be in fallback mode to start dispatch.
11-03 11:33:34.215  8584  8584 I Gmail   : GmailApplication: Disabled account setup suggestion (7 days)
11-03 11:33:34.282  8584  8584 W EasBundling: Gmail: isExchangeLegacy=false action=android.intent.action.MY_PACKAGE_REPLACED data=null
11-03 11:33:34.291  8584  8635 I Gmail   : getAccountsCursor
11-03 11:33:34.308  7100  7105 I art     : Do partial code cache collection, code=250KB, data=216KB
11-03 11:33:34.309  7100  7105 I art     : After code cache collection, code=249KB, data=215KB
11-03 11:33:34.309  7100  7105 I art     : Increasing code cache capacity to 1024KB
11-03 11:33:34.373  8584  8633 I Gmail   : Initiated Service map for: [gPop3, gLegacyImap, gEas, gmail]
11-03 11:33:34.417  8584  8584 I Exchange: EasService.onCreate
11-03 11:33:34.417   867  4121 W ActivityManager: Unable to start service Intent { cmp=com.google.android.gm.exchange/com.android.exchange.service.EasService } U=0: not found
11-03 11:33:34.418  8584  8584 I Exchange: EasService.onCreate stoppedOldService=false
11-03 11:33:34.433  8584  8584 I Exchange: needResyncCalendar: true, hasCalendarPermission: false, needResyncContacts: false, hasContactsPermission: true
11-03 11:33:34.435  8584  8620 I Exchange: RestartPingTask
11-03 11:33:34.657  7153  7338 I Icing   : Usage reports 0 indexed 0 rejected 0 imm upload false
11-03 11:33:34.683  7153  7338 I Icing   : Usage reports 0 indexed 0 rejected 0 imm upload false
11-03 11:33:34.712  7153  7338 I Icing   : Usage reports 0 indexed 0 rejected 0 imm upload true
11-03 11:33:34.746  8584  8643 I Gmail   : notifyAccountChanged
11-03 11:33:34.750  6897  8612 I UpdateIcingCorporaServi: UpdateCorporaTask done [took 1198 ms] updated apps [took 1198 ms] 
11-03 11:33:34.857  8584  8643 I Gmail   : calculateUnknownSyncRationalesAndPurgeInBackground: queueing
11-03 11:33:34.904   867  7290 W ActivityManager: Unable to start service Intent { cmp=com.google.android.gm/com.android.email.service.AttachmentService } U=0: not found
11-03 11:33:34.974  8584  8584 I Exchange: RestartPingsTask did not start any pings.
11-03 11:33:34.976  8584  8584 I Exchange: onDestroy
11-03 11:33:34.977  8584  8645 I Gmail   : Observing account changes for notifications
11-03 11:33:34.985  8584  8636 I Gmail   : Sending provider changed intent: Intent { act=android.intent.action.PROVIDER_CHANGED dat=content://gmail-ls/unread/^i (has extras) }
11-03 11:33:34.997  7153  7203 I Icing   : Usage reports 0 indexed 0 rejected 0 imm upload false
11-03 11:33:35.048  7153  7203 I Icing   : Usage reports 0 indexed 0 rejected 0 imm upload false
11-03 11:33:35.116  8584  8643 I Gmail   : calculateUnknownSyncRationalesAndPurgeInBackground: queueing
11-03 11:33:35.164  8584  8635 I Gmail   : getAccountsCursor
11-03 11:33:35.201  8584  8643 I Gmail   : calculateUnknownSyncRationalesAndPurgeInBackground: running
11-03 11:33:35.204  8584  8643 I Gmail   : calculateUnknownSyncRationalesAndPurgeInBackground: running
11-03 11:33:35.509  7153  7158 I art     : Do full code cache collection, code=239KB, data=236KB
11-03 11:33:35.510  7153  7158 I art     : After code cache collection, code=200KB, data=174KB
11-03 11:33:35.525  4520  4520 I Finsky  : [1] com.google.android.finsky.installer.be.onPostExecute(7150): Downloading patch for com.google.android.calendar (com.google.android.calendar)
11-03 11:33:35.526  4520  4520 I Finsky  : [1] com.google.android.finsky.download.e.a(263): Duplicate state set for 'com.google.android.calendar' (0). Already in that state
11-03 11:33:35.526  4520  4520 I Finsky  : [1] com.google.android.finsky.download.x.e(143): Download com.google.android.calendar added to DownloadQueue
11-03 11:33:35.530  4520  4520 I Finsky  : [1] com.google.android.finsky.download.e.a(265): com.google.android.calendar from 0 to 1.
11-03 11:33:35.532   511   511 I         : free_cache(2744870) avail 24501866496
11-03 11:33:35.540  4520  4520 I Finsky  : [1] com.google.android.finsky.download.ai.run(5564): Download com.google.android.calendar starting
11-03 11:33:35.577  4520  4577 I Finsky  : [167] com.google.android.finsky.download.ae.a(1577): Enqueued com.google.android.calendar as content://downloads/my_downloads/105
11-03 11:33:35.579  4520  4520 I Finsky  : [1] com.google.android.finsky.download.e.a(265): com.google.android.calendar from 1 to 2.
11-03 11:33:35.580  4520  4520 I Finsky  : [1] com.google.android.finsky.download.x.a(642): com.google.android.calendar: onStart
11-03 11:33:35.602  3876  8650 D DownloadManager: [105] Starting
11-03 11:33:35.639  4520  4520 I Finsky  : [1] com.google.android.finsky.download.x.b(411): com.google.android.calendar: onProgress 0/-1 Status: 192.
11-03 11:33:35.649   867   867 V NotificationService: pkg=com.android.providers.downloads canInterrupt=false intercept=true
11-03 11:33:35.654  3876  8650 D NetworkSecurityConfig: No Network Security Config specified, using platform default
11-03 11:33:35.713  3162  3162 W View    : requestLayout() improperly called by com.android.systemui.statusbar.NotificationOverflowIconsView{1a56c78 V.E...... ......ID 158,58-1040,58 #7f12023f app:id/overflow_icons_view} during layout: running second layout pass
11-03 11:33:35.714  3162  3162 W View    : requestLayout() improperly called by StatusBarIconView(slot= icon=StatusBarIcon(icon=Icon(typ=RESOURCE pkg=com.android.vending id=0x7f02027e) visible user=0 ) notification=Notification(pri=-1 contentView=null vibrate=null sound=null tick defaults=0x0 flags=0x110 color=0xff689f38 category=status vis=PRIVATE)) during layout: running second layout pass
11-03 11:33:35.714  3162  3162 W View    : requestLayout() improperly called by com.android.systemui.statusbar.NotificationOverflowContainer{e7b701d VFE...C.. ......ID 0,0-1080,116} during layout: running second layout pass
11-03 11:33:35.794  7153  8552 I Icing   : Indexing 1B12969831A5FF67258D5A0C65F9D3ED84685A86 from com.google.android.googlequicksearchbox
11-03 11:33:36.048  7153  8552 I Icing   : Indexing done 1B12969831A5FF67258D5A0C65F9D3ED84685A86
11-03 11:33:36.051  7153  8552 I Icing   : Indexing AA32B2187B2F51099E34D5A32623615CD0DC5239 from com.google.android.gms
11-03 11:33:36.137   867   867 V NotificationService: pkg=com.android.providers.downloads canInterrupt=false intercept=true
11-03 11:33:36.241   867   867 V NotificationService: pkg=com.android.providers.downloads canInterrupt=false intercept=true
11-03 11:33:36.283  7153  8552 I Icing   : Indexing done AA32B2187B2F51099E34D5A32623615CD0DC5239
11-03 11:33:36.700  3876  8650 D DownloadManager: [105] Finished with status SUCCESS
11-03 11:33:36.771  4520  4520 I Finsky  : [1] com.google.android.finsky.download.x.b(411): com.google.android.calendar: onProgress 2744870/2744870 Status: 200.
11-03 11:33:36.779  4520  4520 I Finsky  : [1] com.google.android.finsky.download.DownloadBroadcastReceiver.a(43): Intent received at DownloadBroadcastReceiver
11-03 11:33:36.807  4520  4520 I Finsky  : [1] com.google.android.finsky.download.e.a(265): com.google.android.calendar from 2 to 3.
11-03 11:33:36.807  4520  4520 I Finsky  : [1] com.google.android.finsky.download.x.b(610): com.google.android.calendar: onComplete
11-03 11:33:36.808  4520  4520 I Finsky  : [1] com.google.android.finsky.download.x.i(341): Download com.google.android.calendar removed from DownloadQueue
11-03 11:33:36.809   511   511 I         : free_cache(0) avail 24499113984
11-03 11:33:36.818  4520  4520 I Finsky  : [1] com.google.android.finsky.installer.ao.d(38296): Prepare to patch com.google.android.calendar (com.google.android.calendar) from content://downloads/my_downloads/105 format 4
11-03 11:33:36.842   511   511 I         : free_cache(23567002) avail 24499113984
11-03 11:33:39.185  8584  8630 I GAV2    : Thread[GAThread,5,main]: No campaign data found.
11-03 11:33:41.381   867  3064 I ActivityManager: Killing 8214:com.android.connectivity.metrics/u0a87 (adj 906): empty #17
11-03 11:33:41.424   867  5136 D ActivityManager: cleanUpApplicationRecord -- 8214
11-03 11:33:47.243  4520  8018 I Finsky  : [219] com.google.android.finsky.installer.au.a(3372): Patch apply task for com.google.android.calendar (com.google.android.calendar) (format 4) completed in 10420 ms
11-03 11:33:47.252  4520  4520 I Finsky  : [1] com.google.android.finsky.installer.au.onPostExecute(15425): Successfully applied patch to update com.google.android.calendar (com.google.android.calendar)
11-03 11:33:47.253  4520  4520 I Finsky  : [1] com.google.android.finsky.installer.ao.d(44272): Begin install of com.google.android.calendar
11-03 11:33:47.269   867   867 V NotificationService: pkg=com.android.vending canInterrupt=false intercept=true
11-03 11:33:47.292  3876  3895 V DownloadManager: Deleting /data/data/com.android.providers.downloads/cache/downloadfile.bin via provider delete
11-03 11:33:47.321  3162  3162 W View    : requestLayout() improperly called by com.android.systemui.statusbar.NotificationOverflowIconsView{1a56c78 V.E...... ......ID 158,58-1040,58 #7f12023f app:id/overflow_icons_view} during layout: running second layout pass
11-03 11:33:47.321  3162  3162 W View    : requestLayout() improperly called by StatusBarIconView(slot= icon=StatusBarIcon(icon=Icon(typ=RESOURCE pkg=com.android.vending id=0x7f02027e) visible user=0 ) notification=Notification(pri=-1 contentView=null vibrate=null sound=null tick defaults=0x0 flags=0x110 color=0xff689f38 category=status vis=PRIVATE)) during layout: running second layout pass
11-03 11:33:47.321  3162  3162 W View    : requestLayout() improperly called by com.android.systemui.statusbar.NotificationOverflowContainer{e7b701d VFE...C.. ......ID 0,0-1080,116} during layout: running second layout pass
11-03 11:33:47.381  4520  4520 I Finsky  : [1] com.google.android.vending.verifier.PackageVerificationReceiver.onReceive(2101): Skipping verification because own installation
11-03 11:33:47.417   867   892 I PackageManager.DexOptimizer: Running dexopt (dex2oat) on: /data/app/vmdl514032153.tmp/base.apk pkg=com.google.android.calendar isa=arm64 vmSafeMode=false debuggable=false target-filter=interpret-only oatDir = /data/app/vmdl514032153.tmp/oat sharedLibraries=null
11-03 11:33:47.456  8660  8660 I dex2oat : /system/bin/dex2oat --compiler-filter=interpret-only -j4
11-03 11:33:50.106  8660  8660 I dex2oat : dex2oat took 2.650s (threads: 4) arena alloc=3KB (3336B) java alloc=17MB (18837760B) native alloc=11MB (11777744B) free=2MB (2771248B)
11-03 11:33:50.136   867   880 I ActivityManager: Force stopping com.google.android.calendar appid=10038 user=-1: installPackageLI
11-03 11:33:50.154   867   892 W PackageManager: Trying to update system app code path from /data/app/com.google.android.calendar-1 to /data/app/com.google.android.calendar-2
11-03 11:33:50.155   867   892 W PackageManager: Code path for com.google.android.calendar changing from /data/app/com.google.android.calendar-1 to /data/app/com.google.android.calendar-2
11-03 11:33:50.155   867   892 W PackageManager: Resource path for com.google.android.calendar changing from /data/app/com.google.android.calendar-1 to /data/app/com.google.android.calendar-2
11-03 11:33:50.156   867   892 W PackageManager: Non-privileged app; cap priority to 0; package: com.google.android.calendar activity: com.android.calendar.event.LaunchInfoActivity origPrio: 50
11-03 11:33:50.262   867   892 W PackageManager: Unknown permission com.google.android.gm.exchange.BIND in package com.google.android.calendar
11-03 11:33:50.357   511   511 W cutils  : Expected path /data/data/com.google.android.calendar with mode 700 but found 751
11-03 11:33:50.369   867   892 I art     : Starting a blocking GC Explicit
11-03 11:33:50.490   867   892 I art     : Explicit concurrent mark sweep GC freed 61670(3MB) AllocSpace objects, 8(208KB) LOS objects, 33% free, 18MB/27MB, paused 1.661ms total 120.819ms
11-03 11:33:50.518   511   511 E         : Couldn't opendir /data/app/vmdl514032153.tmp: No such file or directory
11-03 11:33:50.521   867   892 I ActivityManager: Force stopping com.google.android.calendar appid=10038 user=0: pkg removed
11-03 11:33:50.536  6737  6737 W ContextImpl: Calling a method in the system process without a qualified user: android.app.ContextImpl.startService:1385 android.content.ContextWrapper.startService:613 android.content.ContextWrapper.startService:613 com.android.keychain.KeyChainBroadcastReceiver.onReceive:12 android.app.ActivityThread.handleReceiver:3011 
11-03 11:33:50.537  4520  4520 I Finsky  : [1] com.google.android.finsky.installer.aq.a(2292): Successful install of com.google.android.calendar
11-03 11:33:50.537  3142  3142 D BluetoothMapAppObserver: onReceive
11-03 11:33:50.537  3142  3142 D BluetoothMapAppObserver: The removed package is: com.google.android.calendar
11-03 11:33:50.540   867  3007 I InputReader: Reconfiguring input devices.  changes=0x00000010
11-03 11:33:50.552  3142  3142 D BluetoothMapAppObserver: onReceive
11-03 11:33:50.552  3142  3142 D BluetoothMapAppObserver: The installed package is: com.google.android.calendar
11-03 11:33:50.553   867  3007 I InputReader: Reconfiguring input devices.  changes=0x00000010
11-03 11:33:50.553  3142  3142 D BluetoothMapAppObserver: Found 0 application(s) with intent android.bluetooth.action.BLUETOOTH_MAP_PROVIDER
11-03 11:33:50.554  3142  3142 D BluetoothMapAppObserver: Found 0 application(s) with intent android.bluetooth.action.BLUETOOTH_MAP_IM_PROVIDER
11-03 11:33:50.604  4520  4520 I Finsky  : [1] com.google.android.finsky.wear.WearSupportService.a(299): Wear auto install disabled for package com.google.android.calendar
11-03 11:33:50.627   867  3007 I InputReader: Reconfiguring input devices.  changes=0x00000010
11-03 11:33:50.648  3940  3940 D RegisteredNfcFServicesCache: Service unchanged, not updating
11-03 11:33:50.653  4520  4520 I Finsky  : [1] com.google.android.finsky.installer.z.a(1314): Installer kick - starting com.google.android.apps.plus
11-03 11:33:50.658  4520  8376 I Finsky  : [223] com.google.android.finsky.installer.av.doInBackground(11113): File-by-File compatibility check result: true
11-03 11:33:50.672  3341  3341 D CarrierSvcBindHelper: No carrier app for: 0
11-03 11:33:50.672  3341  3341 D CarrierSvcBindHelper: No carrier app for: 0
11-03 11:33:50.673  3341  3341 D CarrierConfigLoader: mHandler: 9 phoneId: 0
11-03 11:33:50.721  7100  7133 E NetworkScheduler.SR: Invalid parameter app
11-03 11:33:50.721  7100  7133 E NetworkScheduler.SR: Invalid package name : Perhaps you didn't include a PendingIntent in the extras?
11-03 11:33:50.725   867   867 V NotificationService: pkg=com.android.vending canInterrupt=false intercept=true
11-03 11:33:50.743  7153  8552 E Drive.UninstallOperation: Package still installed com.google.android.calendar
11-03 11:33:50.854  4520  4520 I Finsky  : [1] com.google.android.finsky.utils.PermissionPolicies$PermissionPolicyService.onStartCommand(115): post-install permissions check for com.google.android.calendar
11-03 11:33:50.866  7100  7100 I WearableService: Wear is not allowed to run on this device. Not starting Wear service.
11-03 11:33:50.893  4520  4520 E Finsky  : [1] com.google.android.finsky.wear.bo.a(836): onConnectionFailed: ConnectionResult{statusCode=API_UNAVAILABLE, resolution=null, message=null}
11-03 11:33:50.901  4520  4520 I Finsky  : [1] com.google.android.finsky.wear.an.run(2394): Dropping command=send_installed_apps due to Gms not connected
11-03 11:33:51.047  6897  8677 I UpdateIcingCorporaServi: Updating corpora: APPS=com.google.android.calendar, CONTACTS=MAYBE
11-03 11:33:51.070   867  3065 I BroadcastQueue: Delay finish: com.android.musicfx/.Compatibility$Receiver
11-03 11:33:51.144   867  5136 I BroadcastQueue: Resuming delayed broadcast
11-03 11:33:51.158   867  3064 I BroadcastQueue: Delay finish: com.google.android.apps.photos/.backgroundsignin.BackgroundSignInBroadcastReceiver
11-03 11:33:51.174   867   878 I BroadcastQueue: Resuming delayed broadcast
11-03 11:33:51.323  7100  7133 E NetworkScheduler.SR: Invalid parameter app
11-03 11:33:51.323  7100  7133 E NetworkScheduler.SR: Invalid package name : Perhaps you didn't include a PendingIntent in the extras?
11-03 11:33:51.334   867   878 I ActivityManager: Start proc 8689:com.google.android.calendar/u0a38 for broadcast com.google.android.calendar/.alerts.AlertReceiver
11-03 11:33:51.398  8689  8689 W System  : ClassLoader referenced unknown path: /data/app/com.google.android.calendar-2/lib/arm64
11-03 11:33:51.503  7153  8702 W IcingInternalCorpora: getNumBytesRead when not calculated.
11-03 11:33:51.623  7153  8552 I Icing   : Usage reports 0 indexed 0 rejected 0 imm upload true
11-03 11:33:51.657  6897  8677 I UpdateIcingCorporaServi: UpdateCorporaTask done [took 609 ms] updated apps [took 609 ms] 
11-03 11:33:51.657   867  4121 I ActivityManager: Start proc 8710:com.android.providers.calendar/u0a1 for content provider com.android.providers.calendar/.CalendarProvider2
11-03 11:33:51.735  4520  4576 I Finsky  : [166] com.google.android.finsky.installer.bv.run(125): Session for com.google.android.apps.plus already exists, skipping creation
11-03 11:33:51.747  7153  8552 I Icing   : Usage reports 0 indexed 0 rejected 0 imm upload false
11-03 11:33:51.753  8710  8710 W System  : ClassLoader referenced unknown path: /system/priv-app/CalendarProvider/lib/arm64
11-03 11:33:51.803  7153  8552 I Icing   : Usage reports 0 indexed 0 rejected 0 imm upload false
11-03 11:33:51.875  8710  8710 I CalendarProvider2: Created com.android.providers.calendar.CalendarAlarmManager@5605476(com.android.providers.calendar.CalendarProvider2@d041a77)
11-03 11:33:51.916  7153  8625 I Icing   : Usage reports 0 indexed 0 rejected 0 imm upload false
11-03 11:33:51.980  7153  8625 I Icing   : Usage reports 0 indexed 0 rejected 0 imm upload false
11-03 11:33:52.411  4520  4520 I Finsky  : [1] com.google.android.finsky.installer.be.onPostExecute(7150): Downloading patch for com.google.android.apps.plus (com.google.android.apps.plus)
11-03 11:33:52.412  4520  4520 I Finsky  : [1] com.google.android.finsky.download.e.a(263): Duplicate state set for 'com.google.android.apps.plus' (0). Already in that state
11-03 11:33:52.412  4520  4520 I Finsky  : [1] com.google.android.finsky.download.x.e(143): Download com.google.android.apps.plus added to DownloadQueue
11-03 11:33:52.417  4520  4520 I Finsky  : [1] com.google.android.finsky.download.e.a(265): com.google.android.apps.plus from 0 to 1.
11-03 11:33:52.419   511   511 I         : free_cache(4147339) avail 24501420032
11-03 11:33:52.429  4520  4520 I Finsky  : [1] com.google.android.finsky.download.ai.run(5564): Download com.google.android.apps.plus starting
11-03 11:33:52.467  4520  4577 I Finsky  : [167] com.google.android.finsky.download.ae.a(1577): Enqueued com.google.android.apps.plus as content://downloads/my_downloads/106
11-03 11:33:52.469  4520  4520 I Finsky  : [1] com.google.android.finsky.download.e.a(265): com.google.android.apps.plus from 1 to 2.
11-03 11:33:52.470  4520  4520 I Finsky  : [1] com.google.android.finsky.download.x.a(642): com.google.android.apps.plus: onStart
11-03 11:33:52.503  4520  4520 I Finsky  : [1] com.google.android.finsky.download.x.b(411): com.google.android.apps.plus: onProgress 0/-1 Status: 190.
11-03 11:33:52.509  3876  8738 D DownloadManager: [106] Starting
11-03 11:33:52.546  4520  4520 I Finsky  : [1] com.google.android.finsky.download.x.b(411): com.google.android.apps.plus: onProgress 0/-1 Status: 192.
11-03 11:33:52.553   867   867 V NotificationService: pkg=com.android.providers.downloads canInterrupt=false intercept=true
11-03 11:33:52.567  3876  8738 D NetworkSecurityConfig: No Network Security Config specified, using platform default
11-03 11:33:52.691  3162  3162 W View    : requestLayout() improperly called by com.android.systemui.statusbar.NotificationOverflowIconsView{1a56c78 V.E...... ......ID 158,58-1040,58 #7f12023f app:id/overflow_icons_view} during layout: running second layout pass
11-03 11:33:52.692  3162  3162 W View    : requestLayout() improperly called by StatusBarIconView(slot= icon=StatusBarIcon(icon=Icon(typ=RESOURCE pkg=com.android.vending id=0x7f02027e) visible user=0 ) notification=Notification(pri=-1 contentView=null vibrate=null sound=null tick defaults=0x0 flags=0x110 color=0xff689f38 category=status vis=PRIVATE)) during layout: running second layout pass
11-03 11:33:52.692  3162  3162 W View    : requestLayout() improperly called by com.android.systemui.statusbar.NotificationOverflowContainer{e7b701d VFE...C.. ......ID 0,0-1080,116} during layout: running second layout pass
11-03 11:33:52.698  7153  7203 I Icing   : Indexing 1B12969831A5FF67258D5A0C65F9D3ED84685A86 from com.google.android.googlequicksearchbox
11-03 11:33:52.911  7153  7203 I Icing   : Indexing done 1B12969831A5FF67258D5A0C65F9D3ED84685A86
11-03 11:33:52.914  7153  7203 I Icing   : Indexing AA32B2187B2F51099E34D5A32623615CD0DC5239 from com.google.android.gms
11-03 11:33:53.049  8710  8710 I CalendarProvider2: Sending notification intent: Intent { act=android.intent.action.PROVIDER_CHANGED dat=content://com.android.calendar flg=0x20000000 }
11-03 11:33:53.050  8710  8710 W ContentResolver: Failed to get type for: content://com.android.calendar (Unknown URL content://com.android.calendar)
11-03 11:33:53.097  7153  7203 I Icing   : Indexing done AA32B2187B2F51099E34D5A32623615CD0DC5239
11-03 11:33:53.204   867   867 V NotificationService: pkg=com.android.providers.downloads canInterrupt=false intercept=true
11-03 11:33:53.286   867   867 V NotificationService: pkg=com.android.providers.downloads canInterrupt=false intercept=true
11-03 11:33:53.992  3876  8738 D DownloadManager: [106] Finished with status SUCCESS
11-03 11:33:54.034   867   867 V NotificationService: pkg=com.android.providers.downloads canInterrupt=false intercept=true
11-03 11:33:54.062  4520  4520 I Finsky  : [1] com.google.android.finsky.download.DownloadBroadcastReceiver.a(43): Intent received at DownloadBroadcastReceiver
11-03 11:33:54.082  4520  4520 I Finsky  : [1] com.google.android.finsky.download.x.b(411): com.google.android.apps.plus: onProgress 4147339/4147339 Status: 200.
11-03 11:33:54.097  4520  4520 I Finsky  : [1] com.google.android.finsky.download.e.a(265): com.google.android.apps.plus from 2 to 3.
11-03 11:33:54.098  4520  4520 I Finsky  : [1] com.google.android.finsky.download.x.b(610): com.google.android.apps.plus: onComplete
11-03 11:33:54.099  4520  4520 I Finsky  : [1] com.google.android.finsky.download.x.i(341): Download com.google.android.apps.plus removed from DownloadQueue
11-03 11:33:54.100   511   511 I         : free_cache(0) avail 24497270784
11-03 11:33:54.103  4520  4520 I Finsky  : [1] com.google.android.finsky.installer.ao.d(38296): Prepare to patch com.google.android.apps.plus (com.google.android.apps.plus) from content://downloads/my_downloads/106 format 4
11-03 11:33:54.122   511   511 I         : free_cache(29452306) avail 24497270784
11-03 11:33:55.370  3155  3155 I DownloadManagerWrapper: onReceive() : Charging = true
11-03 11:33:56.755  8689  8723 I GAV2    : Thread[GAThread,5,main]: No campaign data found.
11-03 11:33:57.030  6897  6897 I GrammarCompilationSvcCt: #startService for null, APP_NAMES.
11-03 11:33:58.915   867  3064 I ActivityManager: Killing 8119:com.google.android.apps.messaging/u0a66 (adj 906): empty #17
11-03 11:33:58.964   867   878 D ActivityManager: cleanUpApplicationRecord -- 8119
11-03 11:34:05.853  4520  4588 I Finsky  : [178] com.google.android.finsky.c.e.run(2152): Replicating app states via AMAS.
11-03 11:34:06.715  4520  4520 I Finsky  : [1] com.google.android.finsky.c.c.a(314): Completed 1 account content syncs with 1 successful.
11-03 11:34:06.721  4520  4520 I Finsky  : [1] com.google.android.finsky.services.j.a(148): Installation state replication succeeded.
11-03 11:34:15.498  4520  8018 I Finsky  : [219] com.google.android.finsky.installer.au.a(3372): Patch apply task for com.google.android.apps.plus (com.google.android.apps.plus) (format 4) completed in 21390 ms
11-03 11:34:15.505   867  5136 I ActivityManager: Killing 8348:com.google.android.apps.photos:CameraShortcut/u0a63 (adj 906): empty #17
11-03 11:34:15.506   867  5136 I ActivityManager: Killing 7314:com.google.android.gms.unstable/u0a13 (adj 906): empty #18
11-03 11:34:15.507   867  5136 I ActivityManager: Killing 8237:com.google.android.configupdater/u0a5 (adj 906): empty #19
11-03 11:34:15.542  4520  4520 I Finsky  : [1] com.google.android.finsky.installer.au.onPostExecute(15425): Successfully applied patch to update com.google.android.apps.plus (com.google.android.apps.plus)
11-03 11:34:15.543  4520  4520 I Finsky  : [1] com.google.android.finsky.installer.ao.d(44272): Begin install of com.google.android.apps.plus
11-03 11:34:15.554   867   867 V NotificationService: pkg=com.android.vending canInterrupt=false intercept=true
11-03 11:34:15.564   867  7290 D ActivityManager: cleanUpApplicationRecord -- 8237
11-03 11:34:15.565   867   877 D ActivityManager: cleanUpApplicationRecord -- 8348
11-03 11:34:15.578  3876  8564 V DownloadManager: Deleting /data/data/com.android.providers.downloads/cache/downloadfile.bin via provider delete
11-03 11:34:15.620  3162  3162 W View    : requestLayout() improperly called by com.android.systemui.statusbar.NotificationOverflowIconsView{1a56c78 V.E...... ......ID 158,58-1040,58 #7f12023f app:id/overflow_icons_view} during layout: running second layout pass
11-03 11:34:15.621  3162  3162 W View    : requestLayout() improperly called by StatusBarIconView(slot= icon=StatusBarIcon(icon=Icon(typ=RESOURCE pkg=com.android.vending id=0x7f02027e) visible user=0 ) notification=Notification(pri=-1 contentView=null vibrate=null sound=null tick defaults=0x0 flags=0x110 color=0xff689f38 category=status vis=PRIVATE)) during layout: running second layout pass
11-03 11:34:15.621  3162  3162 W View    : requestLayout() improperly called by com.android.systemui.statusbar.NotificationOverflowContainer{e7b701d VFE...C.. ......ID 0,0-1080,116} during layout: running second layout pass
11-03 11:34:15.629   867  3766 D ActivityManager: cleanUpApplicationRecord -- 7314
11-03 11:34:15.798  4520  4520 I Finsky  : [1] com.google.android.vending.verifier.PackageVerificationReceiver.onReceive(2101): Skipping verification because own installation
11-03 11:34:15.893   867   892 I PackageManager.DexOptimizer: Running dexopt (dex2oat) on: /data/app/vmdl172100778.tmp/base.apk pkg=com.google.android.apps.plus isa=arm vmSafeMode=false debuggable=false target-filter=interpret-only oatDir = /data/app/vmdl172100778.tmp/oat sharedLibraries=/system/framework/com.google.android.maps.jar
11-03 11:34:15.935  8751  8751 I dex2oat : /system/bin/dex2oat --compiler-filter=interpret-only -j4
11-03 11:34:16.239  6897  6897 I GrammarCompilationSvcCt: #startService for null, APP_NAMES.
11-03 11:34:18.666  8751  8755 W dex2oat : Verification of java.lang.Object[] eqg.newArray(int) took 118.907ms
11-03 11:34:18.666  8751  8756 W dex2oat : Verification of void eqh.<clinit>() took 119.445ms
11-03 11:34:18.666  8751  8751 W dex2oat : Verification of int eoy.b(java.net.URL, byte[]) took 122.681ms
11-03 11:34:21.320  8751  8751 I dex2oat : dex2oat took 5.386s (threads: 4) arena alloc=197KB (202448B) java alloc=18MB (19430688B) native alloc=19MB (20053504B) free=3MB (3670528B)
11-03 11:34:21.350   867   880 I ActivityManager: Force stopping com.google.android.apps.plus appid=10078 user=-1: installPackageLI
11-03 11:34:21.350   867   880 I ActivityManager: Killing 8363:com.google.android.apps.plus/u0a78 (adj 906): stop com.google.android.apps.plus
11-03 11:34:21.350   867   880 D ActivityManager: cleanUpApplicationRecord -- 8363
11-03 11:34:21.460   867   892 I PackageManager: Package com.google.android.apps.plus codePath changed from /data/app/com.google.android.apps.plus-1 to /data/app/com.google.android.apps.plus-2; Retaining data and using new
11-03 11:34:21.460   867   892 W PackageManager: Code path for com.google.android.apps.plus changing from /data/app/com.google.android.apps.plus-1 to /data/app/com.google.android.apps.plus-2
11-03 11:34:21.460   867   892 W PackageManager: Resource path for com.google.android.apps.plus changing from /data/app/com.google.android.apps.plus-1 to /data/app/com.google.android.apps.plus-2
11-03 11:34:21.463   867   892 W PackageManager: Non-privileged app; cap priority to 0; package: com.google.android.apps.plus activity: com.google.android.libraries.social.gateway.GatewayActivity origPrio: 999
11-03 11:34:21.465   867   892 W PackageManager: Non-privileged app; cap priority to 0; package: com.google.android.apps.plus activity: com.google.android.libraries.social.gateway.GatewayActivityCollexionsAlias origPrio: 999
11-03 11:34:21.465   867   892 W PackageManager: Permission com.google.android.apps.photos.permission.GOOGLE_PHOTOS from package com.google.android.apps.plus in an unknown group android.permission-group.PERSONAL_INFO
11-03 11:34:21.465   867   892 W PackageManager: Permission com.google.android.apps.plus.permission.PICASA_STORE from package com.google.android.apps.plus in an unknown group android.permission-group.PERSONAL_INFO
11-03 11:34:21.565   867   892 W PackageManager: Unknown permission com.google.android.gallery3d.permission.PICASA_STORE in package com.google.android.apps.plus
11-03 11:34:21.691   867   892 I art     : Starting a blocking GC Explicit
11-03 11:34:21.823   867   892 I art     : Explicit concurrent mark sweep GC freed 99344(5MB) AllocSpace objects, 13(324KB) LOS objects, 33% free, 18MB/27MB, paused 1.980ms total 131.641ms
11-03 11:34:21.856   511   511 E         : Couldn't opendir /data/app/vmdl172100778.tmp: No such file or directory
11-03 11:34:21.859   867   892 I ActivityManager: Force stopping com.google.android.apps.plus appid=10078 user=0: pkg removed
11-03 11:34:21.875  3142  3142 D BluetoothMapAppObserver: onReceive
11-03 11:34:21.875  3142  3142 D BluetoothMapAppObserver: The removed package is: com.google.android.apps.plus
11-03 11:34:21.875  3142  3142 D BluetoothMapAppObserver: onReceive
11-03 11:34:21.875  3142  3142 D BluetoothMapAppObserver: The installed package is: com.google.android.apps.plus
11-03 11:34:21.877  6737  6737 W ContextImpl: Calling a method in the system process without a qualified user: android.app.ContextImpl.startService:1385 android.content.ContextWrapper.startService:613 android.content.ContextWrapper.startService:613 com.android.keychain.KeyChainBroadcastReceiver.onReceive:12 android.app.ActivityThread.handleReceiver:3011 
11-03 11:34:21.879  4520  4520 I Finsky  : [1] com.google.android.finsky.installer.aq.a(2292): Successful install of com.google.android.apps.plus
11-03 11:34:21.879   867  3007 I InputReader: Reconfiguring input devices.  changes=0x00000010
11-03 11:34:21.881   867  3007 I InputReader: Reconfiguring input devices.  changes=0x00000010
11-03 11:34:21.884   867  3007 I InputReader: Reconfiguring input devices.  changes=0x00000010
11-03 11:34:21.885  3142  3142 D BluetoothMapAppObserver: Found 0 application(s) with intent android.bluetooth.action.BLUETOOTH_MAP_PROVIDER
11-03 11:34:21.886  3142  3142 D BluetoothMapAppObserver: Found 0 application(s) with intent android.bluetooth.action.BLUETOOTH_MAP_IM_PROVIDER
11-03 11:34:21.951  4520  4520 I Finsky  : [1] com.google.android.finsky.wear.WearSupportService.a(299): Wear auto install disabled for package com.google.android.apps.plus
11-03 11:34:21.976  4520  4520 I Finsky  : [1] com.google.android.finsky.installer.z.a(1314): Installer kick - starting com.gombosdev.ampere
11-03 11:34:21.980  3940  3940 D RegisteredNfcFServicesCache: Service unchanged, not updating
11-03 11:34:21.988  4520  8761 I Finsky  : [230] com.google.android.finsky.installer.av.doInBackground(11113): File-by-File compatibility check result: true
11-03 11:34:22.001  3341  3341 D CarrierSvcBindHelper: No carrier app for: 0
11-03 11:34:22.001  3341  3341 D CarrierSvcBindHelper: No carrier app for: 0
11-03 11:34:22.002  3341  3341 D CarrierConfigLoader: mHandler: 9 phoneId: 0
11-03 11:34:22.015  7100  7133 E NetworkScheduler.SR: Invalid parameter app
11-03 11:34:22.015  7100  7133 E NetworkScheduler.SR: Invalid package name : Perhaps you didn't include a PendingIntent in the extras?
11-03 11:34:22.040   867   867 V NotificationService: pkg=com.android.vending canInterrupt=false intercept=true
11-03 11:34:22.077  7153  7203 E Drive.UninstallOperation: Package still installed com.google.android.apps.plus
11-03 11:34:22.152  4520  4520 I Finsky  : [1] com.google.android.finsky.utils.PermissionPolicies$PermissionPolicyService.onStartCommand(115): post-install permissions check for com.google.android.apps.plus
11-03 11:34:22.156  7100  7100 I WearableService: Wear is not allowed to run on this device. Not starting Wear service.
11-03 11:34:22.204  4520  4520 E Finsky  : [1] com.google.android.finsky.wear.bo.a(836): onConnectionFailed: ConnectionResult{statusCode=API_UNAVAILABLE, resolution=null, message=null}
11-03 11:34:22.204  4520  4520 I Finsky  : [1] com.google.android.finsky.wear.an.run(2394): Dropping command=send_installed_apps due to Gms not connected
11-03 11:34:22.346   867  3065 I BroadcastQueue: Delay finish: com.android.musicfx/.Compatibility$Receiver
11-03 11:34:22.349   867  4121 I BroadcastQueue: Resuming delayed broadcast
11-03 11:34:22.360   867  4019 I BroadcastQueue: Delay finish: com.google.android.apps.photos/.backgroundsignin.BackgroundSignInBroadcastReceiver
11-03 11:34:22.365   867  3065 I BroadcastQueue: Resuming delayed broadcast
11-03 11:34:22.371  6897  8772 I UpdateIcingCorporaServi: Updating corpora: APPS=com.google.android.apps.plus, CONTACTS=MAYBE
11-03 11:34:22.557   867  5136 I ActivityManager: Start proc 8778:com.google.android.apps.plus/u0a78 for broadcast com.google.android.apps.plus/com.google.android.libraries.social.notifications.impl.AppUpgradeReceiver
11-03 11:34:22.558  7100  7133 E NetworkScheduler.SR: Invalid parameter app
11-03 11:34:22.559  7100  7133 E NetworkScheduler.SR: Invalid package name : Perhaps you didn't include a PendingIntent in the extras?
11-03 11:34:22.761  7153  8792 W IcingInternalCorpora: getNumBytesRead when not calculated.
11-03 11:34:22.828  7153  7163 W art     : Suspending all threads took: 27.235ms
11-03 11:34:22.893  3876  4618 E DatabaseUtils: Writing exception to parcel
11-03 11:34:22.893  3876  4618 E DatabaseUtils: java.lang.SecurityException: Permission Denial: reading com.android.providers.media.MediaProvider uri content://media/external/fs_id from pid=8778, uid=10078 requires android.permission.READ_EXTERNAL_STORAGE, or grantUriPermission()
11-03 11:34:22.893  3876  4618 E DatabaseUtils: 	at android.content.ContentProvider.enforceReadPermissionInner(ContentProvider.java:608)
11-03 11:34:22.893  3876  4618 E DatabaseUtils: 	at android.content.ContentProvider$Transport.enforceReadPermission(ContentProvider.java:483)
11-03 11:34:22.893  3876  4618 E DatabaseUtils: 	at android.content.ContentProvider$Transport.query(ContentProvider.java:212)
11-03 11:34:22.893  3876  4618 E DatabaseUtils: 	at android.content.ContentProviderNative.onTransact(ContentProviderNative.java:112)
11-03 11:34:22.893  3876  4618 E DatabaseUtils: 	at android.os.Binder.execTransact(Binder.java:565)
11-03 11:34:22.918  4520  4576 I Finsky  : [166] com.google.android.finsky.installer.bv.run(125): Session for com.gombosdev.ampere already exists, skipping creation
11-03 11:34:23.094  7153  7203 I Icing   : Usage reports 0 indexed 0 rejected 0 imm upload false
11-03 11:34:23.155  7153  7203 I Icing   : Usage reports 0 indexed 0 rejected 0 imm upload false
11-03 11:34:23.228  7153  7203 I Icing   : Usage reports 0 indexed 0 rejected 0 imm upload true
11-03 11:34:23.294  6897  8772 I UpdateIcingCorporaServi: UpdateCorporaTask done [took 924 ms] updated apps [took 923 ms] 
11-03 11:34:23.316   867  7290 D CryptdConnector: SND -> {20 cryptfs getpwtype}
11-03 11:34:23.317   365   372 D VoldCryptCmdListener: cryptfs getpwtype
11-03 11:34:23.321   867  3011 D CryptdConnector: RCV <- {213 20 default}
11-03 11:34:23.335   867  3065 W ActivityManager: Permission Denial: opening provider com.android.providers.contacts.ContactsProvider2 from ProcessRecord{127607 8778:com.google.android.apps.plus/u0a78} (pid=8778, uid=10078) requires android.permission.READ_CONTACTS or android.permission.WRITE_CONTACTS
11-03 11:34:23.390  7153  8794 I Icing   : Usage reports 0 indexed 0 rejected 0 imm upload false
11-03 11:34:23.408  7153  8794 I Icing   : Usage reports 0 indexed 0 rejected 0 imm upload false
11-03 11:34:23.443   867  3766 W ActivityManager: Permission Denial: opening provider com.android.providers.contacts.ContactsProvider2 from ProcessRecord{127607 8778:com.google.android.apps.plus/u0a78} (pid=8778, uid=10078) requires android.permission.READ_CONTACTS or android.permission.WRITE_CONTACTS
11-03 11:34:23.448   867  3064 W ActivityManager: Permission Denial: opening provider com.android.providers.contacts.ContactsProvider2 from ProcessRecord{127607 8778:com.google.android.apps.plus/u0a78} (pid=8778, uid=10078) requires android.permission.READ_CONTACTS or android.permission.WRITE_CONTACTS
11-03 11:34:23.450  8778  8812 E GooglePlusContactsSync: Failed to clear out contacts
11-03 11:34:23.450  8778  8812 E GooglePlusContactsSync: java.lang.SecurityException: Permission Denial: opening provider com.android.providers.contacts.ContactsProvider2 from ProcessRecord{127607 8778:com.google.android.apps.plus/u0a78} (pid=8778, uid=10078) requires android.permission.READ_CONTACTS or android.permission.WRITE_CONTACTS
11-03 11:34:23.450  8778  8812 E GooglePlusContactsSync: 	at android.os.Parcel.readException(Parcel.java:1683)
11-03 11:34:23.450  8778  8812 E GooglePlusContactsSync: 	at android.os.Parcel.readException(Parcel.java:1636)
11-03 11:34:23.450  8778  8812 E GooglePlusContactsSync: 	at android.app.ActivityManagerProxy.getContentProvider(ActivityManagerNative.java:4169)
11-03 11:34:23.450  8778  8812 E GooglePlusContactsSync: 	at android.app.ActivityThread.acquireProvider(ActivityThread.java:5434)
11-03 11:34:23.450  8778  8812 E GooglePlusContactsSync: 	at android.app.ContextImpl$ApplicationContentResolver.acquireUnstableProvider(ContextImpl.java:2267)
11-03 11:34:23.450  8778  8812 E GooglePlusContactsSync: 	at android.content.ContentResolver.acquireUnstableProvider(ContentResolver.java:1515)
11-03 11:34:23.450  8778  8812 E GooglePlusContactsSync: 	at android.content.ContentResolver.query(ContentResolver.java:514)
11-03 11:34:23.450  8778  8812 E GooglePlusContactsSync: 	at android.content.ContentResolver.query(ContentResolver.java:472)
11-03 11:34:23.450  8778  8812 E GooglePlusContactsSync: 	at drr.a(PG:378)
11-03 11:34:23.450  8778  8812 E GooglePlusContactsSync: 	at drr.b(PG:1326)
11-03 11:34:23.450  8778  8812 E GooglePlusContactsSync: 	at drs.run(PG:263)
11-03 11:34:23.450  8778  8812 E GooglePlusContactsSync: 	at java.lang.Thread.run(Thread.java:761)
11-03 11:34:23.562  7100  7121 W ContentTaskController: Invalid newTask was provided to startTracking.
11-03 11:34:23.577  4520  4520 I Finsky  : [1] com.google.android.finsky.installer.be.onPostExecute(7150): Downloading patch for com.gombosdev.ampere (com.gombosdev.ampere)
11-03 11:34:23.577  4520  4520 I Finsky  : [1] com.google.android.finsky.download.e.a(263): Duplicate state set for 'com.gombosdev.ampere' (0). Already in that state
11-03 11:34:23.578  4520  4520 I Finsky  : [1] com.google.android.finsky.download.x.e(143): Download com.gombosdev.ampere added to DownloadQueue
11-03 11:34:23.584  7100  7133 W ContentTaskController: Invalid newTask was provided to startTracking.
11-03 11:34:23.587  4520  4520 I Finsky  : [1] com.google.android.finsky.download.e.a(265): com.gombosdev.ampere from 0 to 1.
11-03 11:34:23.588   511   511 I         : free_cache(1737838) avail 24501469184
11-03 11:34:23.595  4520  4520 I Finsky  : [1] com.google.android.finsky.download.ai.run(5564): Download com.gombosdev.ampere starting
11-03 11:34:23.605  7100  7117 W Conscrypt: Could not set socket write timeout: null
11-03 11:34:23.638  4520  4577 I Finsky  : [167] com.google.android.finsky.download.ae.a(1577): Enqueued com.gombosdev.ampere as content://downloads/my_downloads/107
11-03 11:34:23.640  4520  4520 I Finsky  : [1] com.google.android.finsky.download.e.a(265): com.gombosdev.ampere from 1 to 2.
11-03 11:34:23.641  4520  4520 I Finsky  : [1] com.google.android.finsky.download.x.a(642): com.gombosdev.ampere: onStart
11-03 11:34:23.667  3876  8820 D DownloadManager: [107] Starting
11-03 11:34:23.677  7100  7117 W Conscrypt: Could not set socket write timeout: null
11-03 11:34:23.710  4520  4520 I Finsky  : [1] com.google.android.finsky.download.x.b(411): com.gombosdev.ampere: onProgress 0/-1 Status: 192.
11-03 11:34:23.722   867   867 V NotificationService: pkg=com.android.providers.downloads canInterrupt=false intercept=true
