11-03 11:25:42.439   867   867 W PackageManager: Not granting permission android.permission.MANAGE_DOCUMENTS to package com.google.android.youtube (protectionLevel=2 flags=0x3c59bec5)
11-03 11:25:42.439   867   867 W PackageManager: Unknown permission com.google.android.voicesearch.SHORTCUTS_ACCESS in package com.google.android.googlequicksearchbox
11-03 11:25:42.439   867   867 W PackageManager: Unknown permission com.google.android.voicesearch.ACCESS_SETTINGS in package com.google.android.googlequicksearchbox
11-03 11:25:42.439   867   867 W PackageManager: Unknown permission com.android.browser.permission.PRELOAD in package com.google.android.googlequicksearchbox
11-03 11:25:42.439   867   867 W PackageManager: Unknown permission com.google.android.ears.permission.WRITE in package com.google.android.googlequicksearchbox
11-03 11:25:42.440   867   867 W PackageManager: Unknown permission com.google.android.apps.googlevoice.permission.AUTO_SEND in package com.google.android.googlequicksearchbox
11-03 11:25:42.440   867   867 W PackageManager: Unknown permission com.android.chrome.PRERENDER_URL in package com.google.android.googlequicksearchbox
11-03 11:25:42.440   867   867 W PackageManager: Not granting permission com.google.android.googleapps.permission.GOOGLE_AUTH to package com.android.providers.calendar (protectionLevel=2 flags=0x30083e45)
11-03 11:25:42.440   867   867 W PackageManager: Not granting permission com.google.android.googleapps.permission.GOOGLE_AUTH.cl to package com.android.providers.calendar (protectionLevel=2 flags=0x30083e45)
11-03 11:25:42.440   867   867 W PackageManager: Not granting permission android.permission.WRITE_EXTERNAL_STORAGE to package com.google.android.apps.docs.editors.docs because it was previously installed without
11-03 11:25:42.440   867   867 W PackageManager: Not granting permission android.permission.GET_ACCOUNTS to package com.google.android.apps.docs.editors.docs because it was previously installed without
11-03 11:25:42.440   867   867 W PackageManager: Not granting permission android.permission.READ_CONTACTS to package com.google.android.apps.docs.editors.docs because it was previously installed without
11-03 11:25:42.440   867   867 W PackageManager: Unknown permission android.permission.WRITE_SYNC_STATS in package com.google.android.apps.docs.editors.docs
11-03 11:25:42.440   867   867 W PackageManager: Not granting permission com.google.android.gm.permission.READ_GMAIL to package com.google.android.apps.docs.editors.docs (protectionLevel=2 flags=0x3859be44)
11-03 11:25:42.441   867   867 W PackageManager: Not granting permission com.google.android.googleapps.permission.GOOGLE_AUTH to package com.google.android.apps.docs.editors.docs (protectionLevel=2 flags=0x3859be44)
11-03 11:25:42.441   867   867 W PackageManager: Not granting permission com.google.android.googleapps.permission.GOOGLE_AUTH.OTHER_SERVICES to package com.google.android.apps.docs.editors.docs (protectionLevel=2 flags=0x3859be44)
11-03 11:25:42.441   867   867 W PackageManager: Not granting permission com.google.android.googleapps.permission.GOOGLE_AUTH.ALL_SERVICES to package com.google.android.apps.docs.editors.docs (protectionLevel=2 flags=0x3859be44)
11-03 11:25:42.441   867   867 W PackageManager: Not granting permission com.google.android.googleapps.permission.GOOGLE_AUTH.writely to package com.google.android.apps.docs.editors.docs (protectionLevel=2 flags=0x3859be44)
11-03 11:25:42.441   867   867 W PackageManager: Not granting permission com.google.android.googleapps.permission.GOOGLE_AUTH.wise to package com.google.android.apps.docs.editors.docs (protectionLevel=2 flags=0x3859be44)
11-03 11:25:42.441   867   867 W PackageManager: Not granting permission android.permission.READ_EXTERNAL_STORAGE to package com.google.android.apps.docs.editors.docs because it was previously installed without
11-03 11:25:42.441   867   867 W PackageManager: Not granting permission android.permission.WRITE_SECURE_SETTINGS to package com.google.android.apps.enterprise.dmagent (protectionLevel=50 flags=0x38083e05)
11-03 11:25:42.441   867   867 W PackageManager: Not granting permission android.permission.CONNECTIVITY_INTERNAL to package com.google.android.apps.enterprise.dmagent (protectionLevel=18 flags=0x38083e05)
11-03 11:25:42.441   867   867 W PackageManager: Not granting permission android.permission.MANAGE_USB to package com.google.android.apps.enterprise.dmagent (protectionLevel=18 flags=0x38083e05)
11-03 11:25:42.441   867   867 W PackageManager: Not granting permission android.permission.CHANGE_COMPONENT_ENABLED_STATE to package com.google.android.apps.enterprise.dmagent (protectionLevel=18 flags=0x38083e05)
11-03 11:25:42.441   867   867 W PackageManager: Not granting permission android.permission.MANAGE_CA_CERTIFICATES to package com.google.android.apps.enterprise.dmagent (protectionLevel=18 flags=0x38083e05)
11-03 11:25:42.441   867   867 W PackageManager: Not granting permission android.permission.MANAGE_USERS to package com.google.android.apps.enterprise.dmagent (protectionLevel=18 flags=0x38083e05)
11-03 11:25:42.441   867   867 W PackageManager: Not granting permission android.permission.GET_ACCOUNTS to package com.google.android.apps.docs.editors.sheets because it was previously installed without
11-03 11:25:42.442   867   867 W PackageManager: Unknown permission android.permission.WRITE_SYNC_STATS in package com.google.android.apps.docs.editors.sheets
11-03 11:25:42.442   867   867 W PackageManager: Not granting permission android.permission.WRITE_EXTERNAL_STORAGE to package com.google.android.apps.docs.editors.sheets because it was previously installed without
11-03 11:25:42.442   867   867 W PackageManager: Not granting permission android.permission.READ_CONTACTS to package com.google.android.apps.docs.editors.sheets because it was previously installed without
11-03 11:25:42.442   867   867 W PackageManager: Not granting permission com.google.android.gm.permission.READ_GMAIL to package com.google.android.apps.docs.editors.sheets (protectionLevel=2 flags=0x3819be44)
11-03 11:25:42.442   867   867 W PackageManager: Not granting permission com.google.android.googleapps.permission.GOOGLE_AUTH to package com.google.android.apps.docs.editors.sheets (protectionLevel=2 flags=0x3819be44)
11-03 11:25:42.442   867   867 W PackageManager: Not granting permission com.google.android.googleapps.permission.GOOGLE_AUTH.OTHER_SERVICES to package com.google.android.apps.docs.editors.sheets (protectionLevel=2 flags=0x3819be44)
11-03 11:25:42.442   867   867 W PackageManager: Not granting permission com.google.android.googleapps.permission.GOOGLE_AUTH.ALL_SERVICES to package com.google.android.apps.docs.editors.sheets (protectionLevel=2 flags=0x3819be44)
11-03 11:25:42.442   867   867 W PackageManager: Not granting permission com.google.android.googleapps.permission.GOOGLE_AUTH.writely to package com.google.android.apps.docs.editors.sheets (protectionLevel=2 flags=0x3819be44)
11-03 11:25:42.442   867   867 W PackageManager: Not granting permission com.google.android.googleapps.permission.GOOGLE_AUTH.wise to package com.google.android.apps.docs.editors.sheets (protectionLevel=2 flags=0x3819be44)
11-03 11:25:42.442   867   867 W PackageManager: Not granting permission android.permission.READ_EXTERNAL_STORAGE to package com.google.android.apps.docs.editors.sheets because it was previously installed without
11-03 11:25:42.442   867   867 W PackageManager: Not granting permission android.permission.GET_ACCOUNTS to package com.google.android.apps.docs.editors.slides because it was previously installed without
11-03 11:25:42.442   867   867 W PackageManager: Not granting permission android.permission.READ_CONTACTS to package com.google.android.apps.docs.editors.slides because it was previously installed without
11-03 11:25:42.442   867   867 W PackageManager: Not granting permission android.permission.WRITE_EXTERNAL_STORAGE to package com.google.android.apps.docs.editors.slides because it was previously installed without
11-03 11:25:42.442   867   867 W PackageManager: Not granting permission android.permission.READ_CALENDAR to package com.google.android.apps.docs.editors.slides because it was previously installed without
11-03 11:25:42.442   867   867 W PackageManager: Not granting permission android.permission.CAMERA to package com.google.android.apps.docs.editors.slides because it was previously installed without
11-03 11:25:42.442   867   867 W PackageManager: Not granting permission android.permission.RECORD_AUDIO to package com.google.android.apps.docs.editors.slides because it was previously installed without
11-03 11:25:42.442   867   867 W PackageManager: Unknown permission android.permission.WRITE_SYNC_STATS in package com.google.android.apps.docs.editors.slides
11-03 11:25:42.442   867   867 W PackageManager: Not granting permission com.google.android.gm.permission.READ_GMAIL to package com.google.android.apps.docs.editors.slides (protectionLevel=2 flags=0x3859be44)
11-03 11:25:42.442   867   867 W PackageManager: Not granting permission com.google.android.googleapps.permission.GOOGLE_AUTH to package com.google.android.apps.docs.editors.slides (protectionLevel=2 flags=0x3859be44)
11-03 11:25:42.443   867   867 W PackageManager: Not granting permission com.google.android.googleapps.permission.GOOGLE_AUTH.OTHER_SERVICES to package com.google.android.apps.docs.editors.slides (protectionLevel=2 flags=0x3859be44)
11-03 11:25:42.443   867   867 W PackageManager: Not granting permission com.google.android.googleapps.permission.GOOGLE_AUTH.ALL_SERVICES to package com.google.android.apps.docs.editors.slides (protectionLevel=2 flags=0x3859be44)
11-03 11:25:42.443   867   867 W PackageManager: Not granting permission com.google.android.googleapps.permission.GOOGLE_AUTH.writely to package com.google.android.apps.docs.editors.slides (protectionLevel=2 flags=0x3859be44)
11-03 11:25:42.443   867   867 W PackageManager: Not granting permission com.google.android.googleapps.permission.GOOGLE_AUTH.wise to package com.google.android.apps.docs.editors.slides (protectionLevel=2 flags=0x3859be44)
11-03 11:25:42.443   867   867 W PackageManager: Not granting permission android.permission.READ_EXTERNAL_STORAGE to package com.google.android.apps.docs.editors.slides because it was previously installed without
11-03 11:25:42.443   867   867 W PackageManager: Not granting permission android.permission.ACCESS_COARSE_LOCATION to package com.google.android.apps.genie.geniewidget because it was previously installed without
11-03 11:25:42.443   867   867 W PackageManager: Not granting permission android.permission.ACCESS_FINE_LOCATION to package com.google.android.apps.genie.geniewidget because it was previously installed without
11-03 11:25:42.443   867   867 W PackageManager: Not granting permission android.permission.SEND_DOWNLOAD_COMPLETED_INTENTS to package com.android.vending (protectionLevel=2 flags=0x384abec5)
11-03 11:25:42.444   867   867 I PackageManager: Un-granting permission android.permission.INSTALL_GRANT_RUNTIME_PERMISSIONS from package com.android.vending (protectionLevel=770 flags=0x384abec5)
11-03 11:25:42.444   867   867 I PackageManager: Un-granting permission android.permission.GRANT_RUNTIME_PERMISSIONS from package com.android.vending (protectionLevel=770 flags=0x384abec5)
11-03 11:25:42.444   867   867 I PackageManager: Un-granting permission android.permission.REVOKE_RUNTIME_PERMISSIONS from package com.android.vending (protectionLevel=770 flags=0x384abec5)
11-03 11:25:42.444   867   867 W PackageManager: Unknown permission android.permission.NFC_UNLOCK in package com.android.nfc
11-03 11:25:42.444   867   867 W PackageManager: Unknown permission com.android.launcher.permission.READ_SETTINGS in package com.google.android.launcher
11-03 11:25:42.445   867   867 W PackageManager: Unknown permission com.android.launcher.permission.WRITE_SETTINGS in package com.google.android.launcher
11-03 11:25:42.445   867   867 W PackageManager: Unknown permission com.google.android.email.permission.ACCESS_PROVIDER in package com.google.android.gm
11-03 11:25:42.445   867   867 W PackageManager: Unknown permission com.google.android.gm.exchange.BIND in package com.google.android.gm
11-03 11:25:42.445   867   867 W PackageManager: Unknown permission com.android.email.partnerprovider.PARTNER_PROVIDER in package com.google.android.gm
11-03 11:25:42.445   867   867 W PackageManager: Unknown permission com.samsung.android.providers.context.permission.WRITE_USE_APP_FEATURE_SURVEY in package com.google.android.music
11-03 11:25:42.446   867   867 W PackageManager: Not granting permission android.permission.REGISTER_CONNECTION_MANAGER to package com.google.android.dialer (protectionLevel=18 flags=0x3849bec5)
11-03 11:25:42.446   867   867 W PackageManager: Unknown permission android.permission.WRITE_SYNC_STATS in package com.google.android.apps.docs
11-03 11:25:42.446   867   867 W PackageManager: Not granting permission com.google.android.apps.photos.permission.GOOGLE_PHOTOS to package com.google.android.apps.plus because it was previously installed without
11-03 11:25:42.446   867   867 W PackageManager: Not granting permission android.permission.GET_ACCOUNTS to package com.google.android.apps.plus because it was previously installed without
11-03 11:25:42.446   867   867 W PackageManager: Not granting permission android.permission.ACCESS_FINE_LOCATION to package com.google.android.apps.plus because it was previously installed without
11-03 11:25:42.446   867   867 W PackageManager: Not granting permission android.permission.ACCESS_COARSE_LOCATION to package com.google.android.apps.plus because it was previously installed without
11-03 11:25:42.446   867   867 W PackageManager: Not granting permission android.permission.WRITE_EXTERNAL_STORAGE to package com.google.android.apps.plus because it was previously installed without
11-03 11:25:42.446   867   867 W PackageManager: Not granting permission android.permission.READ_CONTACTS to package com.google.android.apps.plus because it was previously installed without
11-03 11:25:42.446   867   867 W PackageManager: Not granting permission android.permission.WRITE_CONTACTS to package com.google.android.apps.plus because it was previously installed without
11-03 11:25:42.447   867   867 W PackageManager: Not granting permission android.permission.READ_PHONE_STATE to package com.google.android.apps.plus because it was previously installed without
11-03 11:25:42.447   867   867 W PackageManager: Not granting permission android.permission.CAMERA to package com.google.android.apps.plus because it was previously installed without
11-03 11:25:42.447   867   867 W PackageManager: Not granting permission android.permission.RECORD_AUDIO to package com.google.android.apps.plus because it was previously installed without
11-03 11:25:42.447   867   867 W PackageManager: Unknown permission com.google.android.gallery3d.permission.PICASA_STORE in package com.google.android.apps.plus
11-03 11:25:42.447   867   867 W PackageManager: Not granting permission android.permission.READ_EXTERNAL_STORAGE to package com.google.android.apps.plus because it was previously installed without
11-03 11:25:42.447   867   867 W PackageManager: Not granting permission android.permission.INTERACT_ACROSS_USERS to package com.google.android.syncadapters.contacts (protectionLevel=50 flags=0x38083e45)
11-03 11:25:42.447   867   867 W PackageManager: Unknown permission com.google.android.syncadapters.contacts.permission.GAL_SEARCH in package com.google.android.syncadapters.contacts
11-03 11:25:42.447   867   867 W PackageManager: Unknown permission com.sec.android.provider.badge.permission.READ in package com.crysky.forestwalker
11-03 11:25:42.447   867   867 W PackageManager: Unknown permission com.sec.android.provider.badge.permission.WRITE in package com.crysky.forestwalker
11-03 11:25:42.447   867   867 W PackageManager: Unknown permission com.htc.launcher.permission.READ_SETTINGS in package com.crysky.forestwalker
11-03 11:25:42.448   867   867 W PackageManager: Unknown permission com.htc.launcher.permission.UPDATE_SHORTCUT in package com.crysky.forestwalker
11-03 11:25:42.448   867   867 W PackageManager: Unknown permission com.sonyericsson.home.permission.BROADCAST_BADGE in package com.crysky.forestwalker
11-03 11:25:42.448   867   867 W PackageManager: Unknown permission com.sonymobile.home.permission.PROVIDER_INSERT_BADGE in package com.crysky.forestwalker
11-03 11:25:42.448   867   867 W PackageManager: Unknown permission com.anddoes.launcher.permission.UPDATE_COUNT in package com.crysky.forestwalker
11-03 11:25:42.448   867   867 W PackageManager: Unknown permission com.majeur.launcher.permission.UPDATE_BADGE in package com.crysky.forestwalker
11-03 11:25:42.448   867   867 W PackageManager: Unknown permission com.huawei.android.launcher.permission.CHANGE_BADGE in package com.crysky.forestwalker
11-03 11:25:42.448   867   867 W PackageManager: Unknown permission com.huawei.android.launcher.permission.READ_SETTINGS in package com.crysky.forestwalker
11-03 11:25:42.448   867   867 W PackageManager: Unknown permission com.huawei.android.launcher.permission.WRITE_SETTINGS in package com.crysky.forestwalker
11-03 11:25:42.448   867   867 W PackageManager: Unknown permission com.chrome.permission.DEVICE_EXTRAS in package com.android.chrome
11-03 11:25:42.448   867   867 W PackageManager: Unknown permission com.sec.enterprise.knox.MDM_CONTENT_PROVIDER in package com.android.chrome
11-03 11:25:42.448   867   867 I PackageManager: Un-granting permission android.permission.CLEAR_APP_USER_DATA from package com.google.android.packageinstaller (protectionLevel=258 flags=0x38483e45)
11-03 11:25:42.448   867   867 I PackageManager: Un-granting permission android.permission.GRANT_RUNTIME_PERMISSIONS from package com.google.android.packageinstaller (protectionLevel=770 flags=0x38483e45)
11-03 11:25:42.448   867   867 I PackageManager: Un-granting permission android.permission.REVOKE_RUNTIME_PERMISSIONS from package com.google.android.packageinstaller (protectionLevel=770 flags=0x38483e45)
11-03 11:25:42.448   867   867 I PackageManager: Un-granting permission android.permission.INSTALL_GRANT_RUNTIME_PERMISSIONS from package com.google.android.packageinstaller (protectionLevel=770 flags=0x38483e45)
11-03 11:25:42.448   867   867 I PackageManager: Un-granting permission android.permission.INTERACT_ACROSS_USERS_FULL from package com.google.android.packageinstaller (protectionLevel=258 flags=0x38483e45)
11-03 11:25:42.448   867   867 I PackageManager: Un-granting permission android.permission.KILL_UID from package com.google.android.packageinstaller (protectionLevel=258 flags=0x38483e45)
11-03 11:25:42.449   867   867 I PackageManager: Un-granting permission android.permission.MANAGE_APP_OPS_RESTRICTIONS from package com.google.android.packageinstaller (protectionLevel=258 flags=0x38483e45)
11-03 11:25:42.449   867   867 W PackageManager: Unknown permission com.google.android.permission.INSTALL_WEARABLE_PACKAGES in package com.google.android.packageinstaller
11-03 11:25:42.449   867   867 W PackageManager: Unknown permission android.permission.CONNECTIVITY_USE_RESTRICTED_NETWORKS in package com.google.android.gms
11-03 11:25:42.449   867   867 W PackageManager: Unknown permission com.google.android.wearable.READ_SETTINGS in package com.google.android.gms
11-03 11:25:42.449   867   867 W PackageManager: Unknown permission com.google.android.wh.supervisor.permission.ACCESS_METADATA_SERVICE in package com.google.android.gms
11-03 11:25:42.450   867   867 W PackageManager: Unknown permission com.android.launcher.permission.PRELOAD_WORKSPACE in package com.google.android.partnersetup
11-03 11:25:42.450   867   867 W PackageManager: Not granting permission com.google.android.googleapps.permission.GOOGLE_AUTH to package com.google.android.videos (protectionLevel=2 flags=0x385bbec5)
11-03 11:25:42.450   867   867 W PackageManager: Unknown permission com.google.android.gallery3d.permission.PICASA_STORE in package com.google.android.apps.photos
11-03 11:25:42.450   867   867 W PackageManager: Not granting permission android.permission.WRITE_MEDIA_STORAGE to package com.google.android.apps.photos (protectionLevel=18 flags=0x3858bec5)
11-03 11:25:42.450   867   867 W PackageManager: Unknown permission com.google.android.gm.exchange.BIND in package com.google.android.calendar
11-03 11:25:42.451   867   867 W PackageManager: Not granting permission android.permission.CONTROL_KEYGUARD to package com.google.android.gsf.login (protectionLevel=2 flags=0x3048be45)
11-03 11:25:42.451   867   867 W PackageManager: Unknown permission com.android.vending.billing.IBillingAccountService.BIND2 in package com.google.android.gsf.login
11-03 11:25:42.451   867   867 W PackageManager: Unknown permission com.android.launcher.permission.READ_SETTINGS in package com.android.settings
11-03 11:25:42.451   867   867 W PackageManager: Unknown permission com.android.launcher.permission.WRITE_SETTINGS in package com.android.settings
11-03 11:25:42.451   867   867 W PackageManager: Not granting permission android.permission.READ_EXTERNAL_STORAGE to package com.google.android.apps.books because it was previously installed without
11-03 11:25:42.451   867   867 W PackageManager: Unknown permission com.android.permission.DCMO_SETTINGS in package com.android.omadm.service
11-03 11:25:42.451   867   867 W PackageManager: Not granting permission android.permission.GET_ACCOUNTS to package com.google.android.keep because it was previously installed without
11-03 11:25:42.451   867   867 W PackageManager: Not granting permission android.permission.WRITE_EXTERNAL_STORAGE to package com.google.android.keep because it was previously installed without
11-03 11:25:42.452   867   867 W PackageManager: Not granting permission android.permission.RECORD_AUDIO to package com.google.android.keep because it was previously installed without
11-03 11:25:42.452   867   867 W PackageManager: Not granting permission android.permission.ACCESS_FINE_LOCATION to package com.google.android.keep because it was previously installed without
11-03 11:25:42.452   867   867 W PackageManager: Not granting permission android.permission.READ_CONTACTS to package com.google.android.keep because it was previously installed without
11-03 11:25:42.452   867   867 W PackageManager: Not granting permission android.permission.READ_EXTERNAL_STORAGE to package com.google.android.keep because it was previously installed without
11-03 11:25:42.452   867   867 W PackageManager: Not granting permission android.permission.REGISTER_CONNECTION_MANAGER to package com.google.android.talk (protectionLevel=18 flags=0x3059bec5)
11-03 11:25:42.452   867   867 W PackageManager: Unknown permission com.android.smspush.WAPPUSH_MANAGER_BIND in package com.android.phone
11-03 11:25:42.453   867   867 W PackageManager: Unknown permission com.android.gallery3d.permission.GALLERY_PROVIDER in package com.android.bluetooth
11-03 11:25:42.453   867   867 W PackageManager: Not granting permission android.permission.BIND_WALLPAPER to package com.google.android.GoogleCamera (protectionLevel=18 flags=0x30583c45)
11-03 11:25:42.453   867   867 V PackageManager: reconcileAppsData for null u0 0x3
11-03 11:25:42.776   867   867 V PackageManager: reconcileAppsData finished 134 packages; restoreconNeeded was false
11-03 11:25:42.946   867   867 I SystemServer: StartOtaDexOptService
11-03 11:25:42.983   867   867 I SystemServer: StartUserManagerService
11-03 11:25:42.984   867   867 I SystemServiceManager: Starting com.android.server.pm.UserManagerService$LifeCycle
11-03 11:25:43.071   867   867 I SystemServiceManager: Starting com.android.server.BatteryService
11-03 11:25:43.083   867   867 I SystemServiceManager: Starting com.android.server.usage.UsageStatsService
11-03 11:25:43.105   867   867 I SystemServiceManager: Starting com.android.server.webkit.WebViewUpdateService
11-03 11:25:43.115   867   867 I SystemServer: Reading configuration...
11-03 11:25:43.115   867   867 I SystemServer: StartSchedulingPolicyService
11-03 11:25:43.117   867   867 I SystemServiceManager: Starting com.android.server.telecom.TelecomLoaderService
11-03 11:25:43.119   867   867 I SystemServer: StartTelephonyRegistry
11-03 11:25:43.127   867   867 I SystemServer: StartEntropyMixer
11-03 11:25:43.135   867   867 I EntropyMixer: Added HW RNG output to entropy pool
11-03 11:25:43.135   867   867 I EntropyMixer: Writing entropy...
11-03 11:25:43.142   867   867 I SystemServer: Camera Service
11-03 11:25:43.143   867   867 I SystemServiceManager: Starting com.android.server.camera.CameraService
11-03 11:25:43.147   867   867 I SystemServer: StartAccountManagerService
11-03 11:25:43.149   867   867 I SystemServiceManager: Starting com.android.server.accounts.AccountManagerService$Lifecycle
11-03 11:25:43.158   867   867 I SystemServer: StartContentService
11-03 11:25:43.160   867   867 I SystemServiceManager: Starting com.android.server.content.ContentService$Lifecycle
11-03 11:25:43.165   867   867 I SystemServer: InstallSystemProviders
11-03 11:25:43.215   867   867 I SystemServer: StartVibratorService
11-03 11:25:43.221   867   867 I SystemServer: StartConsumerIrService
11-03 11:25:43.224   867   867 I SystemServer: StartAlarmManagerService
11-03 11:25:43.224   867   867 I SystemServiceManager: Starting com.android.server.AlarmManagerService
11-03 11:25:43.234   867   867 I SystemServer: InitWatchdog
11-03 11:25:43.235   867   867 I SystemServer: StartInputManagerService
11-03 11:25:43.238   867   867 I InputManager: Initializing input manager, mUseDevInputEventForAudioJack=true
11-03 11:25:43.240   867   867 I SystemServer: StartWindowManagerService
11-03 11:25:43.267   867   887 I WindowManager: No existing display settings /data/system/display_settings.xml; starting empty
11-03 11:25:43.326   867   867 I SystemServer: StartVrManagerService
11-03 11:25:43.326   867   867 I SystemServiceManager: Starting com.android.server.vr.VrManagerService
11-03 11:25:43.343   867   867 I VrManagerService: VR package found, enabling VR components
11-03 11:25:43.349   867   867 I InputManager: Starting input manager
11-03 11:25:43.356   867   867 I SystemServiceManager: Starting com.android.server.BluetoothService
11-03 11:25:43.364   867   867 D BluetoothManagerService: Loading stored name and address
11-03 11:25:43.364   867   867 D BluetoothManagerService: Stored bluetooth Name=Nexus 5X,Address=80:5A:04:2D:64:A1
11-03 11:25:43.365   867   867 I SystemServer: ConnectivityMetricsLoggerService
11-03 11:25:43.365   867   867 I SystemServiceManager: Starting com.android.server.connectivity.MetricsLoggerService
11-03 11:25:43.368   867   867 I SystemServer: PinnerService
11-03 11:25:43.368   867   867 I SystemServiceManager: Starting com.android.server.PinnerService
11-03 11:25:43.368   867   867 E PinnerService: Starting PinnerService
11-03 11:25:43.453   867   867 I PinnerService: Pinned file = /system/framework/arm64/boot-framework.oat
11-03 11:25:43.494   867   867 I PinnerService: Pinned file = /system/framework/oat/arm64/services.odex
11-03 11:25:43.509   867   867 I PinnerService: Pinned file = /system/framework/arm64/boot.oat
11-03 11:25:43.518   867   867 I PinnerService: Pinned file = /system/framework/arm64/boot-core-libart.oat
11-03 11:25:43.519   867   867 I SystemServiceManager: Starting com.android.server.InputMethodManagerService$Lifecycle
11-03 11:25:43.636   867   867 I SystemServer: StartAccessibilityManagerService
11-03 11:25:43.643   867   867 I ActivityManager: Config changes=1df8 {1.0 ?mcc?mnc [es_ES] ldltr sw411dp w411dp h731dp 420dpi nrml long port ?uimode ?night -touch -keyb/v/h -nav/h s.2}
11-03 11:25:43.674   867   887 I ActivityManager: Config changes=508 {1.0 ?mcc?mnc [es_ES] ldltr sw411dp w411dp h659dp 420dpi nrml port ?uimode ?night finger -keyb/v/h -nav/h s.3}
11-03 11:25:43.675   867   879 I UsageStatsService: User[0] Rollover scheduled @ 2016-10-28 14:39:23(1477658363464)
11-03 11:25:43.680   867   879 I UsageStatsService: User[0] Rolling over usage stats
11-03 11:25:43.702   867   879 I UsageStatsService: User[0] Rollover scheduled @ 2016-11-04 11:25:43(1478255143643)
11-03 11:25:43.702   867   879 I UsageStatsService: User[0] Rolling over usage stats complete. Took 22 milliseconds
11-03 11:25:43.723   867   867 I SystemServiceManager: Starting com.android.server.MountService$Lifecycle
11-03 11:25:43.731   867   867 I SystemServiceManager: Starting com.android.server.UiModeManagerService
11-03 11:25:43.731   867  3009 D MountService: Thinking about init, mSystemReady=false, mDaemonConnected=true
11-03 11:25:43.732   867  3009 D MountService: Thinking about reset, mSystemReady=false, mDaemonConnected=true
11-03 11:25:43.732   867  3009 D MountService: Thinking about init, mSystemReady=false, mDaemonConnected=true
11-03 11:25:43.732   867  3009 D MountService: Thinking about reset, mSystemReady=false, mDaemonConnected=true
11-03 11:25:43.732   867  3009 D CryptdConnector: SND -> {1 cryptfs getfield SystemLocale}
11-03 11:25:43.734   867   867 I ActivityManager: Config changes=200 {1.0 ?mcc?mnc [es_ES] ldltr sw411dp w411dp h659dp 420dpi nrml port finger -keyb/v/h -nav/h s.4}
11-03 11:25:43.735   867  3011 D CryptdConnector: RCV <- {113 1 es-ES}
11-03 11:25:43.736   867  3011 D CryptdConnector: RCV <- {200 1 0}
11-03 11:25:43.736   867  3009 D MountService: Got locale es-ES from mount service
11-03 11:25:43.763   867  3009 D MountService: Setting system properties to es-ES from mount service
11-03 11:25:43.764   867   867 W PackageManager: No disk maintenance in 596780764; running immediately
11-03 11:25:43.765   867   867 I SystemServer: StartLockSettingsService
11-03 11:25:43.767   867   867 I SystemServiceManager: Starting com.android.server.LockSettingsService$Lifecycle
11-03 11:25:43.770   867  3009 W MountService: No primary storage mounted!
11-03 11:25:43.770   867  3009 D VoldConnector: SND -> {1 asec list}
11-03 11:25:43.772   867  3010 D VoldConnector: RCV <- {200 1 asec operation succeeded}
11-03 11:25:43.773   867  3009 W PackageManager: Not granting permission android.permission.MANAGE_DOCUMENTS to package com.google.android.youtube (protectionLevel=2 flags=0x3cd9bec5)
11-03 11:25:43.774   867  3009 W PackageManager: Unknown permission com.google.android.voicesearch.SHORTCUTS_ACCESS in package com.google.android.googlequicksearchbox
11-03 11:25:43.774   867  3009 W PackageManager: Unknown permission com.google.android.voicesearch.ACCESS_SETTINGS in package com.google.android.googlequicksearchbox
11-03 11:25:43.774   867  3009 W PackageManager: Unknown permission com.android.browser.permission.PRELOAD in package com.google.android.googlequicksearchbox
11-03 11:25:43.774   867  3009 W PackageManager: Unknown permission com.google.android.ears.permission.WRITE in package com.google.android.googlequicksearchbox
11-03 11:25:43.775   867  3009 W PackageManager: Unknown permission com.google.android.apps.googlevoice.permission.AUTO_SEND in package com.google.android.googlequicksearchbox
11-03 11:25:43.775   867  3009 W PackageManager: Unknown permission com.android.chrome.PRERENDER_URL in package com.google.android.googlequicksearchbox
11-03 11:25:43.775   867  3009 W PackageManager: Not granting permission com.google.android.googleapps.permission.GOOGLE_AUTH to package com.android.providers.calendar (protectionLevel=2 flags=0x30883e45)
11-03 11:25:43.775   867  3009 W PackageManager: Not granting permission com.google.android.googleapps.permission.GOOGLE_AUTH.cl to package com.android.providers.calendar (protectionLevel=2 flags=0x30883e45)
11-03 11:25:43.776   867  3009 W PackageManager: Not granting permission android.permission.WRITE_EXTERNAL_STORAGE to package com.google.android.apps.docs.editors.docs because it was previously installed without
11-03 11:25:43.776   867  3009 W PackageManager: Not granting permission android.permission.GET_ACCOUNTS to package com.google.android.apps.docs.editors.docs because it was previously installed without
11-03 11:25:43.776   867  3009 W PackageManager: Not granting permission android.permission.READ_CONTACTS to package com.google.android.apps.docs.editors.docs because it was previously installed without
11-03 11:25:43.776   867  3009 W PackageManager: Unknown permission android.permission.WRITE_SYNC_STATS in package com.google.android.apps.docs.editors.docs
11-03 11:25:43.776   867  3009 W PackageManager: Not granting permission com.google.android.gm.permission.READ_GMAIL to package com.google.android.apps.docs.editors.docs (protectionLevel=2 flags=0x38d9be44)
11-03 11:25:43.776   867  3009 W PackageManager: Not granting permission com.google.android.googleapps.permission.GOOGLE_AUTH to package com.google.android.apps.docs.editors.docs (protectionLevel=2 flags=0x38d9be44)
11-03 11:25:43.776   867  3009 W PackageManager: Not granting permission com.google.android.googleapps.permission.GOOGLE_AUTH.OTHER_SERVICES to package com.google.android.apps.docs.editors.docs (protectionLevel=2 flags=0x38d9be44)
11-03 11:25:43.776   867  3009 W PackageManager: Not granting permission com.google.android.googleapps.permission.GOOGLE_AUTH.ALL_SERVICES to package com.google.android.apps.docs.editors.docs (protectionLevel=2 flags=0x38d9be44)
11-03 11:25:43.776   867  3009 W PackageManager: Not granting permission com.google.android.googleapps.permission.GOOGLE_AUTH.writely to package com.google.android.apps.docs.editors.docs (protectionLevel=2 flags=0x38d9be44)
11-03 11:25:43.776   867  3009 W PackageManager: Not granting permission com.google.android.googleapps.permission.GOOGLE_AUTH.wise to package com.google.android.apps.docs.editors.docs (protectionLevel=2 flags=0x38d9be44)
11-03 11:25:43.776   867  3009 W PackageManager: Not granting permission android.permission.READ_EXTERNAL_STORAGE to package com.google.android.apps.docs.editors.docs because it was previously installed without
11-03 11:25:43.776   867  3009 W PackageManager: Not granting permission android.permission.WRITE_SECURE_SETTINGS to package com.google.android.apps.enterprise.dmagent (protectionLevel=50 flags=0x38083e05)
11-03 11:25:43.776   867  3009 W PackageManager: Not granting permission android.permission.CONNECTIVITY_INTERNAL to package com.google.android.apps.enterprise.dmagent (protectionLevel=18 flags=0x38083e05)
11-03 11:25:43.776   867  3009 W PackageManager: Not granting permission android.permission.MANAGE_USB to package com.google.android.apps.enterprise.dmagent (protectionLevel=18 flags=0x38083e05)
11-03 11:25:43.776   867  3009 W PackageManager: Not granting permission android.permission.CHANGE_COMPONENT_ENABLED_STATE to package com.google.android.apps.enterprise.dmagent (protectionLevel=18 flags=0x38083e05)
11-03 11:25:43.776   867  3009 W PackageManager: Not granting permission android.permission.MANAGE_CA_CERTIFICATES to package com.google.android.apps.enterprise.dmagent (protectionLevel=18 flags=0x38083e05)
11-03 11:25:43.776   867  3009 W PackageManager: Not granting permission android.permission.MANAGE_USERS to package com.google.android.apps.enterprise.dmagent (protectionLevel=18 flags=0x38083e05)
11-03 11:25:43.776   867  3009 W PackageManager: Not granting permission android.permission.GET_ACCOUNTS to package com.google.android.apps.docs.editors.sheets because it was previously installed without
11-03 11:25:43.776   867  3009 W PackageManager: Unknown permission android.permission.WRITE_SYNC_STATS in package com.google.android.apps.docs.editors.sheets
11-03 11:25:43.776   867  3009 W PackageManager: Not granting permission android.permission.WRITE_EXTERNAL_STORAGE to package com.google.android.apps.docs.editors.sheets because it was previously installed without
11-03 11:25:43.776   867  3009 W PackageManager: Not granting permission android.permission.READ_CONTACTS to package com.google.android.apps.docs.editors.sheets because it was previously installed without
11-03 11:25:43.776   867  3009 W PackageManager: Not granting permission com.google.android.gm.permission.READ_GMAIL to package com.google.android.apps.docs.editors.sheets (protectionLevel=2 flags=0x3899be44)
11-03 11:25:43.776   867  3009 W PackageManager: Not granting permission com.google.android.googleapps.permission.GOOGLE_AUTH to package com.google.android.apps.docs.editors.sheets (protectionLevel=2 flags=0x3899be44)
11-03 11:25:43.777   867  3009 W PackageManager: Not granting permission com.google.android.googleapps.permission.GOOGLE_AUTH.OTHER_SERVICES to package com.google.android.apps.docs.editors.sheets (protectionLevel=2 flags=0x3899be44)
11-03 11:25:43.777   867  3009 W PackageManager: Not granting permission com.google.android.googleapps.permission.GOOGLE_AUTH.ALL_SERVICES to package com.google.android.apps.docs.editors.sheets (protectionLevel=2 flags=0x3899be44)
11-03 11:25:43.777   867  3009 W PackageManager: Not granting permission com.google.android.googleapps.permission.GOOGLE_AUTH.writely to package com.google.android.apps.docs.editors.sheets (protectionLevel=2 flags=0x3899be44)
11-03 11:25:43.777   867  3009 W PackageManager: Not granting permission com.google.android.googleapps.permission.GOOGLE_AUTH.wise to package com.google.android.apps.docs.editors.sheets (protectionLevel=2 flags=0x3899be44)
11-03 11:25:43.777   867  3009 W PackageManager: Not granting permission android.permission.READ_EXTERNAL_STORAGE to package com.google.android.apps.docs.editors.sheets because it was previously installed without
11-03 11:25:43.777   867  3009 W PackageManager: Not granting permission android.permission.GET_ACCOUNTS to package com.google.android.apps.docs.editors.slides because it was previously installed without
11-03 11:25:43.777   867   867 I SystemServiceManager: Starting com.android.server.PersistentDataBlockService
11-03 11:25:43.777   867  3009 W PackageManager: Not granting permission android.permission.READ_CONTACTS to package com.google.android.apps.docs.editors.slides because it was previously installed without
11-03 11:25:43.777   867  3009 W PackageManager: Not granting permission android.permission.WRITE_EXTERNAL_STORAGE to package com.google.android.apps.docs.editors.slides because it was previously installed without
11-03 11:25:43.777   867  3009 W PackageManager: Not granting permission android.permission.READ_CALENDAR to package com.google.android.apps.docs.editors.slides because it was previously installed without
11-03 11:25:43.777   867  3009 W PackageManager: Not granting permission android.permission.CAMERA to package com.google.android.apps.docs.editors.slides because it was previously installed without
11-03 11:25:43.777   867  3009 W PackageManager: Not granting permission android.permission.RECORD_AUDIO to package com.google.android.apps.docs.editors.slides because it was previously installed without
11-03 11:25:43.777   867  3009 W PackageManager: Unknown permission android.permission.WRITE_SYNC_STATS in package com.google.android.apps.docs.editors.slides
11-03 11:25:43.777   867  3009 W PackageManager: Not granting permission com.google.android.gm.permission.READ_GMAIL to package com.google.android.apps.docs.editors.slides (protectionLevel=2 flags=0x38d9be44)
11-03 11:25:43.778   867  3009 W PackageManager: Not granting permission com.google.android.googleapps.permission.GOOGLE_AUTH to package com.google.android.apps.docs.editors.slides (protectionLevel=2 flags=0x38d9be44)
11-03 11:25:43.778   867  3009 W PackageManager: Not granting permission com.google.android.googleapps.permission.GOOGLE_AUTH.OTHER_SERVICES to package com.google.android.apps.docs.editors.slides (protectionLevel=2 flags=0x38d9be44)
11-03 11:25:43.778   867  3009 W PackageManager: Not granting permission com.google.android.googleapps.permission.GOOGLE_AUTH.ALL_SERVICES to package com.google.android.apps.docs.editors.slides (protectionLevel=2 flags=0x38d9be44)
11-03 11:25:43.778   867  3009 W PackageManager: Not granting permission com.google.android.googleapps.permission.GOOGLE_AUTH.writely to package com.google.android.apps.docs.editors.slides (protectionLevel=2 flags=0x38d9be44)
11-03 11:25:43.778   867  3009 W PackageManager: Not granting permission com.google.android.googleapps.permission.GOOGLE_AUTH.wise to package com.google.android.apps.docs.editors.slides (protectionLevel=2 flags=0x38d9be44)
11-03 11:25:43.778   867  3009 W PackageManager: Not granting permission android.permission.READ_EXTERNAL_STORAGE to package com.google.android.apps.docs.editors.slides because it was previously installed without
11-03 11:25:43.778   867  3009 W PackageManager: Not granting permission android.permission.ACCESS_COARSE_LOCATION to package com.google.android.apps.genie.geniewidget because it was previously installed without
11-03 11:25:43.778   867  3009 W PackageManager: Not granting permission android.permission.ACCESS_FINE_LOCATION to package com.google.android.apps.genie.geniewidget because it was previously installed without
11-03 11:25:43.778   867  3009 W PackageManager: Not granting permission android.permission.SEND_DOWNLOAD_COMPLETED_INTENTS to package com.android.vending (protectionLevel=2 flags=0x38cabec5)
11-03 11:25:43.779   867  3009 W PackageManager: Unknown permission android.permission.NFC_UNLOCK in package com.android.nfc
11-03 11:25:43.779   867  3009 W PackageManager: Unknown permission com.android.launcher.permission.READ_SETTINGS in package com.google.android.launcher
11-03 11:25:43.779   867  3009 W PackageManager: Unknown permission com.android.launcher.permission.WRITE_SETTINGS in package com.google.android.launcher
11-03 11:25:43.779   867  3009 W PackageManager: Unknown permission com.google.android.email.permission.ACCESS_PROVIDER in package com.google.android.gm
11-03 11:25:43.779   867  3009 W PackageManager: Unknown permission com.google.android.gm.exchange.BIND in package com.google.android.gm
11-03 11:25:43.779   867  3009 W PackageManager: Unknown permission com.android.email.partnerprovider.PARTNER_PROVIDER in package com.google.android.gm
11-03 11:25:43.779   867  3009 W PackageManager: Unknown permission com.samsung.android.providers.context.permission.WRITE_USE_APP_FEATURE_SURVEY in package com.google.android.music
11-03 11:25:43.779   867  3009 W PackageManager: Not granting permission android.permission.REGISTER_CONNECTION_MANAGER to package com.google.android.dialer (protectionLevel=18 flags=0x38c9bec5)
11-03 11:25:43.780   867  3009 W PackageManager: Unknown permission android.permission.WRITE_SYNC_STATS in package com.google.android.apps.docs
11-03 11:25:43.780   867  3009 W PackageManager: Not granting permission com.google.android.apps.photos.permission.GOOGLE_PHOTOS to package com.google.android.apps.plus because it was previously installed without
11-03 11:25:43.780   867  3009 W PackageManager: Not granting permission android.permission.GET_ACCOUNTS to package com.google.android.apps.plus because it was previously installed without
11-03 11:25:43.780   867  3009 W PackageManager: Not granting permission android.permission.ACCESS_FINE_LOCATION to package com.google.android.apps.plus because it was previously installed without
11-03 11:25:43.780   867  3009 W PackageManager: Not granting permission android.permission.ACCESS_COARSE_LOCATION to package com.google.android.apps.plus because it was previously installed without
11-03 11:25:43.780   867  3009 W PackageManager: Not granting permission android.permission.WRITE_EXTERNAL_STORAGE to package com.google.android.apps.plus because it was previously installed without
11-03 11:25:43.780   867  3009 W PackageManager: Not granting permission android.permission.READ_CONTACTS to package com.google.android.apps.plus because it was previously installed without
11-03 11:25:43.780   867  3009 W PackageManager: Not granting permission android.permission.WRITE_CONTACTS to package com.google.android.apps.plus because it was previously installed without
11-03 11:25:43.780   867  3009 W PackageManager: Not granting permission android.permission.READ_PHONE_STATE to package com.google.android.apps.plus because it was previously installed without
11-03 11:25:43.780   867  3009 W PackageManager: Not granting permission android.permission.CAMERA to package com.google.android.apps.plus because it was previously installed without
11-03 11:25:43.780   867  3009 W PackageManager: Not granting permission android.permission.RECORD_AUDIO to package com.google.android.apps.plus because it was previously installed without
11-03 11:25:43.780   867  3009 W PackageManager: Unknown permission com.google.android.gallery3d.permission.PICASA_STORE in package com.google.android.apps.plus
11-03 11:25:43.780   867  3009 W PackageManager: Not granting permission android.permission.READ_EXTERNAL_STORAGE to package com.google.android.apps.plus because it was previously installed without
11-03 11:25:43.780   867  3009 W PackageManager: Not granting permission android.permission.INTERACT_ACROSS_USERS to package com.google.android.syncadapters.contacts (protectionLevel=50 flags=0x38883e45)
11-03 11:25:43.781   867  3009 W PackageManager: Unknown permission com.google.android.syncadapters.contacts.permission.GAL_SEARCH in package com.google.android.syncadapters.contacts
11-03 11:25:43.781   867  3009 W PackageManager: Unknown permission com.sec.android.provider.badge.permission.READ in package com.crysky.forestwalker
11-03 11:25:43.781   867  3009 W PackageManager: Unknown permission com.sec.android.provider.badge.permission.WRITE in package com.crysky.forestwalker
11-03 11:25:43.781   867  3009 W PackageManager: Unknown permission com.htc.launcher.permission.READ_SETTINGS in package com.crysky.forestwalker
11-03 11:25:43.781   867  3009 W PackageManager: Unknown permission com.htc.launcher.permission.UPDATE_SHORTCUT in package com.crysky.forestwalker
11-03 11:25:43.781   867  3009 W PackageManager: Unknown permission com.sonyericsson.home.permission.BROADCAST_BADGE in package com.crysky.forestwalker
11-03 11:25:43.781   867  3009 W PackageManager: Unknown permission com.sonymobile.home.permission.PROVIDER_INSERT_BADGE in package com.crysky.forestwalker
11-03 11:25:43.781   867  3009 W PackageManager: Unknown permission com.anddoes.launcher.permission.UPDATE_COUNT in package com.crysky.forestwalker
11-03 11:25:43.781   867  3009 W PackageManager: Unknown permission com.majeur.launcher.permission.UPDATE_BADGE in package com.crysky.forestwalker
11-03 11:25:43.781   867  3009 W PackageManager: Unknown permission com.huawei.android.launcher.permission.CHANGE_BADGE in package com.crysky.forestwalker
11-03 11:25:43.781   867  3009 W PackageManager: Unknown permission com.huawei.android.launcher.permission.READ_SETTINGS in package com.crysky.forestwalker
11-03 11:25:43.781   867  3009 W PackageManager: Unknown permission com.huawei.android.launcher.permission.WRITE_SETTINGS in package com.crysky.forestwalker
11-03 11:25:43.781   867  3009 W PackageManager: Unknown permission com.chrome.permission.DEVICE_EXTRAS in package com.android.chrome
11-03 11:25:43.781   867  3009 W PackageManager: Unknown permission com.sec.enterprise.knox.MDM_CONTENT_PROVIDER in package com.android.chrome
11-03 11:25:43.781   867  3009 W PackageManager: Unknown permission com.google.android.permission.INSTALL_WEARABLE_PACKAGES in package com.google.android.packageinstaller
11-03 11:25:43.781   867  3009 W PackageManager: Unknown permission android.permission.CONNECTIVITY_USE_RESTRICTED_NETWORKS in package com.google.android.gms
11-03 11:25:43.782   867  3009 W PackageManager: Unknown permission com.google.android.wearable.READ_SETTINGS in package com.google.android.gms
11-03 11:25:43.782   867  3009 W PackageManager: Unknown permission com.google.android.wh.supervisor.permission.ACCESS_METADATA_SERVICE in package com.google.android.gms
11-03 11:25:43.782   867  3009 W PackageManager: Unknown permission com.android.launcher.permission.PRELOAD_WORKSPACE in package com.google.android.partnersetup
11-03 11:25:43.782   867  3009 W PackageManager: Not granting permission com.google.android.googleapps.permission.GOOGLE_AUTH to package com.google.android.videos (protectionLevel=2 flags=0x38dbbec5)
11-03 11:25:43.782   867  3009 W PackageManager: Unknown permission com.google.android.gallery3d.permission.PICASA_STORE in package com.google.android.apps.photos
11-03 11:25:43.782   867  3009 W PackageManager: Not granting permission android.permission.WRITE_MEDIA_STORAGE to package com.google.android.apps.photos (protectionLevel=18 flags=0x38d8bec5)
11-03 11:25:43.782   867  3009 W PackageManager: Unknown permission com.google.android.gm.exchange.BIND in package com.google.android.calendar
11-03 11:25:43.783   867  3009 W PackageManager: Not granting permission android.permission.CONTROL_KEYGUARD to package com.google.android.gsf.login (protectionLevel=2 flags=0x30c8be45)
11-03 11:25:43.783   867  3009 W PackageManager: Unknown permission com.android.vending.billing.IBillingAccountService.BIND2 in package com.google.android.gsf.login
11-03 11:25:43.783   867  3009 W PackageManager: Unknown permission com.android.launcher.permission.READ_SETTINGS in package com.android.settings
11-03 11:25:43.783   867  3009 W PackageManager: Unknown permission com.android.launcher.permission.WRITE_SETTINGS in package com.android.settings
11-03 11:25:43.783   867  3009 W PackageManager: Not granting permission android.permission.READ_EXTERNAL_STORAGE to package com.google.android.apps.books because it was previously installed without
11-03 11:25:43.783   867  3009 W PackageManager: Unknown permission com.android.permission.DCMO_SETTINGS in package com.android.omadm.service
