11-03 11:28:09.061   867   892 W PackageManager: Package com.google.android.gms desires unavailable shared library com.google.android.ble; ignoring!
11-03 11:28:09.063   867   892 W PackageManager: Code path for com.google.android.gms changing from /data/app/com.google.android.gms-2 to /data/app/com.google.android.gms-1
11-03 11:28:09.063   867   892 W PackageManager: Resource path for com.google.android.gms changing from /data/app/com.google.android.gms-2 to /data/app/com.google.android.gms-1
11-03 11:28:09.083   867   892 W PackageManager: Permission group com.google.android.gms.permission.CAR_INFORMATION from package com.google.android.gms ignored: original from com.google.android.gms
11-03 11:28:09.083   867   892 W PackageManager: Permission com.google.android.gms.permission.ACTIVITY_RECOGNITION from package com.google.android.gms in an unknown group android.permission-group.PERSONAL_INFO
11-03 11:28:09.094   867  3065 D ConnectivityService: ConnectivityService NetworkRequestInfo binderDied(NetworkRequest [ id=11, legacyType=-1, [ Capabilities: INTERNET&NOT_RESTRICTED&TRUSTED&NOT_VPN] ], android.os.BinderProxy@b0e1dc9)
11-03 11:28:09.096   867  3042 E ConnectivityService: RemoteException caught trying to send a callback msg for NetworkRequest [ id=11, legacyType=-1, [ Capabilities: INTERNET&NOT_RESTRICTED&TRUSTED&NOT_VPN] ]
11-03 11:28:09.144   867   878 D ConnectivityService: ConnectivityService NetworkRequestInfo binderDied(NetworkRequest [ id=7, legacyType=-1, [ Capabilities: INTERNET&NOT_RESTRICTED&TRUSTED] ], android.os.BinderProxy@48c1cce)
11-03 11:28:09.146   867  3042 E ConnectivityService: RemoteException caught trying to send a callback msg for NetworkRequest [ id=7, legacyType=-1, [ Capabilities: INTERNET&NOT_RESTRICTED&TRUSTED] ]
11-03 11:28:09.211   867   892 W PackageManager: Unknown permission android.permission.CONNECTIVITY_USE_RESTRICTED_NETWORKS in package com.google.android.gms
11-03 11:28:09.212   867   892 W PackageManager: Unknown permission com.google.android.wearable.READ_SETTINGS in package com.google.android.gms
11-03 11:28:09.495   867   880 I ActivityManager: Start proc 6722:com.google.android.gms/u0a13 for broadcast com.google.android.gms/.statementservice.IntentFilterVerificationReceiver
11-03 11:28:09.642   867   892 I ActivityManager: Force stopping com.google.android.gms appid=10013 user=0: pkg removed
11-03 11:28:09.642   867   892 I ActivityManager: Killing 6722:com.google.android.gms/u0a13 (adj 0): stop com.google.android.gms
11-03 11:28:09.642   867   892 D ActivityManager: cleanUpApplicationRecord -- 6722
11-03 11:28:09.667   867   880 I ActivityManager: Start proc 6737:com.android.keychain/1000 for broadcast com.android.keychain/.KeyChainBroadcastReceiver
11-03 11:28:09.702   867   878 I ActivityManager: Start proc 6750:com.google.android.gms.persistent/u0a13 for service com.google.android.gms/.clearcut.service.ClearcutLoggerService
11-03 11:28:09.771  6737  6737 W ContextImpl: Calling a method in the system process without a qualified user: android.app.ContextImpl.startService:1385 android.content.ContextWrapper.startService:613 android.content.ContextWrapper.startService:613 com.android.keychain.KeyChainBroadcastReceiver.onReceive:12 android.app.ActivityThread.handleReceiver:3011 
11-03 11:28:09.788   867  3065 I ActivityManager: Start proc 6764:com.android.musicfx/u0a23 for broadcast com.android.musicfx/.Compatibility$Receiver
11-03 11:28:09.903   867  4121 I ActivityManager: Start proc 6782:com.google.android.apps.docs/u0a45 for broadcast com.google.android.apps.docs/.receivers.AppPackageAddRemoveReceiver
11-03 11:28:09.967   867   879 I ActivityManager: Start proc 6795:com.android.printspooler/u0a70 for service com.android.printspooler/.model.PrintSpoolerService
11-03 11:28:10.048   867  3767 I ActivityManager: Start proc 6810:com.google.android.gms/u0a13 for service com.google.android.gms/.chimera.GmsIntentOperationService
11-03 11:28:10.192   867   867 V BackupManagerService: Connected to transport ComponentInfo{com.google.android.gms/com.google.android.gms.backup.BackupTransportService}
11-03 11:28:10.192   867   867 V BackupManagerService: Registering transport com.google.android.gms/.backup.BackupTransportService::com.google.android.gms/.backup.BackupTransportService = com.android.internal.backup.IBackupTransport$Stub$Proxy@c64cafe
11-03 11:28:10.557   867   886 D BluetoothManagerService: Message: 20
11-03 11:28:10.557   867   886 D BluetoothManagerService: Added callback: android.bluetooth.IBluetoothManagerCallback$Stub$Proxy@c8bb472:true
11-03 11:28:11.131   867  4011 D WifiService: acquireWifiLockLocked: WifiLock{NlpWifiLock type=2 uid=10013}
11-03 11:28:11.513   867  4121 I ActivityManager: Start proc 6897:com.google.android.googlequicksearchbox:search/u0a31 for broadcast com.google.android.googlequicksearchbox/com.google.android.apps.gsa.search.core.icingsync.IcingCorporaChangedReceiver
11-03 11:28:12.287   867   877 I ActivityManager: Start proc 6973:com.google.android.partnersetup/u0a19 for broadcast com.google.android.partnersetup/.RlzPingBroadcastReceiver
11-03 11:28:13.103   867  4011 D WifiService: acquireWifiLockLocked: WifiLock{NlpWifiLock type=2 uid=10013}
11-03 11:28:13.432   867  5136 D WifiService: releaseWifiLockLocked: WifiLock{NlpWifiLock type=2 uid=10013}
11-03 11:28:13.466   867  3766 D WifiService: releaseWifiLockLocked: WifiLock{NlpWifiLock type=2 uid=10013}
11-03 11:28:13.699   867  4011 I ActivityManager: Start proc 7072:com.google.android.gms.feedback/u0a13 for service com.google.android.gms/.feedback.OfflineReportSendTaskService
11-03 11:28:14.074   867  3065 I ActivityManager: Process com.google.android.gms (pid 6810) has died
11-03 11:28:14.074   867  3065 D ActivityManager: cleanUpApplicationRecord -- 6810
11-03 11:28:14.075   867  3065 W ActivityManager: Scheduling restart of crashed service com.google.android.gms/.security.snet.SnetNormalTaskService in 1000ms
11-03 11:28:14.075   867  3065 W ActivityManager: Scheduling restart of crashed service com.google.android.gms/.herrevad.services.ProcessReportsService in 11000ms
11-03 11:28:14.075   867  3065 W ActivityManager: Scheduling restart of crashed service com.google.android.gms/com.google.android.libraries.social.autobackup.AutoBackupGcmTaskService in 21000ms
11-03 11:28:14.075   867  3065 W ActivityManager: Scheduling restart of crashed service com.google.android.gms/.games.chimera.GamesUploadServiceProxy in 31000ms
11-03 11:28:14.075   867  3065 W ActivityManager: Scheduling restart of crashed service com.google.android.gms/.auth.authzen.api.service.internaldata.CryptauthInternalDataService in 41000ms
11-03 11:28:14.075   867  3065 W ActivityManager: Scheduling restart of crashed service com.google.android.gms/.perfprofile.uploader.PerfProfileCollectorService in 51000ms
11-03 11:28:14.075   867  3065 W ActivityManager: Scheduling restart of crashed service com.google.android.gms/.icing.indexapi.OneoffRebuildIndexService in 61000ms
11-03 11:28:14.075   867  3065 W ActivityManager: Scheduling restart of crashed service com.google.android.gms/.people.service.bg.PeopleOneoffSyncGcmTask in 71000ms
11-03 11:28:14.075   867  3065 W ActivityManager: Scheduling restart of crashed service com.google.android.gms/com.google.android.location.places.quota.QuotaUploadingService in 81000ms
11-03 11:28:14.075   867  3065 W ActivityManager: Scheduling restart of crashed service com.google.android.gms/.googlehelp.gcm.InvalidateGcmTokenGcmTaskService in 91000ms
11-03 11:28:14.075   867  3065 W ActivityManager: Scheduling restart of crashed service com.google.android.gms/.update.SystemUpdateGcmTaskService in 101000ms
11-03 11:28:14.075   867  3065 W ActivityManager: Scheduling restart of crashed service com.google.android.gms/.security.snet.SafeBrowsingUpdateTaskService in 111000ms
11-03 11:28:14.075   867  3065 W ActivityManager: Scheduling restart of crashed service com.google.android.gms/.udc.service.UdcContextInitService in 121000ms
11-03 11:28:14.075   867  3065 W ActivityManager: Scheduling restart of crashed service com.google.android.gms/.people.service.bg.PeoplePeriodicSyncGcmTask in 131000ms
11-03 11:28:14.075   867  3065 W ActivityManager: Scheduling restart of crashed service com.google.android.gms/.matchstick.task.ScheduledTaskService in 141000ms
11-03 11:28:14.075   867  3065 W ActivityManager: Scheduling restart of crashed service com.google.android.gms/.stats.PlatformStatsCollectorService in 151000ms
11-03 11:28:14.075   867  3065 W ActivityManager: Scheduling restart of crashed service com.google.android.gms/.herrevad.services.RemoteReportsRefreshService in 161000ms
11-03 11:28:14.075   867  3065 W ActivityManager: Scheduling restart of crashed service com.google.android.gms/.security.snet.SnetIdleTaskService in 171000ms
11-03 11:28:14.076   867  3065 W ActivityManager: Scheduling restart of crashed service com.google.android.gms/.chimera.GmsIntentOperationService in 181000ms
11-03 11:28:14.076   867  3065 W ActivityManager: Scheduling restart of crashed service com.google.android.gms/.games.chimera.GamesAsyncServiceProxy in 191000ms
11-03 11:28:14.076   867  3065 W ActivityManager: Scheduling restart of crashed service com.google.android.gms/.gcm.HeartbeatAlarm$HeartbeatTaskService in 191000ms
11-03 11:28:14.076   867  3065 W ActivityManager: Scheduling restart of crashed service com.google.android.gms/.ads.social.GcmSchedulerWakeupService in 201000ms
11-03 11:28:14.076   867  3065 W ActivityManager: Scheduling restart of crashed service com.google.android.gms/.games.chimera.GamesSyncServiceMainProxy in 211000ms
11-03 11:28:14.076   867  3065 W ActivityManager: Scheduling restart of crashed service com.google.android.gms/.icing.service.IndexWorkerService in 221000ms
11-03 11:28:14.076   867  3065 W ActivityManager: Scheduling restart of crashed service com.google.android.gms/.googlehelp.metrics.ReportBatchedMetricsGcmTaskService in 221000ms
11-03 11:28:14.076   867  3065 W ActivityManager: Scheduling restart of crashed service com.google.android.gms/.people.sync.PeopleSyncService in 231000ms
11-03 11:28:14.076   867  3065 W ActivityManager: Scheduling restart of crashed service com.google.android.gms/.icing.indexapi.PeriodicRebuildIndexService in 241000ms
11-03 11:28:14.076   867   882 I libprocessgroup: Killing pid 7029 in uid 10013 as part of process group 6810
11-03 11:28:14.076   867  3065 W ActivityManager: Scheduling restart of crashed service com.google.android.gms/.icing.service.IcingGcmTaskService in 251000ms
11-03 11:28:14.076   867  3065 W ActivityManager: Scheduling restart of crashed service com.google.android.gms/.ads.jams.NegotiationService in 260999ms
11-03 11:28:14.127   867  3766 I ActivityManager: Process com.google.android.gms.persistent (pid 6750) has died
11-03 11:28:14.127   867  3766 D ActivityManager: cleanUpApplicationRecord -- 6750
11-03 11:28:14.127   867  3766 W ActivityManager: Scheduling restart of crashed service com.google.android.gms/.deviceconnection.service.DeviceConnectionServiceBroker in 270949ms
11-03 11:28:14.127   867  3766 W ActivityManager: Scheduling restart of crashed service com.google.android.gms/.usagereporting.service.UsageReportingService in 280948ms
11-03 11:28:14.127   867  3037 D RttService: Client connection lost with reason: 4
11-03 11:28:14.127   867  3037 D RttService: closing client android.os.Messenger@aa2c0c3
11-03 11:28:14.127   867  3766 W ActivityManager: Scheduling restart of crashed service com.google.android.gms/.trustagent.speech.service.VoiceUnlockService in 290948ms
11-03 11:28:14.127   867  3766 W ActivityManager: Scheduling restart of crashed service com.google.android.gms/.common.stats.GmsCoreStatsService in 300948ms
11-03 11:28:14.127   867  3766 W ActivityManager: Scheduling restart of crashed service com.google.android.gms/com.google.android.location.internal.server.HardwareArProviderService in 310948ms
11-03 11:28:14.127   867  3766 W ActivityManager: Scheduling restart of crashed service com.google.android.gms/com.google.android.location.geofencer.service.GeofenceProviderService in 320948ms
11-03 11:28:14.127   867  3766 W ActivityManager: Scheduling restart of crashed service com.google.android.gms/.phenotype.service.sync.PhenotypeConfigurator in 330948ms
11-03 11:28:14.127   867  3766 W ActivityManager: Scheduling restart of crashed service com.google.android.gms/com.google.android.location.internal.server.GoogleLocationService in 340948ms
11-03 11:28:14.127   867  3766 W ActivityManager: Scheduling restart of crashed service com.google.android.gms/.auth.GetToken in 350948ms
11-03 11:28:14.128   867  3766 W ActivityManager: Scheduling restart of crashed service com.google.android.gms/.gcm.GcmService in 360948ms
11-03 11:28:14.128   867  3766 W ActivityManager: Scheduling restart of crashed service com.google.android.gms/.tapandpay.notifications.TapAndPayGcmRegistrationService in 370948ms
11-03 11:28:14.128   867  3766 W ActivityManager: Scheduling restart of crashed service com.google.android.gms/.backup.BackupTransportService in 380948ms
11-03 11:28:14.128   867  3766 W ActivityManager: Scheduling restart of crashed service com.google.android.gms/.wearable.service.WearableService in 390948ms
11-03 11:28:14.128   867  3766 W ActivityManager: Scheduling restart of crashed service com.google.android.gms/.auth.setup.devicesignals.LockScreenService in 400948ms
11-03 11:28:14.128   867  3766 W ActivityManager: Scheduling restart of crashed service com.google.android.gms/com.google.android.location.network.NetworkLocationService in 410948ms
11-03 11:28:14.128   867  3766 W ActivityManager: Scheduling restart of crashed service com.google.android.gms/com.google.android.contextmanager.service.ContextManagerService in 420948ms
11-03 11:28:14.128   867  3766 W ActivityManager: Scheduling restart of crashed service com.google.android.gms/.phenotype.service.PhenotypeService in 430948ms
11-03 11:28:14.128   867  3766 W ActivityManager: Scheduling restart of crashed service com.google.android.gms/.chimera.PersistentIntentOperationService in 440948ms
11-03 11:28:14.128   867  3766 W ActivityManager: Scheduling restart of crashed service com.google.android.gms/.tapandpay.gcmtask.TapAndPayGcmTaskService in 440948ms
11-03 11:28:14.128   867  3766 W ActivityManager: Scheduling restart of crashed service com.google.android.gms/com.google.android.location.geocode.GeocodeService in 450947ms
11-03 11:28:14.128   867   867 V BackupManagerService: Disconnected from transport ComponentInfo{com.google.android.gms/com.google.android.gms.backup.BackupTransportService}
11-03 11:28:14.128   867   867 V BackupManagerService: Registering transport com.google.android.gms/.backup.BackupTransportService::null = null
11-03 11:28:14.128   867  3766 W ActivityManager: Scheduling restart of crashed service com.google.android.gms/com.google.android.location.internal.PendingIntentCallbackService in 460947ms
11-03 11:28:14.128   867  3766 W ActivityManager: Scheduling restart of crashed service com.google.android.gms/com.google.android.location.reporting.service.UploadGcmTaskService in 460947ms
11-03 11:28:14.128   867  3766 W ActivityManager: Scheduling restart of crashed service com.google.android.gms/.nearby.messages.service.PeriodicCacheWarmingService in 470947ms
11-03 11:28:14.128   867  3766 W ActivityManager: Scheduling restart of crashed service com.google.android.gms/.tapandpay.serverlog.LogMessageUploadService in 480947ms
11-03 11:28:14.128   867  3766 W ActivityManager: Scheduling restart of crashed service com.google.android.gms/com.google.android.location.fused.service.FusedProviderService in 490947ms
11-03 11:28:14.128   867  3766 W ActivityManager: Scheduling restart of crashed service com.google.android.gms/.tapandpay.paymentbundle.PaymentBundleRefreshService in 500947ms
11-03 11:28:14.129   867  3766 W ActivityManager: Scheduling restart of crashed service com.google.android.gms/.tapandpay.security.FetchStorageKeyTaskService in 510947ms
11-03 11:28:14.129   867  3766 W ActivityManager: Scheduling restart of crashed service com.google.android.gms/.tapandpay.security.CheckInService in 520947ms
11-03 11:28:14.129   867  3766 W ActivityManager: Scheduling restart of crashed service com.google.android.gms/com.google.android.location.internal.GoogleLocationManagerService in 530947ms
11-03 11:28:14.129   867  3766 W ActivityManager: Scheduling restart of crashed service com.google.android.gms/com.google.android.location.fused.FusedLocationService in 540947ms
11-03 11:28:14.129   867  3766 W ActivityManager: Scheduling restart of crashed service com.google.android.gms/.clearcut.service.ClearcutLoggerService in 550947ms
11-03 11:28:14.144   867   880 I ActivityManager: Start proc 7100:com.google.android.gms.persistent/u0a13 for broadcast com.google.android.gms/.gcm.nts.SchedulerReceiver
11-03 11:28:14.474   867   886 D BluetoothManagerService: Message: 20
11-03 11:28:14.474   867   886 D BluetoothManagerService: Added callback: android.bluetooth.IBluetoothManagerCallback$Stub$Proxy@cfd72bf:true
11-03 11:28:14.737   867   867 V BackupManagerService: Connected to transport ComponentInfo{com.google.android.gms/com.google.android.gms.backup.BackupTransportService}
11-03 11:28:14.738   867   867 V BackupManagerService: Registering transport com.google.android.gms/.backup.BackupTransportService::com.google.android.gms/.backup.BackupTransportService = com.android.internal.backup.IBackupTransport$Stub$Proxy@5c4d066
11-03 11:28:15.086   867   880 I ActivityManager: Start proc 7153:com.google.android.gms/u0a13 for service com.google.android.gms/.security.snet.SnetNormalTaskService
11-03 11:28:15.450   867  4121 I ActivityManager: Start proc 7183:com.google.android.talk/u0a55 for broadcast com.google.android.talk/com.google.android.apps.hangouts.service.broadcastreceiver.GcmStateReceiver
11-03 11:28:15.886   867  4019 D WifiService: acquireWifiLockLocked: WifiLock{NlpWifiLock type=2 uid=10013}
11-03 11:28:16.019   867   878 D CryptdConnector: SND -> {15 cryptfs getpwtype}
11-03 11:28:16.020   365   372 D VoldCryptCmdListener: cryptfs getpwtype
11-03 11:28:16.021   867  3011 D CryptdConnector: RCV <- {213 15 default}
11-03 11:28:16.025   867  3767 I ActivityManager: Killing 6527:com.google.android.play.games.ui/u0a65 (adj 906): empty #17
11-03 11:28:16.100   867  4121 D ActivityManager: cleanUpApplicationRecord -- 6527
11-03 11:28:16.627   867  3767 W BroadcastQueue: Failure [background] sending broadcast result of Intent { act=com.google.android.c2dm.intent.RECEIVE flg=0x10 pkg=com.google.android.gms (has extras) }
11-03 11:28:16.627   867  3767 W BroadcastQueue: android.os.RemoteException: app.thread must not be null
11-03 11:28:16.627   867  3767 W BroadcastQueue: 	at com.android.server.am.BroadcastQueue.performReceiveLocked(BroadcastQueue.java:491)
11-03 11:28:16.627   867  3767 W BroadcastQueue: 	at com.android.server.am.BroadcastQueue.processNextBroadcast(BroadcastQueue.java:883)
11-03 11:28:16.627   867  3767 W BroadcastQueue: 	at com.android.server.am.ActivityManagerService.finishReceiver(ActivityManagerService.java:18373)
11-03 11:28:16.627   867  3767 W BroadcastQueue: 	at android.app.ActivityManagerNative.onTransact(ActivityManagerNative.java:528)
11-03 11:28:16.627   867  3767 W BroadcastQueue: 	at com.android.server.am.ActivityManagerService.onTransact(ActivityManagerService.java:2755)
11-03 11:28:16.627   867  3767 W BroadcastQueue: 	at android.os.Binder.execTransact(Binder.java:565)
11-03 11:28:17.042   867  4011 D WifiService: acquireWifiLockLocked: WifiLock{NlpWifiLock type=2 uid=10013}
11-03 11:28:17.466   867  3064 D WifiService: releaseWifiLockLocked: WifiLock{NlpWifiLock type=2 uid=10013}
11-03 11:28:17.798   867  7290 D WifiService: releaseWifiLockLocked: WifiLock{NlpWifiLock type=2 uid=10013}
11-03 11:28:17.998   867  3766 I ActivityManager: Start proc 7314:com.google.android.gms.unstable/u0a13 for service com.google.android.gms/.droidguard.DroidGuardService
11-03 11:28:26.861   867  3496 I ActivityManager: Killing 6421:com.google.android.apps.messaging/u0a66 (adj 906): empty #17
11-03 11:28:26.917   867  3064 D ActivityManager: cleanUpApplicationRecord -- 6421
11-03 11:28:31.050   867  7290 I Telecom : PhoneAccountRegistrar: SimCallManager queried, returning: null: TSI.gSCM@ACU
11-03 11:28:31.070   867  3496 I Telecom : PhoneAccountRegistrar: SimCallManager queried, returning: null: TSI.gSCM@ACc
11-03 11:28:34.298   867   877 W NetworkIdentity: Active mobile network without subscriber!
11-03 11:28:37.000   867   867 V NotificationService: pkg=com.android.providers.downloads canInterrupt=false intercept=true
11-03 11:28:38.024   867  3766 I ActivityManager: Killing 6388:com.google.android.apps.gcs/u0a12 (adj 906): empty #17
11-03 11:28:38.064   867  3766 D ActivityManager: cleanUpApplicationRecord -- 6388
11-03 11:28:38.081   867   867 V NotificationService: pkg=com.android.providers.downloads canInterrupt=false intercept=true
11-03 11:28:38.233   867   867 V NotificationService: pkg=com.android.providers.downloads canInterrupt=false intercept=true
11-03 11:28:38.704   867  5136 W NetworkIdentity: Active mobile network without subscriber!
11-03 11:28:52.491   867   867 V NotificationService: pkg=com.android.vending canInterrupt=false intercept=true
11-03 11:28:53.909   867   880 I ActivityManager: Force stopping com.google.android.dialer appid=10015 user=-1: installPackageLI
11-03 11:28:53.917   867   892 W PackageManager: Trying to update system app code path from /data/app/com.google.android.dialer-1 to /data/app/com.google.android.dialer-2
11-03 11:28:53.918   867   892 W PackageManager: Code path for com.google.android.dialer changing from /data/app/com.google.android.dialer-1 to /data/app/com.google.android.dialer-2
11-03 11:28:53.918   867   892 W PackageManager: Resource path for com.google.android.dialer changing from /data/app/com.google.android.dialer-1 to /data/app/com.google.android.dialer-2
11-03 11:28:54.016   867   892 W PackageManager: Not granting permission android.permission.REGISTER_CONNECTION_MANAGER to package com.google.android.dialer (protectionLevel=18 flags=0x3849bec5)
11-03 11:28:54.234   867   892 I ActivityManager: Force stopping com.google.android.dialer appid=10015 user=0: pkg removed
11-03 11:28:54.266  6737  6737 W ContextImpl: Calling a method in the system process without a qualified user: android.app.ContextImpl.startService:1385 android.content.ContextWrapper.startService:613 android.content.ContextWrapper.startService:613 com.android.keychain.KeyChainBroadcastReceiver.onReceive:12 android.app.ActivityThread.handleReceiver:3011 
11-03 11:28:54.410   867   867 V NotificationService: pkg=com.android.vending canInterrupt=false intercept=true
11-03 11:28:55.128   867  3767 I BroadcastQueue: Delay finish: com.android.musicfx/.Compatibility$Receiver
11-03 11:28:55.138   867  4121 I BroadcastQueue: Resuming delayed broadcast
11-03 11:28:55.151   867  3767 I BroadcastQueue: Delay finish: com.google.android.apps.photos/.backgroundsignin.BackgroundSignInBroadcastReceiver
11-03 11:28:55.158   867  3064 I BroadcastQueue: Resuming delayed broadcast
11-03 11:28:57.948   867   867 V NotificationService: pkg=com.android.providers.downloads canInterrupt=false intercept=true
11-03 11:28:58.777   867   867 V NotificationService: pkg=com.android.providers.downloads canInterrupt=false intercept=true
11-03 11:28:58.906   867   867 V NotificationService: pkg=com.android.providers.downloads canInterrupt=false intercept=true
11-03 11:29:12.457   867  7290 I ActivityManager: Start proc 7489:com.google.android.gms.ui/u0a13 for service com.google.android.gms/.chimera.UiIntentOperationService
11-03 11:29:26.630   867  3766 I ActivityManager: Killing 6627:com.google.android.apps.photos:CameraShortcut/u0a63 (adj 906): empty #17
11-03 11:29:26.673   867  3064 D ActivityManager: cleanUpApplicationRecord -- 6627
11-03 11:29:41.406   867  5136 I ActivityManager: Killing 6641:com.google.android.apps.plus/u0a78 (adj 906): empty #17
11-03 11:29:41.430   867   867 V NotificationService: pkg=com.android.vending canInterrupt=false intercept=true
11-03 11:29:41.484   867  5136 D ActivityManager: cleanUpApplicationRecord -- 6641
11-03 11:29:47.124   867   880 I ActivityManager: Force stopping com.google.android.apps.photos appid=10063 user=-1: installPackageLI
11-03 11:29:47.124   867   880 I ActivityManager: Killing 6007:com.google.android.apps.photos/u0a63 (adj 902): stop com.google.android.apps.photos
11-03 11:29:47.124   867   880 D ActivityManager: cleanUpApplicationRecord -- 6007
11-03 11:29:47.150   867   892 W PackageManager: Trying to update system app code path from /data/app/com.google.android.apps.photos-1 to /data/app/com.google.android.apps.photos-2
11-03 11:29:47.151   867   892 W PackageManager: Code path for com.google.android.apps.photos changing from /data/app/com.google.android.apps.photos-1 to /data/app/com.google.android.apps.photos-2
11-03 11:29:47.151   867   892 W PackageManager: Resource path for com.google.android.apps.photos changing from /data/app/com.google.android.apps.photos-1 to /data/app/com.google.android.apps.photos-2
11-03 11:29:47.247   867   892 W PackageManager: Unknown permission com.google.android.gallery3d.permission.PICASA_STORE in package com.google.android.apps.photos
11-03 11:29:47.248   867   892 W PackageManager: Not granting permission android.permission.WRITE_MEDIA_STORAGE to package com.google.android.apps.photos (protectionLevel=18 flags=0x3858bec5)
11-03 11:29:47.528   867   892 I ActivityManager: Force stopping com.google.android.apps.photos appid=10063 user=0: pkg removed
11-03 11:29:47.554  6737  6737 W ContextImpl: Calling a method in the system process without a qualified user: android.app.ContextImpl.startService:1385 android.content.ContextWrapper.startService:613 android.content.ContextWrapper.startService:613 com.android.keychain.KeyChainBroadcastReceiver.onReceive:12 android.app.ActivityThread.handleReceiver:3011 
11-03 11:29:47.722   867   867 V NotificationService: pkg=com.android.vending canInterrupt=false intercept=true
11-03 11:29:48.073   867  3767 I BroadcastQueue: Delay finish: com.android.musicfx/.Compatibility$Receiver
11-03 11:29:48.080   867  3496 I BroadcastQueue: Resuming delayed broadcast
11-03 11:29:48.096   867  4011 I ActivityManager: Start proc 7577:com.google.android.apps.photos/u0a63 for broadcast com.google.android.apps.photos/.backgroundsignin.BackgroundSignInBroadcastReceiver
11-03 11:29:50.414   867   867 V NotificationService: pkg=com.android.providers.downloads canInterrupt=false intercept=true
11-03 11:29:50.952   867   867 V NotificationService: pkg=com.android.providers.downloads canInterrupt=false intercept=true
11-03 11:29:51.027   867   867 V NotificationService: pkg=com.android.providers.downloads canInterrupt=false intercept=true
11-03 11:29:52.145   867   867 V NotificationService: pkg=com.android.providers.downloads canInterrupt=false intercept=true
11-03 11:30:22.890   867   867 V NotificationService: pkg=com.android.vending canInterrupt=false intercept=true
11-03 11:30:28.362   867   880 I ActivityManager: Force stopping com.google.android.youtube appid=10076 user=-1: installPackageLI
11-03 11:30:28.372   867   892 W PackageManager: Trying to update system app code path from /data/app/com.google.android.youtube-1 to /data/app/com.google.android.youtube-2
11-03 11:30:28.373   867   892 W PackageManager: Code path for com.google.android.youtube changing from /data/app/com.google.android.youtube-1 to /data/app/com.google.android.youtube-2
11-03 11:30:28.373   867   892 W PackageManager: Resource path for com.google.android.youtube changing from /data/app/com.google.android.youtube-1 to /data/app/com.google.android.youtube-2
11-03 11:30:28.466   867   892 W PackageManager: Not granting permission android.permission.MANAGE_DOCUMENTS to package com.google.android.youtube (protectionLevel=2 flags=0x3c59bec5)
11-03 11:30:28.727   867   892 I ActivityManager: Force stopping com.google.android.youtube appid=10076 user=0: pkg removed
11-03 11:30:28.737  6737  6737 W ContextImpl: Calling a method in the system process without a qualified user: android.app.ContextImpl.startService:1385 android.content.ContextWrapper.startService:613 android.content.ContextWrapper.startService:613 com.android.keychain.KeyChainBroadcastReceiver.onReceive:12 android.app.ActivityThread.handleReceiver:3011 
11-03 11:30:28.941   867   867 V NotificationService: pkg=com.android.vending canInterrupt=false intercept=true
11-03 11:30:29.314   867  7290 I BroadcastQueue: Delay finish: com.android.musicfx/.Compatibility$Receiver
11-03 11:30:29.326   867   877 I BroadcastQueue: Resuming delayed broadcast
11-03 11:30:29.341   867  3766 I BroadcastQueue: Delay finish: com.google.android.apps.photos/.backgroundsignin.BackgroundSignInBroadcastReceiver
11-03 11:30:29.346   867   877 I BroadcastQueue: Resuming delayed broadcast
11-03 11:30:29.471   867   878 I ActivityManager: Start proc 7683:com.google.android.youtube/u0a76 for broadcast com.google.android.youtube/com.google.android.apps.youtube.app.PackageReplacedReceiver
11-03 11:30:30.563   867  4019 D CryptdConnector: SND -> {16 cryptfs getpwtype}
11-03 11:30:30.564   365   372 D VoldCryptCmdListener: cryptfs getpwtype
11-03 11:30:30.568   867  3011 D CryptdConnector: RCV <- {213 16 default}
11-03 11:30:30.733   867  4121 W NetworkIdentity: Active mobile network without subscriber!
11-03 11:30:31.077   867  4121 W ActivityManager: Permission Denial: Accessing service ComponentInfo{com.google.android.music/com.google.android.music.dial.DialMediaRouteProviderService} from pid=7683, uid=10076 that is not exported from uid 10060
11-03 11:30:32.770   867   867 V NotificationService: pkg=com.android.providers.downloads canInterrupt=false intercept=true
11-03 11:30:33.558   867   867 V NotificationService: pkg=com.android.providers.downloads canInterrupt=false intercept=true
11-03 11:30:33.675   867   867 V NotificationService: pkg=com.android.providers.downloads canInterrupt=false intercept=true
11-03 11:30:35.808   867   867 V NotificationService: pkg=com.android.providers.downloads canInterrupt=false intercept=true
11-03 11:30:35.910   867   867 V NotificationService: pkg=com.android.providers.downloads canInterrupt=false intercept=true
11-03 11:30:36.107   867  7290 W NetworkIdentity: Active mobile network without subscriber!
11-03 11:30:51.904   867   867 V NotificationService: pkg=com.android.vending canInterrupt=false intercept=true
11-03 11:30:54.776   867  4019 I ActivityManager: Killing 7072:com.google.android.gms.feedback/u0a13 (adj 906): empty #17
11-03 11:30:54.801   867  3766 D ActivityManager: cleanUpApplicationRecord -- 7072
11-03 11:30:56.417   867   880 I ActivityManager: Force stopping com.google.android.music appid=10060 user=-1: installPackageLI
11-03 11:30:56.418   867   880 I ActivityManager:   Force stopping service ServiceRecord{5e5ade7 u0 com.google.android.music/.dial.DialMediaRouteProviderService}
11-03 11:30:56.428   867   892 W PackageManager: Trying to update system app code path from /data/app/com.google.android.music-1 to /data/app/com.google.android.music-2
11-03 11:30:56.429   867   892 W PackageManager: Code path for com.google.android.music changing from /data/app/com.google.android.music-1 to /data/app/com.google.android.music-2
11-03 11:30:56.429   867   892 W PackageManager: Resource path for com.google.android.music changing from /data/app/com.google.android.music-1 to /data/app/com.google.android.music-2
11-03 11:30:56.528   867   892 W PackageManager: Unknown permission com.samsung.android.providers.context.permission.WRITE_USE_APP_FEATURE_SURVEY in package com.google.android.music
11-03 11:30:56.645   867   877 I ActivityManager: Killing 6554:com.google.android.keep/u0a83 (adj 906): empty #17
11-03 11:30:56.671   867  4121 D ActivityManager: cleanUpApplicationRecord -- 6554
11-03 11:30:56.791   867   892 I ActivityManager: Force stopping com.google.android.music appid=10060 user=0: pkg removed
11-03 11:30:56.817   867   878 W ActivityManager: Permission Denial: Accessing service ComponentInfo{com.google.android.music/com.google.android.music.dial.DialMediaRouteProviderService} from pid=7683, uid=10076 that is not exported from uid 10060
11-03 11:30:56.820  6737  6737 W ContextImpl: Calling a method in the system process without a qualified user: android.app.ContextImpl.startService:1385 android.content.ContextWrapper.startService:613 android.content.ContextWrapper.startService:613 com.android.keychain.KeyChainBroadcastReceiver.onReceive:12 android.app.ActivityThread.handleReceiver:3011 
11-03 11:30:56.837   867  3496 W ActivityManager: Permission Denial: Accessing service ComponentInfo{com.google.android.music/com.google.android.music.dial.DialMediaRouteProviderService} from pid=7683, uid=10076 that is not exported from uid 10060
11-03 11:30:56.842   867  3767 W ActivityManager: Permission Denial: Accessing service ComponentInfo{com.google.android.music/com.google.android.music.dial.DialMediaRouteProviderService} from pid=7683, uid=10076 that is not exported from uid 10060
11-03 11:30:56.954   867   867 V NotificationService: pkg=com.android.vending canInterrupt=false intercept=true
11-03 11:30:57.347   867  4019 I BroadcastQueue: Delay finish: com.google.android.partnersetup/.AppInstalledReceiver
11-03 11:30:57.350   867  7290 I BroadcastQueue: Resuming delayed broadcast
11-03 11:30:57.357   867  3496 I BroadcastQueue: Delay finish: com.android.musicfx/.Compatibility$Receiver
11-03 11:30:57.383   867   878 I BroadcastQueue: Resuming delayed broadcast
11-03 11:30:57.400   867  3767 I BroadcastQueue: Delay finish: com.google.android.apps.photos/.backgroundsignin.BackgroundSignInBroadcastReceiver
11-03 11:30:57.415   867  4019 I BroadcastQueue: Resuming delayed broadcast
11-03 11:30:57.580   867  4011 I ActivityManager: Start proc 7829:com.google.android.music:main/u0a60 for broadcast com.google.android.music/.sync.google.gcm.PackageReplacedBroadcastReceiver
11-03 11:30:59.753   867   867 V NotificationService: pkg=com.android.providers.downloads canInterrupt=false intercept=true
11-03 11:31:00.204   867   867 V NotificationService: pkg=com.android.providers.downloads canInterrupt=false intercept=true
11-03 11:31:00.282   867   867 V NotificationService: pkg=com.android.providers.downloads canInterrupt=false intercept=true
11-03 11:31:00.339   867   867 V NotificationService: pkg=com.android.providers.downloads canInterrupt=false intercept=true
11-03 11:31:00.518   867   877 W NetworkIdentity: Active mobile network without subscriber!
11-03 11:31:15.029   867   867 V NotificationService: pkg=com.android.vending canInterrupt=false intercept=true
--------- beginning of main
11-03 11:31:15.408   867   892 I PackageManager.DexOptimizer: Running dexopt (dex2oat) on: /data/app/vmdl1960789343.tmp/base.apk pkg=com.google.android.apps.docs.editors.docs isa=arm64 vmSafeMode=false debuggable=false target-filter=interpret-only oatDir = /data/app/vmdl1960789343.tmp/oat sharedLibraries=null
11-03 11:31:15.451  7887  7887 I dex2oat : /system/bin/dex2oat --compiler-filter=interpret-only -j4
11-03 11:31:19.479  7887  7890 W dex2oat : Class ltw failed lock verification and will run slower.
11-03 11:31:19.479  7887  7890 W dex2oat : Common causes for lock verification issues are non-optimized dex code
11-03 11:31:19.479  7887  7890 W dex2oat : and incorrect proguard optimizations.
11-03 11:31:21.516  7887  7887 I dex2oat : dex2oat took 6.065s (threads: 4) arena alloc=127KB (130848B) java alloc=37MB (39178848B) native alloc=24MB (26171792B) free=4MB (4499056B)
11-03 11:31:21.556   867   880 I ActivityManager: Force stopping com.google.android.apps.docs.editors.docs appid=10080 user=-1: installPackageLI
11-03 11:31:21.660   867   892 I PackageManager: Package com.google.android.apps.docs.editors.docs codePath changed from /data/app/com.google.android.apps.docs.editors.docs-1 to /data/app/com.google.android.apps.docs.editors.docs-2; Retaining data and using new
11-03 11:31:21.661   867   892 W PackageManager: Code path for com.google.android.apps.docs.editors.docs changing from /data/app/com.google.android.apps.docs.editors.docs-1 to /data/app/com.google.android.apps.docs.editors.docs-2
11-03 11:31:21.661   867   892 W PackageManager: Resource path for com.google.android.apps.docs.editors.docs changing from /data/app/com.google.android.apps.docs.editors.docs-1 to /data/app/com.google.android.apps.docs.editors.docs-2
11-03 11:31:21.663   867   892 W PackageManager: Permission com.google.android.apps.docs.editors.kix.permission.READ_MY_DATA from package com.google.android.apps.docs.editors.docs in an unknown group android.permission-group.PERSONAL_INFO
11-03 11:31:21.663   867   892 W PackageManager: Permission com.google.android.apps.docs.editors.kix.permission.SYNC_STATUS from package com.google.android.apps.docs.editors.docs in an unknown group android.permission-group.PERSONAL_INFO
11-03 11:31:21.762   867   892 W PackageManager: Unknown permission android.permission.WRITE_SYNC_STATS in package com.google.android.apps.docs.editors.docs
11-03 11:31:21.762   867   892 W PackageManager: Not granting permission com.google.android.gm.permission.READ_GMAIL to package com.google.android.apps.docs.editors.docs (protectionLevel=2 flags=0x3859be44)
11-03 11:31:21.762   867   892 W PackageManager: Not granting permission com.google.android.googleapps.permission.GOOGLE_AUTH to package com.google.android.apps.docs.editors.docs (protectionLevel=2 flags=0x3859be44)
11-03 11:31:21.762   867   892 W PackageManager: Not granting permission com.google.android.googleapps.permission.GOOGLE_AUTH.OTHER_SERVICES to package com.google.android.apps.docs.editors.docs (protectionLevel=2 flags=0x3859be44)
11-03 11:31:21.762   867   892 W PackageManager: Not granting permission com.google.android.googleapps.permission.GOOGLE_AUTH.ALL_SERVICES to package com.google.android.apps.docs.editors.docs (protectionLevel=2 flags=0x3859be44)
11-03 11:31:21.762   867   892 W PackageManager: Not granting permission com.google.android.googleapps.permission.GOOGLE_AUTH.writely to package com.google.android.apps.docs.editors.docs (protectionLevel=2 flags=0x3859be44)
11-03 11:31:21.762   867   892 W PackageManager: Not granting permission com.google.android.googleapps.permission.GOOGLE_AUTH.wise to package com.google.android.apps.docs.editors.docs (protectionLevel=2 flags=0x3859be44)
11-03 11:31:21.859   511   511 W cutils  : Expected path /data/data/com.google.android.apps.docs.editors.docs with mode 700 but found 751
11-03 11:31:21.926   867   892 I art     : Starting a blocking GC Explicit
11-03 11:31:22.057   867   892 I art     : Explicit concurrent mark sweep GC freed 103081(5MB) AllocSpace objects, 13(308KB) LOS objects, 33% free, 18MB/27MB, paused 1.967ms total 131ms
11-03 11:31:22.087   511   511 E         : Couldn't opendir /data/app/vmdl1960789343.tmp: No such file or directory
11-03 11:31:22.088   867   892 I ActivityManager: Force stopping com.google.android.apps.docs.editors.docs appid=10080 user=0: pkg removed
11-03 11:31:22.098  3142  3142 D BluetoothMapAppObserver: onReceive
11-03 11:31:22.098  3142  3142 D BluetoothMapAppObserver: The removed package is: com.google.android.apps.docs.editors.docs
11-03 11:31:22.099   867  3007 I InputReader: Reconfiguring input devices.  changes=0x00000010
11-03 11:31:22.113  3142  3142 D BluetoothMapAppObserver: onReceive
11-03 11:31:22.113  3142  3142 D BluetoothMapAppObserver: The installed package is: com.google.android.apps.docs.editors.docs
11-03 11:31:22.114   867  3007 I InputReader: Reconfiguring input devices.  changes=0x00000010
11-03 11:31:22.115  6737  6737 W ContextImpl: Calling a method in the system process without a qualified user: android.app.ContextImpl.startService:1385 android.content.ContextWrapper.startService:613 android.content.ContextWrapper.startService:613 com.android.keychain.KeyChainBroadcastReceiver.onReceive:12 android.app.ActivityThread.handleReceiver:3011 
11-03 11:31:22.118   867  3007 I InputReader: Reconfiguring input devices.  changes=0x00000010
11-03 11:31:22.131  3142  3142 D BluetoothMapAppObserver: Found 0 application(s) with intent android.bluetooth.action.BLUETOOTH_MAP_PROVIDER
11-03 11:31:22.132  3142  3142 D BluetoothMapAppObserver: Found 0 application(s) with intent android.bluetooth.action.BLUETOOTH_MAP_IM_PROVIDER
11-03 11:31:22.138   867  3496 W ActivityManager: Permission Denial: Accessing service ComponentInfo{com.google.android.music/com.google.android.music.dial.DialMediaRouteProviderService} from pid=7683, uid=10076 that is not exported from uid 10060
11-03 11:31:22.151   867  3064 W ActivityManager: Permission Denial: Accessing service ComponentInfo{com.google.android.music/com.google.android.music.dial.DialMediaRouteProviderService} from pid=7683, uid=10076 that is not exported from uid 10060
11-03 11:31:22.158   867  5136 W ActivityManager: Permission Denial: Accessing service ComponentInfo{com.google.android.music/com.google.android.music.dial.DialMediaRouteProviderService} from pid=7683, uid=10076 that is not exported from uid 10060
11-03 11:31:22.254  3341  3341 D CarrierSvcBindHelper: No carrier app for: 0
11-03 11:31:22.255  3341  3341 D CarrierSvcBindHelper: No carrier app for: 0
11-03 11:31:22.257  3341  3341 D CarrierConfigLoader: mHandler: 9 phoneId: 0
11-03 11:31:22.258  3940  3940 D RegisteredNfcFServicesCache: Service unchanged, not updating
11-03 11:31:22.258  4520  7665 I chatty  : uid=10024(com.android.vending) expire 1 line
11-03 11:31:22.271  7100  7121 I chatty  : uid=10013(com.google.android.gms) lowpool[2] expire 2 lines
11-03 11:31:22.322   867   867 V NotificationService: pkg=com.android.vending canInterrupt=false intercept=true
11-03 11:31:22.432  7153  7203 I chatty  : uid=10013(com.google.android.gms) expire 1 line
11-03 11:31:22.470  7100  7100 I chatty  : uid=10013 com.google.android.gms.persistent expire 1 line
11-03 11:31:22.491  4520  4520 I chatty  : uid=10024(com.android.vending) expire 3 lines
11-03 11:31:22.764  6897  7907 I UpdateIcingCorporaServi: Updating corpora: APPS=com.google.android.apps.docs.editors.docs, CONTACTS=MAYBE
11-03 11:31:22.814   867  3767 I BroadcastQueue: Delay finish: com.android.musicfx/.Compatibility$Receiver
11-03 11:31:22.820   867  4019 I BroadcastQueue: Resuming delayed broadcast
11-03 11:31:22.834   867  4121 I BroadcastQueue: Delay finish: com.google.android.apps.photos/.backgroundsignin.BackgroundSignInBroadcastReceiver
11-03 11:31:22.862   867  7290 I BroadcastQueue: Resuming delayed broadcast
11-03 11:31:22.956  4520  4576 I chatty  : uid=10024(com.android.vending) PackageInstalle expire 1 line
11-03 11:31:23.036   867  3766 I ActivityManager: Start proc 7915:com.google.android.apps.docs.editors.docs/u0a80 for broadcast com.google.android.apps.docs.editors.docs/com.google.android.apps.docs.editors.shared.receivers.PackageReplacedReceiver
11-03 11:31:23.040  7100  7121 I chatty  : uid=10013(com.google.android.gms) lowpool[2] expire 2 lines
11-03 11:31:23.054  7100  7122 I chatty  : uid=10013(com.google.android.gms) netscheduler-qu expire 6 lines
11-03 11:31:23.155  7153  7914 I chatty  : uid=10013(com.google.android.gms) expire 1 line
11-03 11:31:23.160  7153  7203 I chatty  : uid=10013(com.google.android.gms) expire 9 lines
11-03 11:31:23.234  6897  7907 I UpdateIcingCorporaServi: UpdateCorporaTask done [took 471 ms] updated apps [took 471 ms] 
11-03 11:31:23.589  7915  7937 I GAv4    : Google Analytics 8.4.87 is starting up. To enable debug logging on a device run:
11-03 11:31:23.589  7915  7937 I GAv4    :   adb shell setprop log.tag.GAv4 DEBUG
11-03 11:31:23.589  7915  7937 I GAv4    :   adb logcat -s GAv4
11-03 11:31:23.645  7915  7937 W GAv4    : AnalyticsReceiver is not registered or is disabled. Register the receiver for reliable dispatching on non-Google Play devices. See http://goo.gl/8Rd3yj for instructions.
11-03 11:31:23.658  7915  7937 W GAv4    : CampaignTrackingReceiver is not registered, not exported or is disabled. Installation campaign tracking is not possible. See http://goo.gl/8Rd3yj for instructions.
11-03 11:31:23.759  7915  7940 W GAv4    : AnalyticsService not registered in the app manifest. Hits might not be delivered reliably. See http://goo.gl/8Rd3yj for instructions.
11-03 11:31:23.958  7153  7929 I chatty  : uid=10013(com.google.android.gms) expire 1 line
11-03 11:31:24.161  7915  7925 W art     : Suspending all threads took: 10.105ms
11-03 11:31:24.229  7915  7915 W InstanceID/Rpc: Found 10013
11-03 11:31:24.274  7100  7133 I chatty  : uid=10013 com.google.android.gms.persistent expire 2 lines
11-03 11:31:24.420  7100  7105 I chatty  : uid=10013(com.google.android.gms) Jit thread pool expire 2 lines
11-03 11:31:24.716  7100  7958 I chatty  : uid=10013 com.google.android.gms.persistent expire 2 lines
11-03 11:31:24.992  7915  7925 W art     : Suspending all threads took: 30.316ms
11-03 11:31:25.316  7915  7952 D NetworkSecurityConfig: No Network Security Config specified, using platform default
11-03 11:31:25.715  4520  4520 I chatty  : uid=10024(com.android.vending) expire 5 lines
11-03 11:31:25.721   511   511 I         : free_cache(211042) avail 24502038528
11-03 11:31:25.799  4520  4577 I chatty  : uid=10024(com.android.vending) download-manage expire 1 line
11-03 11:31:25.801  4520  4520 I chatty  : uid=10024(com.android.vending) expire 10 lines
11-03 11:31:25.826  3876  7969 D DownloadManager: [100] Starting
11-03 11:31:25.852  7100  7122 I chatty  : uid=10013(com.google.android.gms) netscheduler-qu expire 2 lines
11-03 11:31:25.855   867   867 V NotificationService: pkg=com.android.providers.downloads canInterrupt=false intercept=true
11-03 11:31:25.897  3876  7969 D NetworkSecurityConfig: No Network Security Config specified, using platform default
11-03 11:31:25.934  3162  3162 W View    : requestLayout() improperly called by com.android.systemui.statusbar.NotificationOverflowIconsView{1a56c78 V.E...... ......ID 158,58-1040,58 #7f12023f app:id/overflow_icons_view} during layout: running second layout pass
11-03 11:31:25.934  3162  3162 W View    : requestLayout() improperly called by StatusBarIconView(slot= icon=StatusBarIcon(icon=Icon(typ=RESOURCE pkg=com.android.vending id=0x7f02027e) visible user=0 ) notification=Notification(pri=-1 contentView=null vibrate=null sound=null tick defaults=0x0 flags=0x110 color=0xff689f38 category=status vis=PRIVATE)) during layout: running second layout pass
11-03 11:31:25.934  3162  3162 W View    : requestLayout() improperly called by com.android.systemui.statusbar.NotificationOverflowContainer{e7b701d VFE...C.. ......ID 0,0-1080,116} during layout: running second layout pass
11-03 11:31:26.379   867   867 V NotificationService: pkg=com.android.providers.downloads canInterrupt=false intercept=true
11-03 11:31:26.454   867   867 V NotificationService: pkg=com.android.providers.downloads canInterrupt=false intercept=true
11-03 11:31:26.483  3876  7969 D DownloadManager: [100] Finished with status SUCCESS
11-03 11:31:26.614   511   511 I         : free_cache(0) avail 24502280192
11-03 11:31:26.727   511   511 I         : free_cache(51847999) avail 24502280192
11-03 11:31:26.766  7153  7284 I chatty  : uid=10013(com.google.android.gms) lowpool[2] expire 16 lines
11-03 11:31:26.778   867  3767 W NetworkIdentity: Active mobile network without subscriber!
11-03 11:31:28.142  7915  7925 W art     : Suspending all threads took: 36.731ms
11-03 11:31:28.263  7915  7935 W linker  : /data/app/com.google.android.gms-1/lib/arm64/libgmscore.so: unused DT entry: type 0x7ffffffd arg 0x885
11-03 11:31:28.381  7915  7935 W linker  : /data/app/com.google.android.gms-1/lib/arm64/libconscrypt_gmscore_jni.so: unused DT entry: type 0x7ffffffd arg 0x169
11-03 11:31:28.422  7915  7935 V JNIHelp : Registering com/google/android/gms/org/conscrypt/NativeCrypto's 235 native methods...
11-03 11:31:28.706  7915  7925 W art     : Suspending all threads took: 10.527ms
11-03 11:31:28.840  7915  7935 I ProviderInstaller: Installed default security provider GmsCore_OpenSSL
11-03 11:31:29.293  6897  6897 I GrammarCompilationSvcCt: #startService for null, APP_NAMES.
11-03 11:31:34.347  7153  7986 I chatty  : uid=10013(com.google.android.gms) expire 1 line
11-03 11:31:34.760  7153  7203 I chatty  : uid=10013(com.google.android.gms) expire 7 lines
11-03 11:31:34.844  3155  3155 I DownloadManagerWrapper: onReceive() : Charging = true
11-03 11:31:36.197  4520  6470 I chatty  : uid=10024(com.android.vending) ndroid.play.a.g expire 2 lines
11-03 11:31:36.818  7915  7959 D JSContext: wrote snapshot /data/user/0/com.google.android.apps.docs.editors.docs/files/kix_mobile-2-55d06111-es_ES-1.6.412.11.40.v8snapshot; snapshot size 6140488
11-03 11:31:37.380  4520  4588 I chatty  : uid=10024(com.android.vending) libraries-threa expire 1 line
11-03 11:31:38.381  7100  7112 I chatty  : uid=10013(com.google.android.gms) Binder:7100_2 expire 2 lines
11-03 11:31:41.096  7915  7992 D JSContext: setting up template
11-03 11:31:41.436  7915  7925 W art     : Suspending all threads took: 52.894ms
11-03 11:31:41.459  7915  7992 D JSContext: Compile Source0
11-03 11:31:41.551  7915  7992 W JSVM    : Starting JSVM with App Version: explorer_2016-43-Thu_RC0
11-03 11:31:41.892   867  3766 D DnsEventListenerService: Logging 100 results for netId 100
11-03 11:31:42.826  4520  7377 I chatty  : uid=10024(com.android.vending) expire 2 lines
11-03 11:31:42.834  4520  4520 I chatty  : uid=10024(com.android.vending) expire 13 lines
11-03 11:31:42.847   867   867 V NotificationService: pkg=com.android.vending canInterrupt=false intercept=true
11-03 11:31:42.869  3876  4618 V DownloadManager: Deleting /data/data/com.android.providers.downloads/cache/downloadfile.bin via provider delete
