11-03 11:31:42.920  3162  3162 W View    : requestLayout() improperly called by com.android.systemui.statusbar.NotificationOverflowIconsView{1a56c78 V.E...... ......ID 158,58-1040,58 #7f12023f app:id/overflow_icons_view} during layout: running second layout pass
11-03 11:31:42.921  3162  3162 W View    : requestLayout() improperly called by StatusBarIconView(slot= icon=StatusBarIcon(icon=Icon(typ=RESOURCE pkg=com.android.vending id=0x7f02027e) visible user=0 ) notification=Notification(pri=-1 contentView=null vibrate=null sound=null tick defaults=0x0 flags=0x110 color=0xff689f38 category=status vis=PRIVATE)) during layout: running second layout pass
11-03 11:31:42.921  3162  3162 W View    : requestLayout() improperly called by com.android.systemui.statusbar.NotificationOverflowContainer{e7b701d VFE...C.. ......ID 0,0-1080,116} during layout: running second layout pass
11-03 11:31:43.248   867   892 I PackageManager.DexOptimizer: Running dexopt (dex2oat) on: /data/app/vmdl596070536.tmp/base.apk pkg=com.google.android.apps.docs.editors.sheets isa=arm64 vmSafeMode=false debuggable=false target-filter=interpret-only oatDir = /data/app/vmdl596070536.tmp/oat sharedLibraries=null
11-03 11:31:43.291  8008  8008 I dex2oat : /system/bin/dex2oat --compiler-filter=interpret-only -j4
11-03 11:31:46.095  8008  8008 I dex2oat : Large app, accepted running with swap.
11-03 11:31:50.077  3155  3155 I DownloadManagerWrapper: onReceive() : Charging = true
11-03 11:31:52.246  7915  7992 W JSVM    : JSVM cleanup: hasContext=true, isCleaned=false
11-03 11:31:52.503  8008  8008 I dex2oat : dex2oat took 9.213s (threads: 4) arena alloc=1083KB (1109384B) java alloc=46MB (48697840B) native alloc=28MB (29834920B) free=4MB (4637016B) swap=16MB (16777216B)
11-03 11:31:52.560   867   880 I ActivityManager: Force stopping com.google.android.apps.docs.editors.sheets appid=10081 user=-1: installPackageLI
11-03 11:31:52.667   867   892 I PackageManager: Package com.google.android.apps.docs.editors.sheets codePath changed from /data/app/com.google.android.apps.docs.editors.sheets-2 to /data/app/com.google.android.apps.docs.editors.sheets-1; Retaining data and using new
11-03 11:31:52.667   867   892 W PackageManager: Code path for com.google.android.apps.docs.editors.sheets changing from /data/app/com.google.android.apps.docs.editors.sheets-2 to /data/app/com.google.android.apps.docs.editors.sheets-1
11-03 11:31:52.667   867   892 W PackageManager: Resource path for com.google.android.apps.docs.editors.sheets changing from /data/app/com.google.android.apps.docs.editors.sheets-2 to /data/app/com.google.android.apps.docs.editors.sheets-1
11-03 11:31:52.670   867   892 W PackageManager: Permission com.google.android.apps.docs.editors.trix.permission.READ_MY_DATA from package com.google.android.apps.docs.editors.sheets in an unknown group android.permission-group.PERSONAL_INFO
11-03 11:31:52.670   867   892 W PackageManager: Permission com.google.android.apps.docs.editors.trix.permission.SYNC_STATUS from package com.google.android.apps.docs.editors.sheets in an unknown group android.permission-group.PERSONAL_INFO
11-03 11:31:52.773   867   892 W PackageManager: Unknown permission android.permission.WRITE_SYNC_STATS in package com.google.android.apps.docs.editors.sheets
11-03 11:31:52.773   867   892 W PackageManager: Not granting permission com.google.android.gm.permission.READ_GMAIL to package com.google.android.apps.docs.editors.sheets (protectionLevel=2 flags=0x3819be44)
11-03 11:31:52.773   867   892 W PackageManager: Not granting permission com.google.android.googleapps.permission.GOOGLE_AUTH to package com.google.android.apps.docs.editors.sheets (protectionLevel=2 flags=0x3819be44)
11-03 11:31:52.773   867   892 W PackageManager: Not granting permission com.google.android.googleapps.permission.GOOGLE_AUTH.OTHER_SERVICES to package com.google.android.apps.docs.editors.sheets (protectionLevel=2 flags=0x3819be44)
11-03 11:31:52.773   867   892 W PackageManager: Not granting permission com.google.android.googleapps.permission.GOOGLE_AUTH.ALL_SERVICES to package com.google.android.apps.docs.editors.sheets (protectionLevel=2 flags=0x3819be44)
11-03 11:31:52.773   867   892 W PackageManager: Not granting permission com.google.android.googleapps.permission.GOOGLE_AUTH.writely to package com.google.android.apps.docs.editors.sheets (protectionLevel=2 flags=0x3819be44)
11-03 11:31:52.773   867   892 W PackageManager: Not granting permission com.google.android.googleapps.permission.GOOGLE_AUTH.wise to package com.google.android.apps.docs.editors.sheets (protectionLevel=2 flags=0x3819be44)
11-03 11:31:52.863   511   511 W cutils  : Expected path /data/data/com.google.android.apps.docs.editors.sheets with mode 700 but found 751
11-03 11:31:52.934   867   892 I art     : Starting a blocking GC Explicit
11-03 11:31:52.936   867  4019 I ActivityManager: Killing 7183:com.google.android.talk/u0a55 (adj 906): empty #17
11-03 11:31:52.965   867  5136 D ActivityManager: cleanUpApplicationRecord -- 7183
11-03 11:31:53.063   867   892 I art     : Explicit concurrent mark sweep GC freed 95812(5MB) AllocSpace objects, 12(288KB) LOS objects, 33% free, 18MB/27MB, paused 1.665ms total 128.442ms
11-03 11:31:53.100   511   511 E         : Couldn't opendir /data/app/vmdl596070536.tmp: No such file or directory
11-03 11:31:53.102   867   892 I ActivityManager: Force stopping com.google.android.apps.docs.editors.sheets appid=10081 user=0: pkg removed
11-03 11:31:53.120   867  3007 I InputReader: Reconfiguring input devices.  changes=0x00000010
11-03 11:31:53.120  3142  3142 D BluetoothMapAppObserver: onReceive
11-03 11:31:53.120  3142  3142 D BluetoothMapAppObserver: The removed package is: com.google.android.apps.docs.editors.sheets
11-03 11:31:53.120  3142  3142 D BluetoothMapAppObserver: onReceive
11-03 11:31:53.120  3142  3142 D BluetoothMapAppObserver: The installed package is: com.google.android.apps.docs.editors.sheets
11-03 11:31:53.122   867  3007 I InputReader: Reconfiguring input devices.  changes=0x00000010
11-03 11:31:53.127  3142  3142 D BluetoothMapAppObserver: Found 0 application(s) with intent android.bluetooth.action.BLUETOOTH_MAP_PROVIDER
11-03 11:31:53.128  6737  6737 W ContextImpl: Calling a method in the system process without a qualified user: android.app.ContextImpl.startService:1385 android.content.ContextWrapper.startService:613 android.content.ContextWrapper.startService:613 com.android.keychain.KeyChainBroadcastReceiver.onReceive:12 android.app.ActivityThread.handleReceiver:3011 
11-03 11:31:53.128   867  4019 W ActivityManager: Permission Denial: Accessing service ComponentInfo{com.google.android.music/com.google.android.music.dial.DialMediaRouteProviderService} from pid=7683, uid=10076 that is not exported from uid 10060
11-03 11:31:53.130  3142  3142 D BluetoothMapAppObserver: Found 0 application(s) with intent android.bluetooth.action.BLUETOOTH_MAP_IM_PROVIDER
11-03 11:31:53.134   867  3007 I InputReader: Reconfiguring input devices.  changes=0x00000010
11-03 11:31:53.138   867  4011 W ActivityManager: Permission Denial: Accessing service ComponentInfo{com.google.android.music/com.google.android.music.dial.DialMediaRouteProviderService} from pid=7683, uid=10076 that is not exported from uid 10060
11-03 11:31:53.147   867  3496 W ActivityManager: Permission Denial: Accessing service ComponentInfo{com.google.android.music/com.google.android.music.dial.DialMediaRouteProviderService} from pid=7683, uid=10076 that is not exported from uid 10060
11-03 11:31:53.231  3940  3940 D RegisteredNfcFServicesCache: Service unchanged, not updating
11-03 11:31:53.243  3341  3341 D CarrierSvcBindHelper: No carrier app for: 0
11-03 11:31:53.243  3341  3341 D CarrierSvcBindHelper: No carrier app for: 0
11-03 11:31:53.244  3341  3341 D CarrierConfigLoader: mHandler: 9 phoneId: 0
11-03 11:31:53.278  7100  7121 I chatty  : uid=10013(com.google.android.gms) lowpool[2] expire 8 lines
11-03 11:31:53.282   867   867 V NotificationService: pkg=com.android.vending canInterrupt=false intercept=true
11-03 11:31:53.303  4520  8018 I chatty  : uid=10024(com.android.vending) expire 2 lines
11-03 11:31:53.450  7100  7100 I chatty  : uid=10013 com.google.android.gms.persistent expire 3 lines
11-03 11:31:53.675  6897  8025 I UpdateIcingCorporaServi: Updating corpora: APPS=com.google.android.apps.docs.editors.sheets, CONTACTS=MAYBE
11-03 11:31:53.711   867  3064 I BroadcastQueue: Delay finish: com.google.android.partnersetup/.AppInstalledReceiver
11-03 11:31:53.720   867  5136 I BroadcastQueue: Resuming delayed broadcast
11-03 11:31:53.727   867  4011 I BroadcastQueue: Delay finish: com.android.musicfx/.Compatibility$Receiver
11-03 11:31:53.753   867  4019 I BroadcastQueue: Resuming delayed broadcast
11-03 11:31:53.766   867  4121 I BroadcastQueue: Delay finish: com.google.android.apps.photos/.backgroundsignin.BackgroundSignInBroadcastReceiver
11-03 11:31:53.788   867   878 I BroadcastQueue: Resuming delayed broadcast
11-03 11:31:53.794  7153  7163 I chatty  : uid=10013(com.google.android.gms) HeapTaskDaemon expire 1 line
11-03 11:31:53.839  7153  7161 I chatty  : uid=10013(com.google.android.gms) FinalizerDaemon expire 12 lines
11-03 11:31:53.927   867  7290 I ActivityManager: Start proc 8039:com.google.android.apps.docs.editors.sheets/u0a81 for broadcast com.google.android.apps.docs.editors.sheets/com.google.android.apps.docs.editors.shared.receivers.PackageReplacedReceiver
11-03 11:31:54.156  7153  8052 I chatty  : uid=10013(com.google.android.gms) expire 1 line
11-03 11:31:54.370  6897  8025 I UpdateIcingCorporaServi: UpdateCorporaTask done [took 695 ms] updated apps [took 695 ms] 
11-03 11:31:54.463  4520  4576 I chatty  : uid=10024(com.android.vending) PackageInstalle expire 1 line
11-03 11:31:54.598  8039  8060 I GAv4    : Google Analytics 8.4.87 is starting up. To enable debug logging on a device run:
11-03 11:31:54.598  8039  8060 I GAv4    :   adb shell setprop log.tag.GAv4 DEBUG
11-03 11:31:54.598  8039  8060 I GAv4    :   adb logcat -s GAv4
11-03 11:31:54.679  8039  8060 W GAv4    : AnalyticsReceiver is not registered or is disabled. Register the receiver for reliable dispatching on non-Google Play devices. See http://goo.gl/8Rd3yj for instructions.
11-03 11:31:54.687  8039  8060 W GAv4    : CampaignTrackingReceiver is not registered, not exported or is disabled. Installation campaign tracking is not possible. See http://goo.gl/8Rd3yj for instructions.
11-03 11:31:54.751  7153  7338 I chatty  : uid=10013(com.google.android.gms) expire 10 lines
11-03 11:31:54.776  8039  8063 W GAv4    : AnalyticsService not registered in the app manifest. Hits might not be delivered reliably. See http://goo.gl/8Rd3yj for instructions.
11-03 11:31:55.325  8039  8039 W InstanceID/Rpc: Found 10013
11-03 11:31:55.365  7100  7133 I chatty  : uid=10013 com.google.android.gms.persistent expire 1 line
11-03 11:31:55.386  7100  7117 I chatty  : uid=10013 com.google.android.gms.persistent expire 1 line
11-03 11:31:55.762   511   511 I         : free_cache(9525331) avail 24496115712
11-03 11:31:55.771  4520  4520 I chatty  : uid=10024(com.android.vending) expire 19 lines
11-03 11:31:55.873  4520  4577 I chatty  : uid=10024(com.android.vending) download-manage expire 1 line
11-03 11:31:55.919  3876  8082 D DownloadManager: [101] Starting
11-03 11:31:56.018   867   867 V NotificationService: pkg=com.android.providers.downloads canInterrupt=false intercept=true
11-03 11:31:56.056  3876  8082 D NetworkSecurityConfig: No Network Security Config specified, using platform default
11-03 11:31:56.105  3162  3162 W View    : requestLayout() improperly called by com.android.systemui.statusbar.NotificationOverflowIconsView{1a56c78 V.E...... ......ID 158,58-1040,58 #7f12023f app:id/overflow_icons_view} during layout: running second layout pass
11-03 11:31:56.106  3162  3162 W View    : requestLayout() improperly called by StatusBarIconView(slot= icon=StatusBarIcon(icon=Icon(typ=RESOURCE pkg=com.android.vending id=0x7f02027e) visible user=0 ) notification=Notification(pri=-1 contentView=null vibrate=null sound=null tick defaults=0x0 flags=0x110 color=0xff689f38 category=status vis=PRIVATE)) during layout: running second layout pass
11-03 11:31:56.106  3162  3162 W View    : requestLayout() improperly called by com.android.systemui.statusbar.NotificationOverflowContainer{e7b701d VFE...C.. ......ID 0,0-1080,116} during layout: running second layout pass
11-03 11:31:56.313  8039  8074 D NetworkSecurityConfig: No Network Security Config specified, using platform default
11-03 11:31:56.564   867   867 V NotificationService: pkg=com.android.providers.downloads canInterrupt=false intercept=true
11-03 11:31:56.655   867   867 V NotificationService: pkg=com.android.providers.downloads canInterrupt=false intercept=true
11-03 11:31:57.283  6897  6897 I GrammarCompilationSvcCt: #startService for null, APP_NAMES.
11-03 11:31:57.892  8039  8058 W linker  : /data/app/com.google.android.gms-1/lib/arm64/libgmscore.so: unused DT entry: type 0x7ffffffd arg 0x885
11-03 11:31:57.910  8039  8058 W linker  : /data/app/com.google.android.gms-1/lib/arm64/libconscrypt_gmscore_jni.so: unused DT entry: type 0x7ffffffd arg 0x169
11-03 11:31:57.911  8039  8058 V JNIHelp : Registering com/google/android/gms/org/conscrypt/NativeCrypto's 235 native methods...
11-03 11:31:58.034  8039  8058 I ProviderInstaller: Installed default security provider GmsCore_OpenSSL
11-03 11:31:58.428  3876  8082 D DownloadManager: [101] Finished with status SUCCESS
11-03 11:31:58.510   511   511 I         : free_cache(0) avail 24486588416
11-03 11:31:58.539   511   511 I         : free_cache(17680901) avail 24486588416
11-03 11:32:01.608   867   867 V NotificationService: pkg=com.android.vending canInterrupt=false intercept=true
11-03 11:32:01.628  3876  4617 V DownloadManager: Deleting /data/data/com.android.providers.downloads/cache/downloadfile.bin via provider delete
11-03 11:32:01.670  3162  3162 W View    : requestLayout() improperly called by com.android.systemui.statusbar.NotificationOverflowIconsView{1a56c78 V.E...... ......ID 158,58-1040,58 #7f12023f app:id/overflow_icons_view} during layout: running second layout pass
11-03 11:32:01.671  3162  3162 W View    : requestLayout() improperly called by StatusBarIconView(slot= icon=StatusBarIcon(icon=Icon(typ=RESOURCE pkg=com.android.vending id=0x7f02027e) visible user=0 ) notification=Notification(pri=-1 contentView=null vibrate=null sound=null tick defaults=0x0 flags=0x110 color=0xff689f38 category=status vis=PRIVATE)) during layout: running second layout pass
11-03 11:32:01.671  3162  3162 W View    : requestLayout() improperly called by com.android.systemui.statusbar.NotificationOverflowContainer{e7b701d VFE...C.. ......ID 0,0-1080,116} during layout: running second layout pass
11-03 11:32:01.759   867   892 I PackageManager.DexOptimizer: Running dexopt (dex2oat) on: /data/app/vmdl1034376492.tmp/base.apk pkg=com.google.android.apps.messaging isa=arm64 vmSafeMode=false debuggable=false target-filter=interpret-only oatDir = /data/app/vmdl1034376492.tmp/oat sharedLibraries=null
11-03 11:32:01.800  8094  8094 I dex2oat : /system/bin/dex2oat --compiler-filter=interpret-only -j4
11-03 11:32:02.717  8094  8098 W dex2oat : Before Android 4.1, method int android.support.v7.widget.ListViewCompat.lookForSelectablePosition(int, boolean) would have incorrectly overridden the package-private method in android.widget.ListView
11-03 11:32:04.427  8094  8094 I dex2oat : dex2oat took 2.627s (threads: 4) arena alloc=17KB (17728B) java alloc=14MB (15535376B) native alloc=11MB (11586032B) free=3MB (4011536B)
11-03 11:32:04.459   867   880 I ActivityManager: Force stopping com.google.android.apps.messaging appid=10066 user=-1: installPackageLI
11-03 11:32:04.473   867   892 W PackageManager: Trying to update system app code path from /data/app/com.google.android.apps.messaging-1 to /data/app/com.google.android.apps.messaging-2
11-03 11:32:04.474   867   892 W PackageManager: Code path for com.google.android.apps.messaging changing from /data/app/com.google.android.apps.messaging-1 to /data/app/com.google.android.apps.messaging-2
11-03 11:32:04.474   867   892 W PackageManager: Resource path for com.google.android.apps.messaging changing from /data/app/com.google.android.apps.messaging-1 to /data/app/com.google.android.apps.messaging-2
11-03 11:32:04.593   867   892 W PackageManager: Unknown permission com.sec.android.provider.badge.permission.READ in package com.google.android.apps.messaging
11-03 11:32:04.593   867   892 W PackageManager: Unknown permission com.sec.android.provider.badge.permission.WRITE in package com.google.android.apps.messaging
11-03 11:32:04.593   867   892 W PackageManager: Unknown permission com.htc.launcher.permission.READ_SETTINGS in package com.google.android.apps.messaging
11-03 11:32:04.593   867   892 W PackageManager: Unknown permission com.htc.launcher.permission.UPDATE_SHORTCUT in package com.google.android.apps.messaging
11-03 11:32:04.593   867   892 W PackageManager: Unknown permission com.sonyericsson.home.permission.BROADCAST_BADGE in package com.google.android.apps.messaging
11-03 11:32:04.593   867   892 W PackageManager: Unknown permission com.sonymobile.home.permission.PROVIDER_INSERT_BADGE in package com.google.android.apps.messaging
11-03 11:32:04.593   867   892 W PackageManager: Unknown permission com.anddoes.launcher.permission.UPDATE_COUNT in package com.google.android.apps.messaging
11-03 11:32:04.593   867   892 W PackageManager: Unknown permission com.majeur.launcher.permission.UPDATE_BADGE in package com.google.android.apps.messaging
11-03 11:32:04.593   867   892 W PackageManager: Unknown permission com.huawei.android.launcher.permission.CHANGE_BADGE in package com.google.android.apps.messaging
11-03 11:32:04.593   867   892 W PackageManager: Unknown permission com.huawei.android.launcher.permission.READ_SETTINGS in package com.google.android.apps.messaging
11-03 11:32:04.593   867   892 W PackageManager: Unknown permission com.huawei.android.launcher.permission.WRITE_SETTINGS in package com.google.android.apps.messaging
11-03 11:32:04.708   511   511 W cutils  : Expected path /data/data/com.google.android.apps.messaging with mode 700 but found 751
11-03 11:32:04.724   867   892 I art     : Starting a blocking GC Explicit
11-03 11:32:04.843   867   892 I art     : Explicit concurrent mark sweep GC freed 50898(2MB) AllocSpace objects, 8(208KB) LOS objects, 33% free, 18MB/27MB, paused 1.860ms total 118.306ms
11-03 11:32:04.867   511   511 E         : Couldn't opendir /data/app/vmdl1034376492.tmp: No such file or directory
11-03 11:32:04.869   867   892 I ActivityManager: Force stopping com.google.android.apps.messaging appid=10066 user=0: pkg removed
11-03 11:32:04.886  3142  3142 D BluetoothMapAppObserver: onReceive
11-03 11:32:04.886  3142  3142 D BluetoothMapAppObserver: The removed package is: com.google.android.apps.messaging
11-03 11:32:04.891   867  3007 I InputReader: Reconfiguring input devices.  changes=0x00000010
11-03 11:32:04.892  3142  3142 D BluetoothMapAppObserver: onReceive
11-03 11:32:04.892  3142  3142 D BluetoothMapAppObserver: The installed package is: com.google.android.apps.messaging
11-03 11:32:04.893   867  3007 I InputReader: Reconfiguring input devices.  changes=0x00000010
11-03 11:32:04.895   867  3007 I InputReader: Reconfiguring input devices.  changes=0x00000010
11-03 11:32:04.896  3142  3142 D BluetoothMapAppObserver: Found 0 application(s) with intent android.bluetooth.action.BLUETOOTH_MAP_PROVIDER
11-03 11:32:04.897  3142  3142 D BluetoothMapAppObserver: Found 0 application(s) with intent android.bluetooth.action.BLUETOOTH_MAP_IM_PROVIDER
11-03 11:32:04.900  6737  6737 W ContextImpl: Calling a method in the system process without a qualified user: android.app.ContextImpl.startService:1385 android.content.ContextWrapper.startService:613 android.content.ContextWrapper.startService:613 com.android.keychain.KeyChainBroadcastReceiver.onReceive:12 android.app.ActivityThread.handleReceiver:3011 
11-03 11:32:04.924   867   878 W ActivityManager: Permission Denial: Accessing service ComponentInfo{com.google.android.music/com.google.android.music.dial.DialMediaRouteProviderService} from pid=7683, uid=10076 that is not exported from uid 10060
11-03 11:32:04.942   867  3766 W ActivityManager: Permission Denial: Accessing service ComponentInfo{com.google.android.music/com.google.android.music.dial.DialMediaRouteProviderService} from pid=7683, uid=10076 that is not exported from uid 10060
11-03 11:32:04.947   867  3767 W ActivityManager: Permission Denial: Accessing service ComponentInfo{com.google.android.music/com.google.android.music.dial.DialMediaRouteProviderService} from pid=7683, uid=10076 that is not exported from uid 10060
11-03 11:32:04.995  3940  3940 D RegisteredNfcFServicesCache: Service unchanged, not updating
11-03 11:32:05.027  3341  3341 D CarrierSvcBindHelper: No carrier app for: 0
11-03 11:32:05.030  3341  3341 D CarrierSvcBindHelper: No carrier app for: 0
11-03 11:32:05.036  3341  3341 D CarrierConfigLoader: mHandler: 9 phoneId: 0
11-03 11:32:05.046   867   867 V NotificationService: pkg=com.android.vending canInterrupt=false intercept=true
11-03 11:32:05.377   867  5136 I BroadcastQueue: Delay finish: com.google.android.partnersetup/.AppInstalledReceiver
11-03 11:32:05.381   867  3496 I BroadcastQueue: Resuming delayed broadcast
11-03 11:32:05.388   867  7290 I BroadcastQueue: Delay finish: com.android.musicfx/.Compatibility$Receiver
11-03 11:32:05.393   867  5136 I BroadcastQueue: Resuming delayed broadcast
11-03 11:32:05.414  6897  8112 I UpdateIcingCorporaServi: Updating corpora: APPS=com.google.android.apps.messaging, CONTACTS=MAYBE
11-03 11:32:05.596   867  3065 I ActivityManager: Start proc 8119:com.google.android.apps.messaging/u0a66 for broadcast com.google.android.apps.messaging/.shared.receiver.BootAndPackageReplacedReceiver
11-03 11:32:05.753  7153  8132 I chatty  : uid=10013(com.google.android.gms) expire 1 line
11-03 11:32:05.770  8119  8119 I MultiDex: VM with version 2.1.0 has multidex support
11-03 11:32:05.770  8119  8119 I MultiDex: install
11-03 11:32:05.770  8119  8119 I MultiDex: VM has multidex support, MultiDex support library is disabled.
11-03 11:32:05.921  8119  8138 D Primes  : Package metric disabled.
11-03 11:32:05.933   867  4011 D CryptdConnector: SND -> {17 cryptfs getpwtype}
11-03 11:32:05.934   365   372 D VoldCryptCmdListener: cryptfs getpwtype
11-03 11:32:05.937   867  3011 D CryptdConnector: RCV <- {213 17 default}
11-03 11:32:05.996  8119  8119 I BugleDatabase: Database upgrade started from version 9030 to 10023
11-03 11:32:06.010  8119  8119 I BugleDatabase: Upgraded database to version 10000
11-03 11:32:06.011  8119  8119 I BugleDatabase: Upgraded database to version 10002
11-03 11:32:06.013  8119  8119 I BugleDatabase: Upgraded database to version 10004
11-03 11:32:06.015  8119  8119 I BugleDatabase: Upgraded database to version 10005
11-03 11:32:06.016  8119  8119 I BugleDatabase: Upgraded database to version 10006
11-03 11:32:06.023  8119  8119 I BugleDatabase: Upgraded database to version 10007
11-03 11:32:06.024  8119  8119 I BugleDatabase: Upgraded database to version 10008
11-03 11:32:06.026  8119  8119 I BugleDatabase: Upgraded database to version 10012
11-03 11:32:06.027  8119  8119 I BugleDatabase: Upgraded database to version 10013
11-03 11:32:06.043  4520  4576 I chatty  : uid=10024(com.android.vending) PackageInstalle expire 1 line
11-03 11:32:06.046  8119  8119 I BugleDatabase: Upgraded database to version 10014
11-03 11:32:06.048  8119  8119 I BugleDatabase: Upgraded database to version 10015
11-03 11:32:06.049  8119  8119 I BugleDatabase: Upgraded database to version 10016
11-03 11:32:06.052  8119  8119 I BugleDatabase: Upgraded database to version 10017
11-03 11:32:06.058  8119  8119 I BugleDatabase: Upgraded database to version 10018
11-03 11:32:06.058  8119  8119 I BugleDatabase: Upgraded database to version 10019
11-03 11:32:06.061  8119  8119 I BugleDatabase: Upgraded database to version 10020
11-03 11:32:06.078  8119  8119 I BugleDatabase: Upgraded database to version 10021
11-03 11:32:06.079  8119  8119 I BugleDatabase: Upgraded database to version 10022
11-03 11:32:06.080  8119  8119 I BugleDatabase: Upgraded database to version 10023
11-03 11:32:06.101  8119  8119 I BugleDatabase: Finished database upgrade
11-03 11:32:06.169  8119  8119 I BugleRcs: updating RCS availability
11-03 11:32:06.181   867  4019 I ActivityManager: Start proc 8145:com.google.android.apps.messaging:rcs/u0a66 for service com.google.android.apps.messaging/com.google.android.rcs.service.service.JibeService
11-03 11:32:06.236  8119  8119 W Bugle   : Factory.getPhoneUtils: invalid subId = -1
11-03 11:32:06.249  8119  8119 W Bugle   : Factory.getPhoneUtils: invalid subId = -1
11-03 11:32:06.275  8119  8119 W Bugle   : Factory.getPhoneUtils: invalid subId = -1
11-03 11:32:06.296  8145  8145 I MultiDex: VM with version 2.1.0 has multidex support
11-03 11:32:06.296  8145  8145 I MultiDex: install
11-03 11:32:06.296  8145  8145 I MultiDex: VM has multidex support, MultiDex support library is disabled.
11-03 11:32:06.310  8145  8145 D RcsService: onCreate: starting service
11-03 11:32:06.328  8119  8161 W Bugle   : Factory.getPhoneUtils: invalid subId = -1
11-03 11:32:06.339  8119  8119 I Bugle   : Carrier config changed. Reloading MMS config.
11-03 11:32:06.340  8119  8136 W Bugle   : Factory.getPhoneUtils: invalid subId = -1
11-03 11:32:06.380  8119  8163 I BugleDataModel: Fixup: Send failed - 0 Download failed - 0
11-03 11:32:06.388  8119  8167 W Bugle   : Factory.getPhoneUtils: invalid subId = -1
11-03 11:32:06.388  8119  8166 W Bugle   : Factory.getPhoneUtils: invalid subId = -1
11-03 11:32:06.415  8145  8145 V RcsService: Device info: LGE Nexus 5X bullhead  //  google bullhead
11-03 11:32:06.421  8145  8145 V RcsService: Running Android 7.0, API level 24, REL 3239497
11-03 11:32:06.423  8119  8163 W Bugle   : Factory.getPhoneUtils: invalid subId = -1
11-03 11:32:06.466  8145  8145 D RcsStack: a: Start listening for network changes
11-03 11:32:06.470  8119  8167 W Bugle   : Factory.getPhoneUtils: invalid subId = -1
11-03 11:32:06.471  8119  8167 E Bugle   : Get mms config failed: invalid subId. subId=-1, real subId=-1, map=[]
11-03 11:32:06.474  8119  8167 W Bugle   : Factory.getPhoneUtils: invalid subId = -1
11-03 11:32:06.476  8119  8167 W Bugle   : Factory.getPhoneUtils: invalid subId = -1
11-03 11:32:06.498  8119  8163 I BugleDataModel: ProcessPendingMessagesAction: process from ProcessPendingMessagesAction due to scheduled processing with 0 earliest sending messages and 0 earliest downloading messages
11-03 11:32:06.500  8119  8167 W Bugle   : PhoneUtils.getSelfRawNumber: subInfo is null for -1
11-03 11:32:06.502  8119  8167 W Bugle   : Factory.getPhoneUtils: invalid subId = -1
11-03 11:32:06.538  8119  8163 W Bugle   : Factory.getPhoneUtils: invalid subId = -1
11-03 11:32:06.539  8145  8145 W Bugle   : Factory.getPhoneUtils: invalid subId = -1
11-03 11:32:06.569  8145  8145 V RcsProvisioning: No legacy config file found, migration not necessary
11-03 11:32:06.570  8145  8145 W Bugle   : Factory.getPhoneUtils: invalid subId = -1
11-03 11:32:06.622  8145  8145 W RcsProvisioning: Failed to read configuration: /data/user/0/com.google.android.apps.messaging/files/rcsconfig (No such file or directory)
11-03 11:32:06.631  8145  8145 D RcsProvisioning: Retrieving backup token
11-03 11:32:06.642  8145  8145 W Bugle   : Factory.getPhoneUtils: invalid subId = -1
11-03 11:32:06.670  8119  8175 W Bugle   : Factory.getPhoneUtils: invalid subId = -1
11-03 11:32:06.673  8119  8175 W Bugle   : Factory.getPhoneUtils: invalid subId = -1
11-03 11:32:06.676  8119  8175 W Bugle   : Factory.getPhoneUtils: invalid subId = -1
11-03 11:32:06.680  8119  8175 W Bugle   : Factory.getPhoneUtils: invalid subId = -1
11-03 11:32:06.684  8119  8175 W Bugle   : Factory.getPhoneUtils: invalid subId = -1
11-03 11:32:06.698  8119  8161 I Bugle   : ApnsOta: OTA version -1
11-03 11:32:06.709  8119  8161 W Bugle   : Factory.getPhoneUtils: invalid subId = -1
11-03 11:32:06.745  8119  8161 W Bugle   : Factory.getPhoneUtils: invalid subId = -1
11-03 11:32:06.786  8145  8145 D RcsProvisioning: No backup token found
11-03 11:32:06.790  8145  8145 D RcsService: RcsEngine: Constructor
11-03 11:32:06.809  8145  8145 W Bugle   : Factory.getPhoneUtils: invalid subId = -1
11-03 11:32:06.813  8145  8145 W Bugle   : Factory.getPhoneUtils: invalid subId = -1
11-03 11:32:06.824  8145  8145 W Bugle   : Factory.getPhoneUtils: invalid subId = -1
11-03 11:32:06.825  8145  8145 W RcsProvisioning: No config URL. RCS will be disabled!
11-03 11:32:06.837  8145  8145 D RcsService: Never provisioned and consent not granted, skipped config update request
11-03 11:32:06.910  8145  8145 D RcsStack: a: Scheduling task "Thread-2" for execution in 86400s
11-03 11:32:06.914  8145  8145 D RcsStack: a: Cancelling task Thread-2
11-03 11:32:06.915  8145  8145 D RcsStack: a: Scheduling task "Thread-3" for execution in 86400s
11-03 11:32:06.924  8145  8145 D RcsService: onBind in state STARTED, intent action = com.google.android.rcs.client.signup.ISignup
11-03 11:32:06.928  8119  8158 I BugleRcs: RCS signup service signed up: false
11-03 11:32:06.931  8119  8158 W Bugle   : Factory.getPhoneUtils: invalid subId = -1
11-03 11:32:06.931  8145  8145 D RcsService: onBind in state STARTED, intent action = com.google.android.rcs.client.ims.IImsConnectionTracker
11-03 11:32:06.935  8145  8145 D com.google.android.rcs.service.receiver.AutoStartReceiver: My package replaced... starting JibeService 
11-03 11:32:06.939  8145  8145 W Bugle   : Factory.getPhoneUtils: invalid subId = -1
11-03 11:32:06.946  8145  8145 W Bugle   : Factory.getPhoneUtils: invalid subId = -1
11-03 11:32:06.947  8145  8145 W Bugle   : PhoneUtils.getSelfRawNumber: subInfo is null for -1
11-03 11:32:06.948  8145  8145 D RcsProvisioning: Last known [IMSI: null, MSISDN: null], New [IMSI: null, MSISDN: ]
11-03 11:32:06.948  8145  8145 D RcsProvisioning: Invalid SIM, no SIM inserted or in airplane mode. Assuming no change. New [IMSI: null, MSISDN: ]
11-03 11:32:06.957  8145  8145 V RcsService: SIM presence changed. Has SIM: false
11-03 11:32:06.964  8119  8158 W Bugle   : Factory.getPhoneUtils: invalid subId = -1
11-03 11:32:06.970  8145  8173 D RcsStack: a: processConnectivityIntent(): mNetworkInfo=[type: WIFI[], state: CONNECTED/CONNECTED, reason: (unspecified), extra: "TP-LINK_DED9CC", failover: false, available: true, roaming: false, metered: false] isConnected=true mState=CONNECTED
11-03 11:32:06.971  8145  8145 D RcsService: Never provisioned and consent not granted, skipped config update request
11-03 11:32:06.978  7100  7122 I chatty  : uid=10013(com.google.android.gms) netscheduler-qu expire 2 lines
11-03 11:32:06.998  8145  8145 D RcsService: onUnbind(), intent=Intent { act=com.google.android.rcs.client.signup.ISignup cmp=com.google.android.apps.messaging/com.google.android.rcs.service.service.JibeService }
11-03 11:32:07.001  8145  8145 D RcsService: onUnbind(), intent=Intent { act=com.google.android.rcs.client.ims.IImsConnectionTracker cmp=com.google.android.apps.messaging/com.google.android.rcs.service.service.JibeService }
11-03 11:32:07.001  8119  8119 I BugleRcs: RcsAvailability updated: RCS is disabled for this carrier by Google
11-03 11:32:07.005  8145  8145 D RcsService: Received broadcast of intent rcs.intent.action.disableRcs
11-03 11:32:07.006  8145  8145 D RcsService: Disabling RCS connectivity setting
11-03 11:32:07.083  7153  8183 I chatty  : uid=10013(com.google.android.gms) expire 1 line
11-03 11:32:07.167  6897  8112 I UpdateIcingCorporaServi: UpdateCorporaTask done [took 1754 ms] updated apps [took 1754 ms] 
11-03 11:32:07.213  7153  8184 I chatty  : uid=10013(com.google.android.gms) expire 16 lines
11-03 11:32:07.818  7153  8184 E ActivityThread: Failed to find provider info for com.google.android.wearable.settings
11-03 11:32:07.987   515  5296 D WVCdm   : Instantiating CDM.
11-03 11:32:07.988   515   515 I WVCdm   : CdmEngine::OpenSession
11-03 11:32:07.988   515   515 I WVCdm   : Level3 Library 4445 Mar 30 2016 13:23:54
11-03 11:32:08.003   515   515 W WVCdm   : Could not read /data/mediadrm/IDM1013/ay64.dat2: No such file or directory
11-03 11:32:08.011   515   515 D DrmWidevineDash: OEMCrypto_Initialize: starts! g_qsee_apps_version = 0x32
11-03 11:32:08.012   515   515 D DrmWidevineDash: Service_Initialize: starts!
11-03 11:32:08.012   515   515 D QSEECOMAPI: : QSEECom_get_handle sb_length = 0x19000
11-03 11:32:08.012   515   515 D QSEECOMAPI: : App is not loaded in QSEE
11-03 11:32:08.028  7314  7319 I chatty  : uid=10013 com.google.android.gms.unstable expire 3 lines
11-03 11:32:08.057   515   515 D QSEECOMAPI: : Loaded image: APP id = 11
11-03 11:32:08.059   515   515 D DrmWidevineDash: Service_Initialize: ends! returns 0
11-03 11:32:08.059   515   515 D DrmWidevineDash: Service_Initialize: function time: 47ms (0s 47711307ns)
11-03 11:32:08.060   515   515 D QSAPPSVER: qsapps_get_capabilities: Capability from secure side: 0x0
11-03 11:32:08.060   515   515 D QSAPPSVER: qsapps_get_capabilities: returns 0
11-03 11:32:08.060   515   515 D DrmWidevineDash: OEMCrypto_Initialize sion_buffer g_wv_fhandle->ion_sbuffer  0x0xef4cb000
11-03 11:32:08.060   515   515 E DrmWidevineDash: sion_buffer g_wv_fhandle->ion_sbuffer  0x0xef4cb000
11-03 11:32:08.063   355   358 D DrmLibTime: got the req here! ret=0
11-03 11:32:08.063   355   358 D DrmLibTime: command id, time_cmd_id = 770
11-03 11:32:08.063   355   358 D DrmLibTime: time_getutcsec starts!
11-03 11:32:08.063   355   358 D DrmLibTime: QSEE Time Listener: time_getutcsec
11-03 11:32:08.063   355   358 D DrmLibTime: QSEE Time Listener: get_utc_seconds
11-03 11:32:08.063   355   358 D DrmLibTime: QSEE Time Listener: time_get_modem_time
11-03 11:32:08.063   355   358 D DrmLibTime: QSEE Time Listener: Checking if ATS_MODEM is set or not.
11-03 11:32:08.063   355   358 D QC-time-services: Lib:time_genoff_operation: pargs->base = 13
11-03 11:32:08.063   355   358 D QC-time-services: Lib:time_genoff_operation: pargs->operation = 2
11-03 11:32:08.063   355   358 D QC-time-services: Lib:time_genoff_operation: pargs->ts_val = 0
11-03 11:32:08.063   355   358 D QC-time-services: Lib:time_genoff_operation: Send to server  passed!!
11-03 11:32:08.063   522   550 D QC-time-services: Daemon: Connection accepted:time_genoff
11-03 11:32:08.064   522  8201 D QC-time-services: Daemon:Received base = 13, unit = 1, operation = 2,value = 0
11-03 11:32:08.064   522  8201 D QC-time-services: Daemon:genoff_opr: Base = 13, val = 0, operation = 2
11-03 11:32:08.064   522  8201 D QC-time-services: offset is: 0 for base: 13
11-03 11:32:08.064   355   358 E QC-time-services: Receive Passed == base = 13, unit = 1, operation = 2, result = 0
11-03 11:32:08.064   355   358 D DrmLibTime: QSEE Time Listener: ATS_MODEM is not set. Fallback to Android system time.
11-03 11:32:08.064   355   358 D DrmLibTime: QSEE Time Listener: Retrieved Android system time: 1478169128
11-03 11:32:08.064   355   358 D DrmLibTime: time_getutcsec returns 0, sec = 1478169128; nsec = 0
11-03 11:32:08.064   355   358 D DrmLibTime: time_getutcsec finished! 
11-03 11:32:08.064   355   358 D DrmLibTime: iotcl_continue_command finished! and return 0 
11-03 11:32:08.064   355   358 D DrmLibTime: before calling ioctl to read the next time_cmd
11-03 11:32:08.064   522   550 E QC-time-services: Daemon: Time-services: Waiting to acceptconnection
11-03 11:32:08.073   515   515 D DrmWidevineDash: OEMCrypto_ION_Malloc: function time: 7ms (0s 7815105ns)
11-03 11:32:08.073   515   515 D DrmWidevineDash: OEMCrypto_Initialize: ends! returns 0
11-03 11:32:08.073   515   515 D DrmWidevineDash: _oecc01: function time: 61ms (0s 61575631ns)
11-03 11:32:08.073   515   515 D DrmWidevineDash: OEMCrypto_APIVersion: starts!
11-03 11:32:08.073   515   515 D DrmWidevineDash: hlos api version =  11
11-03 11:32:08.074   515   515 D DrmWidevineDash: tz api version =  11
11-03 11:32:08.074   515   515 D DrmWidevineDash: OEMCrypto_APIVersion: ends! returns version 11
11-03 11:32:08.074   515   515 D DrmWidevineDash: _oecc22: function time: 0ms (0s 480938ns)
11-03 11:32:08.074   515   515 D DrmWidevineDash: OEMCrypto_IsKeyboxValid: starts!
11-03 11:32:08.096   515   515 D DrmWidevineDash: OEMCrypto_IsKeyboxValid: ends! returns 0
11-03 11:32:08.096   515   515 D DrmWidevineDash: _oecc05: function time: 21ms (0s 21984638ns)
11-03 11:32:08.096   515   515 D WVCdm   : OEMCrypto_Initialize Level 1 success. I will use level 1.
11-03 11:32:08.096   515   515 D DrmWidevineDash: OEMCrypto_OpenSession: starts! SID=0xffe0d5a4
11-03 11:32:08.096   515   515 D DrmWidevineDash: OEMCrypto_OpenSession Session ID = 0
11-03 11:32:08.096   515   515 D DrmWidevineDash: OEMCrypto_OpenSession SID = 1
11-03 11:32:08.096   515   515 D DrmWidevineDash: OEMCrypto_OpenSession: ends! returns 0
11-03 11:32:08.096   515   515 D DrmWidevineDash: _oecc09: function time: 0ms (0s 630885ns)
11-03 11:32:08.097   515   515 D DrmWidevineDash: _oecc06: function time: 0ms (0s 579948ns)
11-03 11:32:08.098   515   515 D DrmWidevineDash: OEMCrypto_LoadDeviceRSAKey: starts! SID=1, wrapped_rsa_key=0xedfe1c00, wrapped_rsa_key_length=1280
11-03 11:32:08.101   515   515 D DrmWidevineDash: OEMCrypto_LoadDeviceRSAKey: ends! returns 0
11-03 11:32:08.101   515   515 D DrmWidevineDash: _oecc19: function time: 3ms (0s 3009062ns)
11-03 11:32:08.102   515   515 D DrmWidevineDash: _oecc06: function time: 0ms (0s 657396ns)
11-03 11:32:08.102   515   515 I WVCdm   : CdmEngine::QueryKeyControlInfo
11-03 11:32:08.111   515  5297 I WVCdm   : CdmEngine::GenerateKeyRequest
11-03 11:32:08.111   515  5297 D DrmWidevineDash: OEMCrypto_GetDeviceID: starts! deviceID=0xedc0c120, idLength=0xee1051d4
11-03 11:32:08.130   515  5297 D DrmWidevineDash: OEMCrypto_GetDeviceID: ends! returns 0
11-03 11:32:08.130   515  5297 D DrmWidevineDash: _oecc07: function time: 19ms (0s 19118960ns)
11-03 11:32:08.130   515  5297 D DrmWidevineDash: OEMCrypto_Security_Patch_Level: starts!
11-03 11:32:08.131   515  5297 E DrmWidevineDash: tz api security patch level =  0
11-03 11:32:08.131   515  5297 D DrmWidevineDash: OEMCrypto_Security_Patch_Level: ends! returns level 0
11-03 11:32:08.131   515  5297 D DrmWidevineDash: _oecc46: function time: 0ms (0s 497552ns)
11-03 11:32:08.131   515  5297 D DrmWidevineDash: OEMCrypto_SupportsUsageTable: starts!
11-03 11:32:08.131   515  5297 D DrmWidevineDash: OEMCrypto_SupportsUsageTable: is_supported = 1
11-03 11:32:08.131   515  5297 D DrmWidevineDash: OEMCrypto_SupportsUsageTable: wv_app_version =0x34
11-03 11:32:08.131   515  5297 D DrmWidevineDash: OEMCrypto_SupportsUsageTable: ends! returns 0
11-03 11:32:08.131   515  5297 D DrmWidevineDash: _oecc29: function time: 0ms (0s 436302ns)
11-03 11:32:08.131   515  5297 D DrmWidevineDash: OEMCrypto_IsAntiRollbackHwPresent: starts!
11-03 11:32:08.132   515  5297 D DrmWidevineDash: OEMCrypto_IsAntiRollbackHwPresent ends! ret=0, is_antirb_enabled = 1
11-03 11:32:08.132   515  5297 D DrmWidevineDash: _oecc39: function time: 0ms (0s 370729ns)
11-03 11:32:08.132   515  5297 D DrmWidevineDash: OEMCrypto_APIVersion: starts!
11-03 11:32:08.132   515  5297 D DrmWidevineDash: hlos api version =  11
11-03 11:32:08.132   515  5297 D DrmWidevineDash: tz api version =  11
11-03 11:32:08.132   515  5297 D DrmWidevineDash: OEMCrypto_APIVersion: ends! returns version 11
11-03 11:32:08.132   515  5297 D DrmWidevineDash: _oecc22: function time: 0ms (0s 805729ns)
11-03 11:32:08.132   515  5297 D DrmWidevineDash: OEMCrypto_GetHDCPCapability starts!
11-03 11:32:08.133   515  5297 D DrmWidevineDash: OEMCrypto_GetHDCPCapability current=255, max=4
11-03 11:32:08.133   515  5297 D DrmWidevineDash: OEMCrypto_GetHDCPCapability ends! ret = 0
11-03 11:32:08.133   515  5297 D DrmWidevineDash: _oecc44: function time: 0ms (0s 412188ns)
11-03 11:32:08.133   515  5297 D DrmWidevineDash: OEMCrypto_GenerateNonce: starts! SID=1, nonce=0xee1053bc
11-03 11:32:08.133   515  5297 D DrmWidevineDash: OEMCrypto_GenerateNonce: ends! returns 0
11-03 11:32:08.133   515  5297 D DrmWidevineDash: _oecc14: function time: 0ms (0s 418490ns)
11-03 11:32:08.133   515  5297 D WVCdm   : PrepareKeyRequest: nonce=1584382503
11-03 11:32:08.133   515  5297 D DrmWidevineDash: OEMCrypto_GenerateRSASignature starts! SID=1, message=0xee3ae700
11-03 11:32:08.134   515  5297 D DrmWidevineDash: message_length=1666, signature=0xee3b5500, signature_length=0xee10535c
11-03 11:32:08.210   515  5297 D DrmWidevineDash: OEMCrypto_GenerateRSASignature returns 0
11-03 11:32:08.210   515  5297 D DrmWidevineDash: _oecc36: function time: 76ms (0s 76679539ns)
11-03 11:32:08.216   515  5296 I WVCdm   : CdmEngine::CloseSession
11-03 11:32:08.216   515  5296 D DrmWidevineDash: OEMCrypto_CloseSession: starts! SID=1
11-03 11:32:08.217   515  5296 D DrmWidevineDash: OEMCrypto_CloseSession: ends! returns 0
11-03 11:32:08.217   515  5296 D DrmWidevineDash: _oecc10: function time: 0ms (0s 689791ns)
11-03 11:32:08.217   515  5296 D DrmWidevineDash: OEMCrypto_Terminate: starts!
11-03 11:32:08.217   515  5296 D DrmWidevineDash: Service_Uninitialize: starts!
11-03 11:32:08.217   515  5296 D QSEECOMAPI: : QSEECom_dealloc_memory 
11-03 11:32:08.217   515  5296 D QSEECOMAPI: : QSEECom_shutdown_app, app_id = 11
11-03 11:32:08.218   515  5296 D DrmWidevineDash: Service_Uninitialize: ends! returns 0x0
11-03 11:32:08.218   515  5296 D DrmWidevineDash: Service_Uninitialize: function time: 0ms (0s 519167ns)
11-03 11:32:08.218   515  5296 D DrmWidevineDash: OEMCrypto_ION_Free: function time: 0ms (0s 370156ns)
11-03 11:32:08.218   515  5296 D DrmWidevineDash: OEMCrypto_Terminate: ends! returns 0
11-03 11:32:08.218   515  5296 D DrmWidevineDash: _oecc02: function time: 1ms (0s 1406979ns)
11-03 11:32:08.254  7314  7325 I chatty  : uid=10013 com.google.android.gms.unstable expire 2 lines
11-03 11:32:08.464   515   622 I WVCdm   : CdmEngine::OpenSession
11-03 11:32:08.464   515   622 I WVCdm   : Level3 Library 4445 Mar 30 2016 13:23:54
11-03 11:32:08.469   515   622 W WVCdm   : Could not read /data/mediadrm/IDM1013/ay64.dat2: No such file or directory
11-03 11:32:08.471   515   622 D DrmWidevineDash: OEMCrypto_Initialize: starts! g_qsee_apps_version = 0x32
11-03 11:32:08.471   515   622 D DrmWidevineDash: Service_Initialize: starts!
11-03 11:32:08.471   515   622 D QSEECOMAPI: : QSEECom_get_handle sb_length = 0x19000
11-03 11:32:08.471   515   622 D QSEECOMAPI: : App is not loaded in QSEE
11-03 11:32:08.525   515   622 D QSEECOMAPI: : Loaded image: APP id = 12
11-03 11:32:08.527   515   622 D DrmWidevineDash: Service_Initialize: ends! returns 0
11-03 11:32:08.527   515   622 D DrmWidevineDash: Service_Initialize: function time: 56ms (0s 56285214ns)
11-03 11:32:08.528   515   622 D QSAPPSVER: qsapps_get_capabilities: Capability from secure side: 0x0
11-03 11:32:08.528   515   622 D QSAPPSVER: qsapps_get_capabilities: returns 0
11-03 11:32:08.528   515   622 D DrmWidevineDash: OEMCrypto_Initialize sion_buffer g_wv_fhandle->ion_sbuffer  0x0xef4cb000
11-03 11:32:08.528   515   622 E DrmWidevineDash: sion_buffer g_wv_fhandle->ion_sbuffer  0x0xef4cb000
11-03 11:32:08.531   355   358 D DrmLibTime: got the req here! ret=0
11-03 11:32:08.531   355   358 D DrmLibTime: command id, time_cmd_id = 770
11-03 11:32:08.531   355   358 D DrmLibTime: time_getutcsec starts!
11-03 11:32:08.531   355   358 D DrmLibTime: QSEE Time Listener: time_getutcsec
11-03 11:32:08.531   355   358 D DrmLibTime: QSEE Time Listener: get_utc_seconds
11-03 11:32:08.531   355   358 D DrmLibTime: QSEE Time Listener: time_get_modem_time
11-03 11:32:08.531   355   358 D DrmLibTime: QSEE Time Listener: Checking if ATS_MODEM is set or not.
11-03 11:32:08.531   355   358 D QC-time-services: Lib:time_genoff_operation: pargs->base = 13
11-03 11:32:08.531   355   358 D QC-time-services: Lib:time_genoff_operation: pargs->operation = 2
11-03 11:32:08.531   355   358 D QC-time-services: Lib:time_genoff_operation: pargs->ts_val = 0
11-03 11:32:08.532   355   358 D QC-time-services: Lib:time_genoff_operation: Send to server  passed!!
11-03 11:32:08.532   522   550 D QC-time-services: Daemon: Connection accepted:time_genoff
11-03 11:32:08.532   522  8205 D QC-time-services: Daemon:Received base = 13, unit = 1, operation = 2,value = 0
11-03 11:32:08.532   522  8205 D QC-time-services: Daemon:genoff_opr: Base = 13, val = 0, operation = 2
11-03 11:32:08.532   522  8205 D QC-time-services: offset is: 0 for base: 13
11-03 11:32:08.532   355   358 E QC-time-services: Receive Passed == base = 13, unit = 1, operation = 2, result = 0
11-03 11:32:08.532   355   358 D DrmLibTime: QSEE Time Listener: ATS_MODEM is not set. Fallback to Android system time.
11-03 11:32:08.532   355   358 D DrmLibTime: QSEE Time Listener: Retrieved Android system time: 1478169128
11-03 11:32:08.532   355   358 D DrmLibTime: time_getutcsec returns 0, sec = 1478169128; nsec = 0
11-03 11:32:08.532   355   358 D DrmLibTime: time_getutcsec finished! 
11-03 11:32:08.532   355   358 D DrmLibTime: iotcl_continue_command finished! and return 0 
11-03 11:32:08.532   355   358 D DrmLibTime: before calling ioctl to read the next time_cmd
11-03 11:32:08.533   522   550 E QC-time-services: Daemon: Time-services: Waiting to acceptconnection
11-03 11:32:08.540   515   622 D DrmWidevineDash: OEMCrypto_ION_Malloc: function time: 6ms (0s 6172917ns)
11-03 11:32:08.540   515   622 D DrmWidevineDash: OEMCrypto_Initialize: ends! returns 0
11-03 11:32:08.540   515   622 D DrmWidevineDash: _oecc01: function time: 69ms (0s 69604226ns)
11-03 11:32:08.540   515   622 D DrmWidevineDash: OEMCrypto_APIVersion: starts!
11-03 11:32:08.541   515   622 D DrmWidevineDash: hlos api version =  11
11-03 11:32:08.541   515   622 D DrmWidevineDash: tz api version =  11
11-03 11:32:08.541   515   622 D DrmWidevineDash: OEMCrypto_APIVersion: ends! returns version 11
11-03 11:32:08.541   515   622 D DrmWidevineDash: _oecc22: function time: 0ms (0s 556979ns)
11-03 11:32:08.541   515   622 D DrmWidevineDash: OEMCrypto_IsKeyboxValid: starts!
11-03 11:32:08.567   515   622 D DrmWidevineDash: OEMCrypto_IsKeyboxValid: ends! returns 0
11-03 11:32:08.567   515   622 D DrmWidevineDash: _oecc05: function time: 26ms (0s 26611565ns)
11-03 11:32:08.567   515   622 D WVCdm   : OEMCrypto_Initialize Level 1 success. I will use level 1.
11-03 11:32:08.568   515   622 D DrmWidevineDash: OEMCrypto_OpenSession: starts! SID=0xee5013ec
11-03 11:32:08.568   515   622 D DrmWidevineDash: OEMCrypto_OpenSession Session ID = 0
11-03 11:32:08.568   515   622 D DrmWidevineDash: OEMCrypto_OpenSession SID = 1
11-03 11:32:08.568   515   622 D DrmWidevineDash: OEMCrypto_OpenSession: ends! returns 0
11-03 11:32:08.568   515   622 D DrmWidevineDash: _oecc09: function time: 0ms (0s 597604ns)
11-03 11:32:08.569   515   622 D DrmWidevineDash: _oecc06: function time: 0ms (0s 721407ns)
11-03 11:32:08.569   515   622 D DrmWidevineDash: OEMCrypto_LoadDeviceRSAKey: starts! SID=1, wrapped_rsa_key=0xeded7000, wrapped_rsa_key_length=1280
11-03 11:32:08.572   515   622 D DrmWidevineDash: OEMCrypto_LoadDeviceRSAKey: ends! returns 0
11-03 11:32:08.572   515   622 D DrmWidevineDash: _oecc19: function time: 3ms (0s 3037604ns)
11-03 11:32:08.573   515   622 D DrmWidevineDash: _oecc06: function time: 0ms (0s 659688ns)
11-03 11:32:08.573   515   622 I WVCdm   : CdmEngine::QueryKeyControlInfo
11-03 11:32:08.578   515   622 I WVCdm   : CdmEngine::GenerateKeyRequest
11-03 11:32:08.578   515   622 D DrmWidevineDash: OEMCrypto_GetDeviceID: starts! deviceID=0xedc0c3a0, idLength=0xee5011d4
11-03 11:32:08.599   515   622 D DrmWidevineDash: OEMCrypto_GetDeviceID: ends! returns 0
11-03 11:32:08.599   515   622 D DrmWidevineDash: _oecc07: function time: 21ms (0s 21522398ns)
11-03 11:32:08.599   515   622 D DrmWidevineDash: OEMCrypto_Security_Patch_Level: starts!
11-03 11:32:08.600   515   622 E DrmWidevineDash: tz api security patch level =  0
11-03 11:32:08.600   515   622 D DrmWidevineDash: OEMCrypto_Security_Patch_Level: ends! returns level 0
11-03 11:32:08.600   515   622 D DrmWidevineDash: _oecc46: function time: 0ms (0s 651146ns)
11-03 11:32:08.600   515   622 D DrmWidevineDash: OEMCrypto_SupportsUsageTable: starts!
11-03 11:32:08.601   515   622 D DrmWidevineDash: OEMCrypto_SupportsUsageTable: is_supported = 1
11-03 11:32:08.601   515   622 D DrmWidevineDash: OEMCrypto_SupportsUsageTable: wv_app_version =0x34
11-03 11:32:08.601   515   622 D DrmWidevineDash: OEMCrypto_SupportsUsageTable: ends! returns 0
11-03 11:32:08.601   515   622 D DrmWidevineDash: _oecc29: function time: 0ms (0s 625416ns)
11-03 11:32:08.601   515   622 D DrmWidevineDash: OEMCrypto_IsAntiRollbackHwPresent: starts!
11-03 11:32:08.601   515   622 D DrmWidevineDash: OEMCrypto_IsAntiRollbackHwPresent ends! ret=0, is_antirb_enabled = 1
11-03 11:32:08.601   515   622 D DrmWidevineDash: _oecc39: function time: 0ms (0s 602188ns)
11-03 11:32:08.601   515   622 D DrmWidevineDash: OEMCrypto_APIVersion: starts!
11-03 11:32:08.602   515   622 D DrmWidevineDash: hlos api version =  11
11-03 11:32:08.602   515   622 D DrmWidevineDash: tz api version =  11
11-03 11:32:08.602   515   622 D DrmWidevineDash: OEMCrypto_APIVersion: ends! returns version 11
11-03 11:32:08.602   515   622 D DrmWidevineDash: _oecc22: function time: 0ms (0s 694844ns)
11-03 11:32:08.602   515   622 D DrmWidevineDash: OEMCrypto_GetHDCPCapability starts!
11-03 11:32:08.603   515   622 D DrmWidevineDash: OEMCrypto_GetHDCPCapability current=255, max=4
11-03 11:32:08.603   515   622 D DrmWidevineDash: OEMCrypto_GetHDCPCapability ends! ret = 0
